Archive member included to satisfy reference by file (symbol)

c:/program files (x86)/gnu tools arm embedded/7 2017-q4-major/bin/../lib/gcc/arm-none-eabi/7.2.1/../../../../arm-none-eabi/lib/thumb/v7e-m/fpv4-sp/hard\libc_nano.a(lib_a-errno.o)
                              build/syscalls.o (__errno)
c:/program files (x86)/gnu tools arm embedded/7 2017-q4-major/bin/../lib/gcc/arm-none-eabi/7.2.1/../../../../arm-none-eabi/lib/thumb/v7e-m/fpv4-sp/hard\libc_nano.a(lib_a-exit.o)
                              c:/program files (x86)/gnu tools arm embedded/7 2017-q4-major/bin/../lib/gcc/arm-none-eabi/7.2.1/../../../../arm-none-eabi/lib/thumb/v7e-m/fpv4-sp/hard/crt0.o (exit)
c:/program files (x86)/gnu tools arm embedded/7 2017-q4-major/bin/../lib/gcc/arm-none-eabi/7.2.1/../../../../arm-none-eabi/lib/thumb/v7e-m/fpv4-sp/hard\libc_nano.a(lib_a-impure.o)
                              c:/program files (x86)/gnu tools arm embedded/7 2017-q4-major/bin/../lib/gcc/arm-none-eabi/7.2.1/../../../../arm-none-eabi/lib/thumb/v7e-m/fpv4-sp/hard\libc_nano.a(lib_a-exit.o) (_global_impure_ptr)
c:/program files (x86)/gnu tools arm embedded/7 2017-q4-major/bin/../lib/gcc/arm-none-eabi/7.2.1/../../../../arm-none-eabi/lib/thumb/v7e-m/fpv4-sp/hard\libc_nano.a(lib_a-init.o)
                              c:/program files (x86)/gnu tools arm embedded/7 2017-q4-major/bin/../lib/gcc/arm-none-eabi/7.2.1/../../../../arm-none-eabi/lib/thumb/v7e-m/fpv4-sp/hard/crt0.o (__libc_init_array)
c:/program files (x86)/gnu tools arm embedded/7 2017-q4-major/bin/../lib/gcc/arm-none-eabi/7.2.1/../../../../arm-none-eabi/lib/thumb/v7e-m/fpv4-sp/hard\libc_nano.a(lib_a-memset.o)
                              c:/program files (x86)/gnu tools arm embedded/7 2017-q4-major/bin/../lib/gcc/arm-none-eabi/7.2.1/../../../../arm-none-eabi/lib/thumb/v7e-m/fpv4-sp/hard/crt0.o (memset)
c:/program files (x86)/gnu tools arm embedded/7 2017-q4-major/bin/../lib/gcc/arm-none-eabi/7.2.1/../../../../arm-none-eabi/lib/thumb/v7e-m/fpv4-sp/hard\libc_nano.a(lib_a-nano-vfprintf_float.o)
                              (_printf_float)
c:/program files (x86)/gnu tools arm embedded/7 2017-q4-major/bin/../lib/gcc/arm-none-eabi/7.2.1/../../../../arm-none-eabi/lib/thumb/v7e-m/fpv4-sp/hard\libc_nano.a(lib_a-nano-vfprintf_i.o)
                              c:/program files (x86)/gnu tools arm embedded/7 2017-q4-major/bin/../lib/gcc/arm-none-eabi/7.2.1/../../../../arm-none-eabi/lib/thumb/v7e-m/fpv4-sp/hard\libc_nano.a(lib_a-nano-vfprintf_float.o) (_printf_common)
c:/program files (x86)/gnu tools arm embedded/7 2017-q4-major/bin/../lib/gcc/arm-none-eabi/7.2.1/../../../../arm-none-eabi/lib/thumb/v7e-m/fpv4-sp/hard\libc_nano.a(lib_a-printf.o)
                              build/main.o (printf)
c:/program files (x86)/gnu tools arm embedded/7 2017-q4-major/bin/../lib/gcc/arm-none-eabi/7.2.1/../../../../arm-none-eabi/lib/thumb/v7e-m/fpv4-sp/hard\libc_nano.a(lib_a-setbuf.o)
                              build/main.o (setbuf)
c:/program files (x86)/gnu tools arm embedded/7 2017-q4-major/bin/../lib/gcc/arm-none-eabi/7.2.1/../../../../arm-none-eabi/lib/thumb/v7e-m/fpv4-sp/hard\libc_nano.a(lib_a-setvbuf.o)
                              c:/program files (x86)/gnu tools arm embedded/7 2017-q4-major/bin/../lib/gcc/arm-none-eabi/7.2.1/../../../../arm-none-eabi/lib/thumb/v7e-m/fpv4-sp/hard\libc_nano.a(lib_a-setbuf.o) (setvbuf)
c:/program files (x86)/gnu tools arm embedded/7 2017-q4-major/bin/../lib/gcc/arm-none-eabi/7.2.1/../../../../arm-none-eabi/lib/thumb/v7e-m/fpv4-sp/hard\libc_nano.a(lib_a-strlen.o)
                              c:/program files (x86)/gnu tools arm embedded/7 2017-q4-major/bin/../lib/gcc/arm-none-eabi/7.2.1/../../../../arm-none-eabi/lib/thumb/v7e-m/fpv4-sp/hard\libc_nano.a(lib_a-nano-vfprintf_float.o) (strlen)
c:/program files (x86)/gnu tools arm embedded/7 2017-q4-major/bin/../lib/gcc/arm-none-eabi/7.2.1/../../../../arm-none-eabi/lib/thumb/v7e-m/fpv4-sp/hard\libc_nano.a(lib_a-dtoa.o)
                              c:/program files (x86)/gnu tools arm embedded/7 2017-q4-major/bin/../lib/gcc/arm-none-eabi/7.2.1/../../../../arm-none-eabi/lib/thumb/v7e-m/fpv4-sp/hard\libc_nano.a(lib_a-nano-vfprintf_float.o) (_dtoa_r)
c:/program files (x86)/gnu tools arm embedded/7 2017-q4-major/bin/../lib/gcc/arm-none-eabi/7.2.1/../../../../arm-none-eabi/lib/thumb/v7e-m/fpv4-sp/hard\libc_nano.a(lib_a-fflush.o)
                              c:/program files (x86)/gnu tools arm embedded/7 2017-q4-major/bin/../lib/gcc/arm-none-eabi/7.2.1/../../../../arm-none-eabi/lib/thumb/v7e-m/fpv4-sp/hard\libc_nano.a(lib_a-setvbuf.o) (_fflush_r)
c:/program files (x86)/gnu tools arm embedded/7 2017-q4-major/bin/../lib/gcc/arm-none-eabi/7.2.1/../../../../arm-none-eabi/lib/thumb/v7e-m/fpv4-sp/hard\libc_nano.a(lib_a-findfp.o)
[...]
Memory Configuration

Name             Origin             Length             Attributes
RAM              0x20000000         0x00020000         xrw
CCMRAM           0x10000000         0x00010000         rw
FLASH            0x08000000         0x00100000         xr
*default*        0x00000000         0xffffffff

Linker script and memory map

LOAD c:/program files (x86)/gnu tools arm embedded/7 2017-q4-major/bin/../lib/gcc/arm-none-eabi/7.2.1/thumb/v7e-m/fpv4-sp/hard/crti.o
LOAD c:/program files (x86)/gnu tools arm embedded/7 2017-q4-major/bin/../lib/gcc/arm-none-eabi/7.2.1/thumb/v7e-m/fpv4-sp/hard/crtbegin.o
LOAD c:/program files (x86)/gnu tools arm embedded/7 2017-q4-major/bin/../lib/gcc/arm-none-eabi/7.2.1/../../../../arm-none-eabi/lib/thumb/v7e-m/fpv4-sp/hard/crt0.o
LOAD build/stm32f4xx_hal_adc_ex.o
LOAD build/stm32f4xx_hal_uart.o
LOAD build/stm32f4xx_hal_gpio.o
LOAD build/stm32f4xx_hal.o
LOAD build/stm32f4xx_hal_cortex.o
LOAD build/stm32f4xx_hal_pwr_ex.o
LOAD build/main.o
LOAD build/adc.o
LOAD build/stm32f4xx_hal_msp.o
LOAD build/stm32f4xx_hal_flash_ramfunc.o
LOAD build/stm32f4xx_hal_tim_ex.o
LOAD build/system_stm32f4xx.o
LOAD build/usart.o
LOAD build/stm32f4xx_hal_rcc_ex.o
LOAD build/stm32f4xx_hal_flash_ex.o
LOAD build/stm32f4xx_hal_rcc.o
LOAD build/stm32f4xx_hal_dma_ex.o
LOAD build/stm32f4xx_hal_adc.o
LOAD build/stm32f4xx_hal_flash.o
LOAD build/gpio.o
LOAD build/stm32f4xx_it.o
LOAD build/stm32f4xx_hal_tim.o
LOAD build/tim.o
LOAD build/stm32f4xx_hal_pwr.o
LOAD build/stm32f4xx_hal_spi.o
LOAD build/stm32f4xx_hal_dma.o
LOAD build/spi.o
LOAD build/syscalls.o
LOAD build/startup_stm32f405xx.o
LOAD c:/program files (x86)/gnu tools arm embedded/7 2017-q4-major/bin/../lib/gcc/arm-none-eabi/7.2.1/../../../../arm-none-eabi/lib/thumb/v7e-m/fpv4-sp/hard\libc_nano.a
LOAD c:/program files (x86)/gnu tools arm embedded/7 2017-q4-major/bin/../lib/gcc/arm-none-eabi/7.2.1/../../../../arm-none-eabi/lib/thumb/v7e-m/fpv4-sp/hard\libm.a
LOAD c:/program files (x86)/gnu tools arm embedded/7 2017-q4-major/bin/../lib/gcc/arm-none-eabi/7.2.1/../../../../arm-none-eabi/lib/thumb/v7e-m/fpv4-sp/hard\libnosys.a
START GROUP
LOAD c:/program files (x86)/gnu tools arm embedded/7 2017-q4-major/bin/../lib/gcc/arm-none-eabi/7.2.1/thumb/v7e-m/fpv4-sp/hard\libgcc.a
LOAD c:/program files (x86)/gnu tools arm embedded/7 2017-q4-major/bin/../lib/gcc/arm-none-eabi/7.2.1/../../../../arm-none-eabi/lib/thumb/v7e-m/fpv4-sp/hard\libc_nano.a
END GROUP
START GROUP
LOAD c:/program files (x86)/gnu tools arm embedded/7 2017-q4-major/bin/../lib/gcc/arm-none-eabi/7.2.1/thumb/v7e-m/fpv4-sp/hard\libgcc.a
LOAD c:/program files (x86)/gnu tools arm embedded/7 2017-q4-major/bin/../lib/gcc/arm-none-eabi/7.2.1/../../../../arm-none-eabi/lib/thumb/v7e-m/fpv4-sp/hard\libc_nano.a
END GROUP
LOAD c:/program files (x86)/gnu tools arm embedded/7 2017-q4-major/bin/../lib/gcc/arm-none-eabi/7.2.1/thumb/v7e-m/fpv4-sp/hard/crtend.o
LOAD c:/program files (x86)/gnu tools arm embedded/7 2017-q4-major/bin/../lib/gcc/arm-none-eabi/7.2.1/thumb/v7e-m/fpv4-sp/hard/crtn.o
                0x20020000                _estack = 0x20020000
                0x00000200                _Min_Heap_Size = 0x200
                0x00000400                _Min_Stack_Size = 0x400

.isr_vector     0x08000000      0x188
                0x08000000                . = ALIGN (0x4)
 *(.isr_vector)
 .isr_vector    0x08000000      0x188 build/startup_stm32f405xx.o
                0x08000000                g_pfnVectors
                0x08000188                . = ALIGN (0x4)

.text           0x08000190     0x6578
                0x08000190                . = ALIGN (0x4)
 *(.text)
 .text          0x08000190       0x40 c:/program files (x86)/gnu tools arm embedded/7 2017-q4-major/bin/../lib/gcc/arm-none-eabi/7.2.1/thumb/v7e-m/fpv4-sp/hard/crtbegin.o
 .text          0x080001d0       0x10 c:/program files (x86)/gnu tools arm embedded/7 2017-q4-major/bin/../lib/gcc/arm-none-eabi/7.2.1/../../../../arm-none-eabi/lib/thumb/v7e-m/fpv4-sp/hard\libc_nano.a(lib_a-strlen.o)
                0x080001d0                strlen
 .text          0x080001e0       0xa0 c:/program files (x86)/gnu tools arm embedded/7 2017-q4-major/bin/../lib/gcc/arm-none-eabi/7.2.1/../../../../arm-none-eabi/lib/thumb/v7e-m/fpv4-sp/hard\libc_nano.a(lib_a-memchr.o)
                0x080001e0                memchr
 .text          0x08000280      0x378 c:/program files (x86)/gnu tools arm embedded/7 2017-q4-major/bin/../lib/gcc/arm-none-eabi/7.2.1/thumb/v7e-m/fpv4-sp/hard\libgcc.a(_arm_addsubdf3.o)
                0x08000280                __aeabi_drsub
                0x08000288                __aeabi_dsub
                0x08000288                __subdf3
                0x0800028c                __aeabi_dadd
                0x0800028c                __adddf3
                0x08000504                __floatunsidf
                0x08000504                __aeabi_ui2d
                0x08000524                __floatsidf
                0x08000524                __aeabi_i2d
                0x08000548                __aeabi_f2d
                0x08000548                __extendsfdf2
                0x0800058c                __floatundidf
                0x0800058c                __aeabi_ul2d
                0x0800059c                __floatdidf
                0x0800059c                __aeabi_l2d
 .text          0x080005f8      0x424 c:/program files (x86)/gnu tools arm embedded/7 2017-q4-major/bin/../lib/gcc/arm-none-eabi/7.2.1/thumb/v7e-m/fpv4-sp/hard\libgcc.a(_arm_muldivdf3.o)
                0x080005f8                __aeabi_dmul
                0x080005f8                __muldf3
                0x0800084c                __divdf3
                0x0800084c                __aeabi_ddiv
 .text          0x08000a1c      0x110 c:/program files (x86)/gnu tools arm embedded/7 2017-q4-major/bin/../lib/gcc/arm-none-eabi/7.2.1/thumb/v7e-m/fpv4-sp/hard\libgcc.a(_arm_cmpdf2.o)
                0x08000a1c                __gtdf2
                0x08000a1c                __gedf2
                0x08000a24                __ltdf2
                0x08000a24                __ledf2
                0x08000a2c                __nedf2
                0x08000a2c                __eqdf2
                0x08000a2c                __cmpdf2
                0x08000aa8                __aeabi_cdrcmple
                0x08000ab8                __aeabi_cdcmpeq
                0x08000ab8                __aeabi_cdcmple
                0x08000ac8                __aeabi_dcmpeq
                0x08000adc                __aeabi_dcmplt
                0x08000af0                __aeabi_dcmple
                0x08000b04                __aeabi_dcmpge
                0x08000b18                __aeabi_dcmpgt
 .text          0x08000b2c       0x2c c:/program files (x86)/gnu tools arm embedded/7 2017-q4-major/bin/../lib/gcc/arm-none-eabi/7.2.1/thumb/v7e-m/fpv4-sp/hard\libgcc.a(_arm_unorddf2.o)
                0x08000b2c                __unorddf2
                0x08000b2c                __aeabi_dcmpun
 .text          0x08000b58       0x50 c:/program files (x86)/gnu tools arm embedded/7 2017-q4-major/bin/../lib/gcc/arm-none-eabi/7.2.1/thumb/v7e-m/fpv4-sp/hard\libgcc.a(_arm_fixdfsi.o)
                0x08000b58                __aeabi_d2iz
                0x08000b58                __fixdfsi
 *(.text*)
 .text.UART_SetConfig
                0x08000ba8      0x334 build/stm32f4xx_hal_uart.o
 .text.UART_WaitOnFlagUntilTimeout
                0x08000edc       0x62 build/stm32f4xx_hal_uart.o
 .text.HAL_UART_Init
                0x08000f3e       0x5e build/stm32f4xx_hal_uart.o
                0x08000f3e                HAL_UART_Init
 .text.HAL_UART_Transmit
                0x08000f9c       0xe0 build/stm32f4xx_hal_uart.o
                0x08000f9c                HAL_UART_Transmit
 .text.HAL_GPIO_Init
                0x0800107c      0x1c8 build/stm32f4xx_hal_gpio.o
                0x0800107c                HAL_GPIO_Init
 .text.HAL_GPIO_WritePin
                0x08001244        0xc build/stm32f4xx_hal_gpio.o
                0x08001244                HAL_GPIO_WritePin
 .text.HAL_InitTick
                0x08001250       0x2c build/stm32f4xx_hal.o
                0x08001250                HAL_InitTick
 .text.HAL_Init
                0x0800127c       0x34 build/stm32f4xx_hal.o
                0x0800127c                HAL_Init
 .text.HAL_IncTick
                0x080012b0       0x10 build/stm32f4xx_hal.o
                0x080012b0                HAL_IncTick
 .text.HAL_GetTick
                0x080012c0        0xc build/stm32f4xx_hal.o
                0x080012c0                HAL_GetTick
 .text.HAL_Delay
                0x080012cc       0x24 build/stm32f4xx_hal.o
                0x080012cc                HAL_Delay
 .text.HAL_NVIC_SetPriorityGrouping
                0x080012f0       0x24 build/stm32f4xx_hal_cortex.o
                0x080012f0                HAL_NVIC_SetPriorityGrouping
 .text.HAL_NVIC_SetPriority
                0x08001314       0x68 build/stm32f4xx_hal_cortex.o
                0x08001314                HAL_NVIC_SetPriority
 .text.HAL_NVIC_EnableIRQ
                0x0800137c       0x18 build/stm32f4xx_hal_cortex.o
                0x0800137c                HAL_NVIC_EnableIRQ
 .text.HAL_SYSTICK_Config
                0x08001394       0x2c build/stm32f4xx_hal_cortex.o
                0x08001394                HAL_SYSTICK_Config
 .text.HAL_SYSTICK_CLKSourceConfig
                0x080013c0       0x20 build/stm32f4xx_hal_cortex.o
                0x080013c0                HAL_SYSTICK_CLKSourceConfig
 .text.HAL_SYSTICK_Callback
                0x080013e0        0x2 build/stm32f4xx_hal_cortex.o
                0x080013e0                HAL_SYSTICK_Callback
 .text.HAL_SYSTICK_IRQHandler
                0x080013e2        0x8 build/stm32f4xx_hal_cortex.o
                0x080013e2                HAL_SYSTICK_IRQHandler
 *fill*         0x080013ea        0x2 
 .text.__io_putchar
                0x080013ec       0x20 build/main.o
                0x080013ec                __io_putchar
 .text._Error_Handler
                0x0800140c        0x2 build/main.o
                0x0800140c                _Error_Handler
 *fill*         0x0800140e        0x2 
 .text.SystemClock_Config
                0x08001410       0xc0 build/main.o
                0x08001410                SystemClock_Config
 .text.main     0x080014d0       0xa0 build/main.o
                0x080014d0                main
 .text.MX_ADC1_Init
                0x08001570       0x70 build/adc.o
                0x08001570                MX_ADC1_Init
 .text.MX_ADC2_Init
                0x080015e0       0x70 build/adc.o
                0x080015e0                MX_ADC2_Init
 .text.MX_ADC3_Init
                0x08001650       0x70 build/adc.o
                0x08001650                MX_ADC3_Init
 .text.HAL_ADC_MspInit
                0x080016c0       0xbc build/adc.o
                0x080016c0                HAL_ADC_MspInit
 .text.update_adc1_data
                0x0800177c       0x7c build/adc.o
                0x0800177c                update_adc1_data
 .text.update_adc2_data
                0x080017f8       0xa0 build/adc.o
                0x080017f8                update_adc2_data
 .text.update_adc3_data
                0x08001898       0x7c build/adc.o
                0x08001898                update_adc3_data
 .text.HAL_MspInit
                0x08001914       0x5e build/stm32f4xx_hal_msp.o
                0x08001914                HAL_MspInit
 .text.HAL_TIMEx_MasterConfigSynchronization
                0x08001972       0x52 build/stm32f4xx_hal_tim_ex.o
                0x08001972                HAL_TIMEx_MasterConfigSynchronization
 .text.HAL_TIMEx_ConfigBreakDeadTime
                0x080019c4       0x58 build/stm32f4xx_hal_tim_ex.o
                0x080019c4                HAL_TIMEx_ConfigBreakDeadTime
 .text.HAL_TIMEx_CommutationCallback
                0x08001a1c        0x2 build/stm32f4xx_hal_tim_ex.o
                0x08001a1c                HAL_TIMEx_CommutationCallback
 .text.HAL_TIMEx_BreakCallback
                0x08001a1e        0x2 build/stm32f4xx_hal_tim_ex.o
                0x08001a1e                HAL_TIMEx_BreakCallback
 .text.SystemInit
                0x08001a20       0x4c build/system_stm32f4xx.o
                0x08001a20                SystemInit
 .text.MX_USART1_UART_Init
                0x08001a6c       0x3c build/usart.o
                0x08001a6c                MX_USART1_UART_Init
 .text.HAL_UART_MspInit
                0x08001aa8       0x58 build/usart.o
                0x08001aa8                HAL_UART_MspInit
 .text.HAL_RCC_OscConfig
                0x08001b00      0x3b0 build/stm32f4xx_hal_rcc.o
                0x08001b00                HAL_RCC_OscConfig
 .text.HAL_RCC_GetSysClockFreq
                0x08001eb0       0x94 build/stm32f4xx_hal_rcc.o
                0x08001eb0                HAL_RCC_GetSysClockFreq
 .text.HAL_RCC_ClockConfig
                0x08001f44      0x19c build/stm32f4xx_hal_rcc.o
                0x08001f44                HAL_RCC_ClockConfig
 .text.HAL_RCC_GetHCLKFreq
                0x080020e0        0xc build/stm32f4xx_hal_rcc.o
                0x080020e0                HAL_RCC_GetHCLKFreq
 .text.HAL_RCC_GetPCLK1Freq
                0x080020ec       0x2c build/stm32f4xx_hal_rcc.o
                0x080020ec                HAL_RCC_GetPCLK1Freq
 .text.HAL_RCC_GetPCLK2Freq
                0x08002118       0x2c build/stm32f4xx_hal_rcc.o
                0x08002118                HAL_RCC_GetPCLK2Freq
 .text.ADC_Init
                0x08002144      0x13c build/stm32f4xx_hal_adc.o
 .text.HAL_ADC_Init
                0x08002280       0x54 build/stm32f4xx_hal_adc.o
                0x08002280                HAL_ADC_Init
 .text.HAL_ADC_Start
                0x080022d4       0xf8 build/stm32f4xx_hal_adc.o
                0x080022d4                HAL_ADC_Start
 .text.HAL_ADC_PollForConversion
                0x080023cc       0xb6 build/stm32f4xx_hal_adc.o
                0x080023cc                HAL_ADC_PollForConversion
 .text.HAL_ADC_GetValue
                0x08002482        0x6 build/stm32f4xx_hal_adc.o
                0x08002482                HAL_ADC_GetValue
 .text.HAL_ADC_ConfigChannel
                0x08002488      0x190 build/stm32f4xx_hal_adc.o
                0x08002488                HAL_ADC_ConfigChannel
 .text.MX_GPIO_Init
                0x08002618      0x124 build/gpio.o
                0x08002618                MX_GPIO_Init
 .text.ktr_LED  0x0800273c      0x1f8 build/gpio.o
                0x0800273c                ktr_LED
 .text.NMI_Handler
                0x08002934        0x2 build/stm32f4xx_it.o
                0x08002934                NMI_Handler
 .text.HardFault_Handler
                0x08002936        0x2 build/stm32f4xx_it.o
                0x08002936                HardFault_Handler
 .text.MemManage_Handler
                0x08002938        0x2 build/stm32f4xx_it.o
                0x08002938                MemManage_Handler
 .text.BusFault_Handler
                0x0800293a        0x2 build/stm32f4xx_it.o
                0x0800293a                BusFault_Handler
 .text.UsageFault_Handler
                0x0800293c        0x2 build/stm32f4xx_it.o
                0x0800293c                UsageFault_Handler
 .text.SVC_Handler
                0x0800293e        0x2 build/stm32f4xx_it.o
                0x0800293e                SVC_Handler
 .text.DebugMon_Handler
                0x08002940        0x2 build/stm32f4xx_it.o
                0x08002940                DebugMon_Handler
 .text.PendSV_Handler
                0x08002942        0x2 build/stm32f4xx_it.o
                0x08002942                PendSV_Handler
 .text.SysTick_Handler
                0x08002944        0xc build/stm32f4xx_it.o
                0x08002944                SysTick_Handler
 .text.TIM5_IRQHandler
                0x08002950       0x1c build/stm32f4xx_it.o
                0x08002950                TIM5_IRQHandler
 .text.TIM_OC1_SetConfig
                0x0800296c       0x5c build/stm32f4xx_hal_tim.o
 .text.TIM_OC3_SetConfig
                0x080029c8       0x60 build/stm32f4xx_hal_tim.o
 .text.TIM_OC4_SetConfig
                0x08002a28       0x50 build/stm32f4xx_hal_tim.o
 .text.TIM_TI1_ConfigInputStage
                0x08002a78       0x26 build/stm32f4xx_hal_tim.o
 .text.TIM_TI2_ConfigInputStage
                0x08002a9e       0x28 build/stm32f4xx_hal_tim.o
 .text.TIM_ITRx_SetConfig
                0x08002ac6       0x10 build/stm32f4xx_hal_tim.o
 .text.TIM_ETR_SetConfig
                0x08002ad6       0x18 build/stm32f4xx_hal_tim.o
 .text.HAL_TIM_Base_Start_IT
                0x08002aee       0x18 build/stm32f4xx_hal_tim.o
                0x08002aee                HAL_TIM_Base_Start_IT
 .text.HAL_TIM_ConfigClockSource
                0x08002b06      0x108 build/stm32f4xx_hal_tim.o
                0x08002b06                HAL_TIM_ConfigClockSource
 .text.HAL_TIM_PeriodElapsedCallback
                0x08002c0e        0x2 build/stm32f4xx_hal_tim.o
                0x08002c0e                HAL_TIM_PeriodElapsedCallback
 .text.HAL_TIM_OC_DelayElapsedCallback
                0x08002c10        0x2 build/stm32f4xx_hal_tim.o
                0x08002c10                HAL_TIM_OC_DelayElapsedCallback
 .text.HAL_TIM_IC_CaptureCallback
                0x08002c12        0x2 build/stm32f4xx_hal_tim.o
                0x08002c12                HAL_TIM_IC_CaptureCallback
 .text.HAL_TIM_PWM_PulseFinishedCallback
                0x08002c14        0x2 build/stm32f4xx_hal_tim.o
                0x08002c14                HAL_TIM_PWM_PulseFinishedCallback
 .text.HAL_TIM_TriggerCallback
                0x08002c16        0x2 build/stm32f4xx_hal_tim.o
                0x08002c16                HAL_TIM_TriggerCallback
 .text.HAL_TIM_IRQHandler
                0x08002c18      0x17a build/stm32f4xx_hal_tim.o
                0x08002c18                HAL_TIM_IRQHandler
 *fill*         0x08002d92        0x2 
 .text.TIM_Base_SetConfig
                0x08002d94       0xc0 build/stm32f4xx_hal_tim.o
                0x08002d94                TIM_Base_SetConfig
 .text.HAL_TIM_Base_Init
                0x08002e54       0x32 build/stm32f4xx_hal_tim.o
                0x08002e54                HAL_TIM_Base_Init
 .text.HAL_TIM_PWM_Init
                0x08002e86       0x32 build/stm32f4xx_hal_tim.o
                0x08002e86                HAL_TIM_PWM_Init
 .text.HAL_TIM_Encoder_Init
                0x08002eb8       0x98 build/stm32f4xx_hal_tim.o
                0x08002eb8                HAL_TIM_Encoder_Init
 .text.TIM_OC2_SetConfig
                0x08002f50       0x64 build/stm32f4xx_hal_tim.o
                0x08002f50                TIM_OC2_SetConfig
 .text.HAL_TIM_PWM_ConfigChannel
                0x08002fb4       0xdc build/stm32f4xx_hal_tim.o
                0x08002fb4                HAL_TIM_PWM_ConfigChannel
 .text.TIM_CCxChannelCmd
                0x08003090       0x1e build/stm32f4xx_hal_tim.o
                0x08003090                TIM_CCxChannelCmd
 *fill*         0x080030ae        0x2 
 .text.HAL_TIM_PWM_Start
                0x080030b0       0x38 build/stm32f4xx_hal_tim.o
                0x080030b0                HAL_TIM_PWM_Start
 .text.MX_TIM3_Init
                0x080030e8       0x6c build/tim.o
                0x080030e8                MX_TIM3_Init
 .text.MX_TIM4_Init
                0x08003154       0x6c build/tim.o
                0x08003154                MX_TIM4_Init
 .text.MX_TIM5_Init
                0x080031c0       0x74 build/tim.o
                0x080031c0                MX_TIM5_Init
 .text.HAL_TIM_PWM_MspInit
                0x08003234       0x50 build/tim.o
                0x08003234                HAL_TIM_PWM_MspInit
 .text.HAL_TIM_Encoder_MspInit
                0x08003284       0x8c build/tim.o
                0x08003284                HAL_TIM_Encoder_MspInit
 .text.HAL_TIM_Base_MspInit
                0x08003310       0x40 build/tim.o
                0x08003310                HAL_TIM_Base_MspInit
 .text.HAL_TIM_MspPostInit
                0x08003350       0x60 build/tim.o
                0x08003350                HAL_TIM_MspPostInit
 .text.MX_TIM1_Init
                0x080033b0       0xb0 build/tim.o
                0x080033b0                MX_TIM1_Init
 .text.MX_TIM2_Init
                0x08003460       0x94 build/tim.o
                0x08003460                MX_TIM2_Init
 .text.ktr_Buzzer
                0x080034f4       0x80 build/tim.o
                0x080034f4                ktr_Buzzer
 .text.SPI_WaitFlagStateUntilTimeout
                0x08003574       0x96 build/stm32f4xx_hal_spi.o
 .text.SPI_CheckFlag_BSY
                0x0800360a       0x28 build/stm32f4xx_hal_spi.o
 .text.HAL_SPI_Init
                0x08003632       0x80 build/stm32f4xx_hal_spi.o
                0x08003632                HAL_SPI_Init
 .text.HAL_SPI_Transmit
                0x080036b2      0x1a6 build/stm32f4xx_hal_spi.o
                0x080036b2                HAL_SPI_Transmit
 .text.HAL_SPI_TransmitReceive
                0x08003858      0x238 build/stm32f4xx_hal_spi.o
                0x08003858                HAL_SPI_TransmitReceive
 .text.HAL_SPI_Receive
                0x08003a90      0x168 build/stm32f4xx_hal_spi.o
                0x08003a90                HAL_SPI_Receive
 .text.MX_SPI2_Init
                0x08003bf8       0x48 build/spi.o
                0x08003bf8                MX_SPI2_Init
 .text.HAL_SPI_MspInit
                0x08003c40       0x54 build/spi.o
                0x08003c40                HAL_SPI_MspInit
 .text.read_byte
                0x08003c94       0x54 build/spi.o
                0x08003c94                read_byte
 .text.read_shift_byte
                0x08003ce8       0x5c build/spi.o
                0x08003ce8                read_shift_byte
 .text.write_byte
                0x08003d44       0x50 build/spi.o
                0x08003d44                write_byte
 .text.ktr_set_l3gd20
                0x08003d94       0x34 build/spi.o
                0x08003d94                ktr_set_l3gd20
 .text.ktr_get_gyro
                0x08003dc8       0x30 build/spi.o
                0x08003dc8                ktr_get_gyro
 .text._read    0x08003df8       0x1c build/syscalls.o
                0x08003df8                _read
 .text._write   0x08003e14       0x1c build/syscalls.o
                0x08003e14                _write
 .text._sbrk    0x08003e30       0x3c build/syscalls.o
                0x08003e30                _sbrk
 .text._close   0x08003e6c        0x6 build/syscalls.o
                0x08003e6c                _close
 .text._fstat   0x08003e72        0xa build/syscalls.o
                0x08003e72                _fstat
 .text._isatty  0x08003e7c        0x4 build/syscalls.o
                0x08003e7c                _isatty
 .text._lseek   0x08003e80        0x4 build/syscalls.o
                0x08003e80                _lseek
 .text.Reset_Handler
                0x08003e84       0x50 build/startup_stm32f405xx.o
                0x08003e84                Reset_Handler
 .text.Default_Handler
                0x08003ed4        0x2 build/startup_stm32f405xx.o
                0x08003ed4                RTC_Alarm_IRQHandler
                0x08003ed4                HASH_RNG_IRQHandler
                0x08003ed4                EXTI2_IRQHandler
                0x08003ed4                TIM8_CC_IRQHandler
                0x08003ed4                TIM1_CC_IRQHandler
                0x08003ed4                DMA2_Stream5_IRQHandler
                0x08003ed4                DMA1_Stream5_IRQHandler
                0x08003ed4                PVD_IRQHandler
                0x08003ed4                SDIO_IRQHandler
                0x08003ed4                TAMP_STAMP_IRQHandler
                0x08003ed4                CAN2_RX1_IRQHandler
                0x08003ed4                EXTI3_IRQHandler
                0x08003ed4                TIM8_TRG_COM_TIM14_IRQHandler
                0x08003ed4                TIM1_UP_TIM10_IRQHandler
                0x08003ed4                TIM8_UP_TIM13_IRQHandler
                0x08003ed4                I2C3_ER_IRQHandler
                0x08003ed4                EXTI0_IRQHandler
                0x08003ed4                I2C2_EV_IRQHandler
                0x08003ed4                DMA1_Stream2_IRQHandler
                0x08003ed4                CAN1_RX0_IRQHandler
                0x08003ed4                FPU_IRQHandler
                0x08003ed4                OTG_HS_WKUP_IRQHandler
                0x08003ed4                CAN2_SCE_IRQHandler
                0x08003ed4                DMA2_Stream2_IRQHandler
                0x08003ed4                SPI1_IRQHandler
                0x08003ed4                TIM6_DAC_IRQHandler
                0x08003ed4                TIM1_BRK_TIM9_IRQHandler
                0x08003ed4                CAN2_RX0_IRQHandler
                0x08003ed4                DMA2_Stream3_IRQHandler
                0x08003ed4                USART6_IRQHandler
                0x08003ed4                USART3_IRQHandler
                0x08003ed4                CAN1_RX1_IRQHandler
                0x08003ed4                UART5_IRQHandler
                0x08003ed4                DMA2_Stream0_IRQHandler
                0x08003ed4                TIM4_IRQHandler
                0x08003ed4                I2C1_EV_IRQHandler
                0x08003ed4                DMA1_Stream6_IRQHandler
                0x08003ed4                DMA1_Stream1_IRQHandler
                0x08003ed4                UART4_IRQHandler
                0x08003ed4                TIM3_IRQHandler
                0x08003ed4                RCC_IRQHandler
                0x08003ed4                TIM8_BRK_TIM12_IRQHandler
                0x08003ed4                Default_Handler
                0x08003ed4                EXTI15_10_IRQHandler
                0x08003ed4                ADC_IRQHandler
                0x08003ed4                DMA1_Stream7_IRQHandler
                0x08003ed4                TIM7_IRQHandler
                0x08003ed4                CAN2_TX_IRQHandler
                0x08003ed4                DMA2_Stream7_IRQHandler
                0x08003ed4                I2C3_EV_IRQHandler
                0x08003ed4                EXTI9_5_IRQHandler
                0x08003ed4                RTC_WKUP_IRQHandler
                0x08003ed4                SPI2_IRQHandler
                0x08003ed4                OTG_HS_EP1_IN_IRQHandler
                0x08003ed4                DMA1_Stream0_IRQHandler
                0x08003ed4                CAN1_TX_IRQHandler
                0x08003ed4                EXTI4_IRQHandler
                0x08003ed4                FSMC_IRQHandler
                0x08003ed4                OTG_HS_EP1_OUT_IRQHandler
                0x08003ed4                WWDG_IRQHandler
                0x08003ed4                TIM2_IRQHandler
                0x08003ed4                OTG_FS_WKUP_IRQHandler
                0x08003ed4                TIM1_TRG_COM_TIM11_IRQHandler
                0x08003ed4                OTG_HS_IRQHandler
                0x08003ed4                EXTI1_IRQHandler
                0x08003ed4                USART2_IRQHandler
                0x08003ed4                I2C2_ER_IRQHandler
                0x08003ed4                DMA2_Stream1_IRQHandler
                0x08003ed4                CAN1_SCE_IRQHandler
                0x08003ed4                FLASH_IRQHandler
                0x08003ed4                DMA2_Stream4_IRQHandler
                0x08003ed4                USART1_IRQHandler
                0x08003ed4                OTG_FS_IRQHandler
                0x08003ed4                SPI3_IRQHandler
                0x08003ed4                DMA1_Stream4_IRQHandler
                0x08003ed4                I2C1_ER_IRQHandler
                0x08003ed4                DMA2_Stream6_IRQHandler
                0x08003ed4                DMA1_Stream3_IRQHandler
 *fill*         0x08003ed6        0x2 
 .text.__errno  0x08003ed8        0xc c:/program files (x86)/gnu tools arm embedded/7 2017-q4-major/bin/../lib/gcc/arm-none-eabi/7.2.1/../../../../arm-none-eabi/lib/thumb/v7e-m/fpv4-sp/hard\libc_nano.a(lib_a-errno.o)
                0x08003ed8                __errno
 .text.__libc_init_array
                0x08003ee4       0x48 c:/program files (x86)/gnu tools arm embedded/7 2017-q4-major/bin/../lib/gcc/arm-none-eabi/7.2.1/../../../../arm-none-eabi/lib/thumb/v7e-m/fpv4-sp/hard\libc_nano.a(lib_a-init.o)
                0x08003ee4                __libc_init_array
 .text.memset   0x08003f2c       0x10 c:/program files (x86)/gnu tools arm embedded/7 2017-q4-major/bin/../lib/gcc/arm-none-eabi/7.2.1/../../../../arm-none-eabi/lib/thumb/v7e-m/fpv4-sp/hard\libc_nano.a(lib_a-memset.o)
                0x08003f2c                memset
 .text.__cvt    0x08003f3c       0xc2 c:/program files (x86)/gnu tools arm embedded/7 2017-q4-major/bin/../lib/gcc/arm-none-eabi/7.2.1/../../../../arm-none-eabi/lib/thumb/v7e-m/fpv4-sp/hard\libc_nano.a(lib_a-nano-vfprintf_float.o)
                0x08003f3c                __cvt
 .text.__exponent
                0x08003ffe       0x66 c:/program files (x86)/gnu tools arm embedded/7 2017-q4-major/bin/../lib/gcc/arm-none-eabi/7.2.1/../../../../arm-none-eabi/lib/thumb/v7e-m/fpv4-sp/hard\libc_nano.a(lib_a-nano-vfprintf_float.o)
                0x08003ffe                __exponent
 .text._printf_float
                0x08004064      0x480 c:/program files (x86)/gnu tools arm embedded/7 2017-q4-major/bin/../lib/gcc/arm-none-eabi/7.2.1/../../../../arm-none-eabi/lib/thumb/v7e-m/fpv4-sp/hard\libc_nano.a(lib_a-nano-vfprintf_float.o)
                0x08004064                _printf_float
 .text._printf_common
                0x080044e4       0xea c:/program files (x86)/gnu tools arm embedded/7 2017-q4-major/bin/../lib/gcc/arm-none-eabi/7.2.1/../../../../arm-none-eabi/lib/thumb/v7e-m/fpv4-sp/hard\libc_nano.a(lib_a-nano-vfprintf_i.o)
                0x080044e4                _printf_common
 *fill*         0x080045ce        0x2 
 .text._printf_i
                0x080045d0      0x224 c:/program files (x86)/gnu tools arm embedded/7 2017-q4-major/bin/../lib/gcc/arm-none-eabi/7.2.1/../../../../arm-none-eabi/lib/thumb/v7e-m/fpv4-sp/hard\libc_nano.a(lib_a-nano-vfprintf_i.o)
                0x080045d0                _printf_i
 .text.printf   0x080047f4       0x30 c:/program files (x86)/gnu tools arm embedded/7 2017-q4-major/bin/../lib/gcc/arm-none-eabi/7.2.1/../../../../arm-none-eabi/lib/thumb/v7e-m/fpv4-sp/hard\libc_nano.a(lib_a-printf.o)
                0x080047f4                iprintf
                0x080047f4                printf
 .text.setbuf   0x08004824       0x10 c:/program files (x86)/gnu tools arm embedded/7 2017-q4-major/bin/../lib/gcc/arm-none-eabi/7.2.1/../../../../arm-none-eabi/lib/thumb/v7e-m/fpv4-sp/hard\libc_nano.a(lib_a-setbuf.o)
                0x08004824                setbuf
 .text.setvbuf  0x08004834      0x15c c:/program files (x86)/gnu tools arm embedded/7 2017-q4-major/bin/../lib/gcc/arm-none-eabi/7.2.1/../../../../arm-none-eabi/lib/thumb/v7e-m/fpv4-sp/hard\libc_nano.a(lib_a-setvbuf.o)
                0x08004834                setvbuf
 .text.quorem   0x08004990      0x118 c:/program files (x86)/gnu tools arm embedded/7 2017-q4-major/bin/../lib/gcc/arm-none-eabi/7.2.1/../../../../arm-none-eabi/lib/thumb/v7e-m/fpv4-sp/hard\libc_nano.a(lib_a-dtoa.o)
 .text._dtoa_r  0x08004aa8      0xb70 c:/program files (x86)/gnu tools arm embedded/7 2017-q4-major/bin/../lib/gcc/arm-none-eabi/7.2.1/../../../../arm-none-eabi/lib/thumb/v7e-m/fpv4-sp/hard\libc_nano.a(lib_a-dtoa.o)
                0x08004aa8                _dtoa_r
 .text.__sflush_r
                0x08005618      0x10c c:/program files (x86)/gnu tools arm embedded/7 2017-q4-major/bin/../lib/gcc/arm-none-eabi/7.2.1/../../../../arm-none-eabi/lib/thumb/v7e-m/fpv4-sp/hard\libc_nano.a(lib_a-fflush.o)
                0x08005618                __sflush_r
 .text._fflush_r
                0x08005724       0x54 c:/program files (x86)/gnu tools arm embedded/7 2017-q4-major/bin/../lib/gcc/arm-none-eabi/7.2.1/../../../../arm-none-eabi/lib/thumb/v7e-m/fpv4-sp/hard\libc_nano.a(lib_a-fflush.o)
                0x08005724                _fflush_r
 .text.std      0x08005778       0x48 c:/program files (x86)/gnu tools arm embedded/7 2017-q4-major/bin/../lib/gcc/arm-none-eabi/7.2.1/../../../../arm-none-eabi/lib/thumb/v7e-m/fpv4-sp/hard\libc_nano.a(lib_a-findfp.o)
 .text._cleanup_r
                0x080057c0        0xc c:/program files (x86)/gnu tools arm embedded/7 2017-q4-major/bin/../lib/gcc/arm-none-eabi/7.2.1/../../../../arm-none-eabi/lib/thumb/v7e-m/fpv4-sp/hard\libc_nano.a(lib_a-findfp.o)
                0x080057c0                _cleanup_r
 .text.__sfmoreglue
                0x080057cc       0x2c c:/program files (x86)/gnu tools arm embedded/7 2017-q4-major/bin/../lib/gcc/arm-none-eabi/7.2.1/../../../../arm-none-eabi/lib/thumb/v7e-m/fpv4-sp/hard\libc_nano.a(lib_a-findfp.o)
                0x080057cc                __sfmoreglue
 .text.__sinit  0x080057f8       0x60 c:/program files (x86)/gnu tools arm embedded/7 2017-q4-major/bin/../lib/gcc/arm-none-eabi/7.2.1/../../../../arm-none-eabi/lib/thumb/v7e-m/fpv4-sp/hard\libc_nano.a(lib_a-findfp.o)
                0x080057f8                __sinit
 .text.__sfp    0x08005858       0x78 c:/program files (x86)/gnu tools arm embedded/7 2017-q4-major/bin/../lib/gcc/arm-none-eabi/7.2.1/../../../../arm-none-eabi/lib/thumb/v7e-m/fpv4-sp/hard\libc_nano.a(lib_a-findfp.o)
                0x08005858                __sfp
 .text._fwalk_reent
                0x080058d0       0x3c c:/program files (x86)/gnu tools arm embedded/7 2017-q4-major/bin/../lib/gcc/arm-none-eabi/7.2.1/../../../../arm-none-eabi/lib/thumb/v7e-m/fpv4-sp/hard\libc_nano.a(lib_a-fwalk.o)
                0x080058d0                _fwalk_reent
 .text._localeconv_r
                0x0800590c       0x1c c:/program files (x86)/gnu tools arm embedded/7 2017-q4-major/bin/../lib/gcc/arm-none-eabi/7.2.1/../../../../arm-none-eabi/lib/thumb/v7e-m/fpv4-sp/hard\libc_nano.a(lib_a-localeconv.o)
                0x0800590c                _localeconv_r
 .text.__swhatbuf_r
                0x08005928       0x48 c:/program files (x86)/gnu tools arm embedded/7 2017-q4-major/bin/../lib/gcc/arm-none-eabi/7.2.1/../../../../arm-none-eabi/lib/thumb/v7e-m/fpv4-sp/hard\libc_nano.a(lib_a-makebuf.o)
                0x08005928                __swhatbuf_r
 .text.__smakebuf_r
                0x08005970       0x80 c:/program files (x86)/gnu tools arm embedded/7 2017-q4-major/bin/../lib/gcc/arm-none-eabi/7.2.1/../../../../arm-none-eabi/lib/thumb/v7e-m/fpv4-sp/hard\libc_nano.a(lib_a-makebuf.o)
                0x08005970                __smakebuf_r
 .text.malloc   0x080059f0       0x10 c:/program files (x86)/gnu tools arm embedded/7 2017-q4-major/bin/../lib/gcc/arm-none-eabi/7.2.1/../../../../arm-none-eabi/lib/thumb/v7e-m/fpv4-sp/hard\libc_nano.a(lib_a-malloc.o)
                0x080059f0                malloc
 .text.memcpy   0x08005a00       0x16 c:/program files (x86)/gnu tools arm embedded/7 2017-q4-major/bin/../lib/gcc/arm-none-eabi/7.2.1/../../../../arm-none-eabi/lib/thumb/v7e-m/fpv4-sp/hard\libc_nano.a(lib_a-memcpy-stub.o)
                0x08005a00                memcpy
 .text._Balloc  0x08005a16       0x68 c:/program files (x86)/gnu tools arm embedded/7 2017-q4-major/bin/../lib/gcc/arm-none-eabi/7.2.1/../../../../arm-none-eabi/lib/thumb/v7e-m/fpv4-sp/hard\libc_nano.a(lib_a-mprec.o)
                0x08005a16                _Balloc
 .text._Bfree   0x08005a7e       0x2e c:/program files (x86)/gnu tools arm embedded/7 2017-q4-major/bin/../lib/gcc/arm-none-eabi/7.2.1/../../../../arm-none-eabi/lib/thumb/v7e-m/fpv4-sp/hard\libc_nano.a(lib_a-mprec.o)
                0x08005a7e                _Bfree
 .text.__multadd
                0x08005aac       0x76 c:/program files (x86)/gnu tools arm embedded/7 2017-q4-major/bin/../lib/gcc/arm-none-eabi/7.2.1/../../../../arm-none-eabi/lib/thumb/v7e-m/fpv4-sp/hard\libc_nano.a(lib_a-mprec.o)
                0x08005aac                __multadd
 .text.__hi0bits
                0x08005b22       0x3e c:/program files (x86)/gnu tools arm embedded/7 2017-q4-major/bin/../lib/gcc/arm-none-eabi/7.2.1/../../../../arm-none-eabi/lib/thumb/v7e-m/fpv4-sp/hard\libc_nano.a(lib_a-mprec.o)
                0x08005b22                __hi0bits
 .text.__lo0bits
                0x08005b60       0x5e c:/program files (x86)/gnu tools arm embedded/7 2017-q4-major/bin/../lib/gcc/arm-none-eabi/7.2.1/../../../../arm-none-eabi/lib/thumb/v7e-m/fpv4-sp/hard\libc_nano.a(lib_a-mprec.o)
                0x08005b60                __lo0bits
 .text.__i2b    0x08005bbe       0x12 c:/program files (x86)/gnu tools arm embedded/7 2017-q4-major/bin/../lib/gcc/arm-none-eabi/7.2.1/../../../../arm-none-eabi/lib/thumb/v7e-m/fpv4-sp/hard\libc_nano.a(lib_a-mprec.o)
                0x08005bbe                __i2b
 .text.__multiply
                0x08005bd0      0x12c c:/program files (x86)/gnu tools arm embedded/7 2017-q4-major/bin/../lib/gcc/arm-none-eabi/7.2.1/../../../../arm-none-eabi/lib/thumb/v7e-m/fpv4-sp/hard\libc_nano.a(lib_a-mprec.o)
                0x08005bd0                __multiply
 .text.__pow5mult
                0x08005cfc       0x9c c:/program files (x86)/gnu tools arm embedded/7 2017-q4-major/bin/../lib/gcc/arm-none-eabi/7.2.1/../../../../arm-none-eabi/lib/thumb/v7e-m/fpv4-sp/hard\libc_nano.a(lib_a-mprec.o)
                0x08005cfc                __pow5mult
 .text.__lshift
                0x08005d98       0xa8 c:/program files (x86)/gnu tools arm embedded/7 2017-q4-major/bin/../lib/gcc/arm-none-eabi/7.2.1/../../../../arm-none-eabi/lib/thumb/v7e-m/fpv4-sp/hard\libc_nano.a(lib_a-mprec.o)
                0x08005d98                __lshift
 .text.__mcmp   0x08005e40       0x34 c:/program files (x86)/gnu tools arm embedded/7 2017-q4-major/bin/../lib/gcc/arm-none-eabi/7.2.1/../../../../arm-none-eabi/lib/thumb/v7e-m/fpv4-sp/hard\libc_nano.a(lib_a-mprec.o)
                0x08005e40                __mcmp
 .text.__mdiff  0x08005e74       0xba c:/program files (x86)/gnu tools arm embedded/7 2017-q4-major/bin/../lib/gcc/arm-none-eabi/7.2.1/../../../../arm-none-eabi/lib/thumb/v7e-m/fpv4-sp/hard\libc_nano.a(lib_a-mprec.o)
                0x08005e74                __mdiff
 .text.__d2b    0x08005f2e       0x9e c:/program files (x86)/gnu tools arm embedded/7 2017-q4-major/bin/../lib/gcc/arm-none-eabi/7.2.1/../../../../arm-none-eabi/lib/thumb/v7e-m/fpv4-sp/hard\libc_nano.a(lib_a-mprec.o)
                0x08005f2e                __d2b
 .text._calloc_r
                0x08005fcc       0x1c c:/program files (x86)/gnu tools arm embedded/7 2017-q4-major/bin/../lib/gcc/arm-none-eabi/7.2.1/../../../../arm-none-eabi/lib/thumb/v7e-m/fpv4-sp/hard\libc_nano.a(lib_a-nano-callocr.o)
                0x08005fcc                _calloc_r
 .text._free_r  0x08005fe8       0x9c c:/program files (x86)/gnu tools arm embedded/7 2017-q4-major/bin/../lib/gcc/arm-none-eabi/7.2.1/../../../../arm-none-eabi/lib/thumb/v7e-m/fpv4-sp/hard\libc_nano.a(lib_a-nano-freer.o)
                0x08005fe8                _free_r
 .text._malloc_r
                0x08006084       0xb4 c:/program files (x86)/gnu tools arm embedded/7 2017-q4-major/bin/../lib/gcc/arm-none-eabi/7.2.1/../../../../arm-none-eabi/lib/thumb/v7e-m/fpv4-sp/hard\libc_nano.a(lib_a-nano-mallocr.o)
                0x08006084                _malloc_r
 .text.__sfputc_r
                0x08006138       0x2e c:/program files (x86)/gnu tools arm embedded/7 2017-q4-major/bin/../lib/gcc/arm-none-eabi/7.2.1/../../../../arm-none-eabi/lib/thumb/v7e-m/fpv4-sp/hard\libc_nano.a(lib_a-nano-vfprintf.o)
 .text.__sfputs_r
                0x08006166       0x24 c:/program files (x86)/gnu tools arm embedded/7 2017-q4-major/bin/../lib/gcc/arm-none-eabi/7.2.1/../../../../arm-none-eabi/lib/thumb/v7e-m/fpv4-sp/hard\libc_nano.a(lib_a-nano-vfprintf.o)
                0x08006166                __sfputs_r
 *fill*         0x0800618a        0x2 
 .text._vfprintf_r
                0x0800618c      0x228 c:/program files (x86)/gnu tools arm embedded/7 2017-q4-major/bin/../lib/gcc/arm-none-eabi/7.2.1/../../../../arm-none-eabi/lib/thumb/v7e-m/fpv4-sp/hard\libc_nano.a(lib_a-nano-vfprintf.o)
                0x0800618c                _vfprintf_r
                0x0800618c                _vfiprintf_r
 .text._sbrk_r  0x080063b4       0x20 c:/program files (x86)/gnu tools arm embedded/7 2017-q4-major/bin/../lib/gcc/arm-none-eabi/7.2.1/../../../../arm-none-eabi/lib/thumb/v7e-m/fpv4-sp/hard\libc_nano.a(lib_a-sbrkr.o)
                0x080063b4                _sbrk_r
 .text.__sread  0x080063d4       0x22 c:/program files (x86)/gnu tools arm embedded/7 2017-q4-major/bin/../lib/gcc/arm-none-eabi/7.2.1/../../../../arm-none-eabi/lib/thumb/v7e-m/fpv4-sp/hard\libc_nano.a(lib_a-stdio.o)
                0x080063d4                __sread
 .text.__swrite
                0x080063f6       0x38 c:/program files (x86)/gnu tools arm embedded/7 2017-q4-major/bin/../lib/gcc/arm-none-eabi/7.2.1/../../../../arm-none-eabi/lib/thumb/v7e-m/fpv4-sp/hard\libc_nano.a(lib_a-stdio.o)
                0x080063f6                __swrite
 .text.__sseek  0x0800642e       0x24 c:/program files (x86)/gnu tools arm embedded/7 2017-q4-major/bin/../lib/gcc/arm-none-eabi/7.2.1/../../../../arm-none-eabi/lib/thumb/v7e-m/fpv4-sp/hard\libc_nano.a(lib_a-stdio.o)
                0x0800642e                __sseek
 .text.__sclose
                0x08006452        0x8 c:/program files (x86)/gnu tools arm embedded/7 2017-q4-major/bin/../lib/gcc/arm-none-eabi/7.2.1/../../../../arm-none-eabi/lib/thumb/v7e-m/fpv4-sp/hard\libc_nano.a(lib_a-stdio.o)
                0x08006452                __sclose
 *fill*         0x0800645a        0x2 
 .text.__swbuf_r
                0x0800645c       0xa4 c:/program files (x86)/gnu tools arm embedded/7 2017-q4-major/bin/../lib/gcc/arm-none-eabi/7.2.1/../../../../arm-none-eabi/lib/thumb/v7e-m/fpv4-sp/hard\libc_nano.a(lib_a-wbuf.o)
                0x0800645c                __swbuf_r
 .text._write_r
                0x08006500       0x24 c:/program files (x86)/gnu tools arm embedded/7 2017-q4-major/bin/../lib/gcc/arm-none-eabi/7.2.1/../../../../arm-none-eabi/lib/thumb/v7e-m/fpv4-sp/hard\libc_nano.a(lib_a-writer.o)
                0x08006500                _write_r
 .text.__swsetup_r
                0x08006524       0xdc c:/program files (x86)/gnu tools arm embedded/7 2017-q4-major/bin/../lib/gcc/arm-none-eabi/7.2.1/../../../../arm-none-eabi/lib/thumb/v7e-m/fpv4-sp/hard\libc_nano.a(lib_a-wsetup.o)
                0x08006524                __swsetup_r
 .text._close_r
                0x08006600       0x20 c:/program files (x86)/gnu tools arm embedded/7 2017-q4-major/bin/../lib/gcc/arm-none-eabi/7.2.1/../../../../arm-none-eabi/lib/thumb/v7e-m/fpv4-sp/hard\libc_nano.a(lib_a-closer.o)
                0x08006600                _close_r
 .text._fstat_r
                0x08006620       0x24 c:/program files (x86)/gnu tools arm embedded/7 2017-q4-major/bin/../lib/gcc/arm-none-eabi/7.2.1/../../../../arm-none-eabi/lib/thumb/v7e-m/fpv4-sp/hard\libc_nano.a(lib_a-fstatr.o)
                0x08006620                _fstat_r
 .text._isatty_r
                0x08006644       0x20 c:/program files (x86)/gnu tools arm embedded/7 2017-q4-major/bin/../lib/gcc/arm-none-eabi/7.2.1/../../../../arm-none-eabi/lib/thumb/v7e-m/fpv4-sp/hard\libc_nano.a(lib_a-isattyr.o)
                0x08006644                _isatty_r
 .text._lseek_r
                0x08006664       0x24 c:/program files (x86)/gnu tools arm embedded/7 2017-q4-major/bin/../lib/gcc/arm-none-eabi/7.2.1/../../../../arm-none-eabi/lib/thumb/v7e-m/fpv4-sp/hard\libc_nano.a(lib_a-lseekr.o)
                0x08006664                _lseek_r
 .text.__ascii_mbtowc
                0x08006688       0x24 c:/program files (x86)/gnu tools arm embedded/7 2017-q4-major/bin/../lib/gcc/arm-none-eabi/7.2.1/../../../../arm-none-eabi/lib/thumb/v7e-m/fpv4-sp/hard\libc_nano.a(lib_a-mbtowc_r.o)
                0x08006688                __ascii_mbtowc
 .text.__malloc_lock
                0x080066ac        0x2 c:/program files (x86)/gnu tools arm embedded/7 2017-q4-major/bin/../lib/gcc/arm-none-eabi/7.2.1/../../../../arm-none-eabi/lib/thumb/v7e-m/fpv4-sp/hard\libc_nano.a(lib_a-mlock.o)
                0x080066ac                __malloc_lock
 .text.__malloc_unlock
                0x080066ae        0x2 c:/program files (x86)/gnu tools arm embedded/7 2017-q4-major/bin/../lib/gcc/arm-none-eabi/7.2.1/../../../../arm-none-eabi/lib/thumb/v7e-m/fpv4-sp/hard\libc_nano.a(lib_a-mlock.o)
                0x080066ae                __malloc_unlock
 .text._read_r  0x080066b0       0x24 c:/program files (x86)/gnu tools arm embedded/7 2017-q4-major/bin/../lib/gcc/arm-none-eabi/7.2.1/../../../../arm-none-eabi/lib/thumb/v7e-m/fpv4-sp/hard\libc_nano.a(lib_a-readr.o)
                0x080066b0                _read_r
 .text.__ascii_wctomb
                0x080066d4       0x1a c:/program files (x86)/gnu tools arm embedded/7 2017-q4-major/bin/../lib/gcc/arm-none-eabi/7.2.1/../../../../arm-none-eabi/lib/thumb/v7e-m/fpv4-sp/hard\libc_nano.a(lib_a-wctomb_r.o)
                0x080066d4                __ascii_wctomb
 *(.glue_7)
 .glue_7        0x080066ee        0x0 linker stubs
 *(.glue_7t)
 .glue_7t       0x080066ee        0x0 linker stubs
 *(.eh_frame)
 *fill*         0x080066ee        0x2 
 .eh_frame      0x080066f0        0x0 c:/program files (x86)/gnu tools arm embedded/7 2017-q4-major/bin/../lib/gcc/arm-none-eabi/7.2.1/thumb/v7e-m/fpv4-sp/hard/crtbegin.o
 *(.init)
 .init          0x080066f0        0x4 c:/program files (x86)/gnu tools arm embedded/7 2017-q4-major/bin/../lib/gcc/arm-none-eabi/7.2.1/thumb/v7e-m/fpv4-sp/hard/crti.o
                0x080066f0                _init
 .init          0x080066f4        0x8 c:/program files (x86)/gnu tools arm embedded/7 2017-q4-major/bin/../lib/gcc/arm-none-eabi/7.2.1/thumb/v7e-m/fpv4-sp/hard/crtn.o
 *(.fini)
 .fini          0x080066fc        0x4 c:/program files (x86)/gnu tools arm embedded/7 2017-q4-major/bin/../lib/gcc/arm-none-eabi/7.2.1/thumb/v7e-m/fpv4-sp/hard/crti.o
                0x080066fc                _fini
 .fini          0x08006700        0x8 c:/program files (x86)/gnu tools arm embedded/7 2017-q4-major/bin/../lib/gcc/arm-none-eabi/7.2.1/thumb/v7e-m/fpv4-sp/hard/crtn.o
                0x08006708                . = ALIGN (0x4)
                0x08006708                _etext = .

.vfp11_veneer   0x08006708        0x0
 .vfp11_veneer  0x08006708        0x0 linker stubs

.v4_bx          0x08006708        0x0
 .v4_bx         0x08006708        0x0 linker stubs

.iplt           0x08006708        0x0
 .iplt          0x08006708        0x0 c:/program files (x86)/gnu tools arm embedded/7 2017-q4-major/bin/../lib/gcc/arm-none-eabi/7.2.1/thumb/v7e-m/fpv4-sp/hard/crtbegin.o

.rodata         0x08006708      0x390
                0x08006708                . = ALIGN (0x4)
 *(.rodata)
 .rodata        0x08006708       0x30 build/adc.o
 *(.rodata*)
 .rodata.SystemClock_Config.str1.4
                0x08006738        0xb build/main.o
 *fill*         0x08006743        0x1 
 .rodata.main.str1.4
                0x08006744       0x3c build/main.o
 .rodata.MX_ADC1_Init.str1.4
                0x08006780        0xa build/adc.o
 *fill*         0x0800678a        0x2 
 .rodata.AHBPrescTable
                0x0800678c       0x10 build/system_stm32f4xx.o
                0x0800678c                AHBPrescTable
 .rodata.APBPrescTable
                0x0800679c        0x8 build/system_stm32f4xx.o
                0x0800679c                APBPrescTable
 .rodata.MX_USART1_UART_Init.str1.4
                0x080067a4        0xc build/usart.o
 .rodata.MX_TIM3_Init.str1.4
                0x080067b0        0xa build/tim.o
 *fill*         0x080067ba        0x2 
 .rodata.MX_SPI2_Init.str1.4
                0x080067bc        0xa build/spi.o
 *fill*         0x080067c6        0x2 
 .rodata.ktr_set_l3gd20.str1.4
                0x080067c8       0x10 build/spi.o
 .rodata._global_impure_ptr
                0x080067d8        0x4 c:/program files (x86)/gnu tools arm embedded/7 2017-q4-major/bin/../lib/gcc/arm-none-eabi/7.2.1/../../../../arm-none-eabi/lib/thumb/v7e-m/fpv4-sp/hard\libc_nano.a(lib_a-impure.o)
                0x080067d8                _global_impure_ptr
 .rodata._printf_float.str1.1
                0x080067dc       0x12 c:/program files (x86)/gnu tools arm embedded/7 2017-q4-major/bin/../lib/gcc/arm-none-eabi/7.2.1/../../../../arm-none-eabi/lib/thumb/v7e-m/fpv4-sp/hard\libc_nano.a(lib_a-nano-vfprintf_float.o)
 .rodata._printf_i.str1.1
                0x080067ee       0x22 c:/program files (x86)/gnu tools arm embedded/7 2017-q4-major/bin/../lib/gcc/arm-none-eabi/7.2.1/../../../../arm-none-eabi/lib/thumb/v7e-m/fpv4-sp/hard\libc_nano.a(lib_a-nano-vfprintf_i.o)
 .rodata._dtoa_r.str1.1
                0x08006810        0xd c:/program files (x86)/gnu tools arm embedded/7 2017-q4-major/bin/../lib/gcc/arm-none-eabi/7.2.1/../../../../arm-none-eabi/lib/thumb/v7e-m/fpv4-sp/hard\libc_nano.a(lib_a-dtoa.o)
                                  0xf (size before relaxing)
 *fill*         0x0800681d        0x3 
 .rodata.__sf_fake_stderr
                0x08006820       0x20 c:/program files (x86)/gnu tools arm embedded/7 2017-q4-major/bin/../lib/gcc/arm-none-eabi/7.2.1/../../../../arm-none-eabi/lib/thumb/v7e-m/fpv4-sp/hard\libc_nano.a(lib_a-findfp.o)
                0x08006820                __sf_fake_stderr
 .rodata.__sf_fake_stdin
                0x08006840       0x20 c:/program files (x86)/gnu tools arm embedded/7 2017-q4-major/bin/../lib/gcc/arm-none-eabi/7.2.1/../../../../arm-none-eabi/lib/thumb/v7e-m/fpv4-sp/hard\libc_nano.a(lib_a-findfp.o)
                0x08006840                __sf_fake_stdin
 .rodata.__sf_fake_stdout
                0x08006860       0x20 c:/program files (x86)/gnu tools arm embedded/7 2017-q4-major/bin/../lib/gcc/arm-none-eabi/7.2.1/../../../../arm-none-eabi/lib/thumb/v7e-m/fpv4-sp/hard\libc_nano.a(lib_a-findfp.o)
                0x08006860                __sf_fake_stdout
 .rodata.__mprec_bigtens
                0x08006880       0x28 c:/program files (x86)/gnu tools arm embedded/7 2017-q4-major/bin/../lib/gcc/arm-none-eabi/7.2.1/../../../../arm-none-eabi/lib/thumb/v7e-m/fpv4-sp/hard\libc_nano.a(lib_a-mprec.o)
                0x08006880                __mprec_bigtens
 .rodata.__mprec_tens
                0x080068a8       0xc8 c:/program files (x86)/gnu tools arm embedded/7 2017-q4-major/bin/../lib/gcc/arm-none-eabi/7.2.1/../../../../arm-none-eabi/lib/thumb/v7e-m/fpv4-sp/hard\libc_nano.a(lib_a-mprec.o)
                0x080068a8                __mprec_tens
 .rodata.p05.7359
                0x08006970        0xc c:/program files (x86)/gnu tools arm embedded/7 2017-q4-major/bin/../lib/gcc/arm-none-eabi/7.2.1/../../../../arm-none-eabi/lib/thumb/v7e-m/fpv4-sp/hard\libc_nano.a(lib_a-mprec.o)
 .rodata._vfprintf_r.str1.1
                0x0800697c       0x11 c:/program files (x86)/gnu tools arm embedded/7 2017-q4-major/bin/../lib/gcc/arm-none-eabi/7.2.1/../../../../arm-none-eabi/lib/thumb/v7e-m/fpv4-sp/hard\libc_nano.a(lib_a-nano-vfprintf.o)
 .rodata._setlocale_r.str1.1
                0x0800698d        0x8 c:/program files (x86)/gnu tools arm embedded/7 2017-q4-major/bin/../lib/gcc/arm-none-eabi/7.2.1/../../../../arm-none-eabi/lib/thumb/v7e-m/fpv4-sp/hard\libc_nano.a(lib_a-locale.o)
                                  0x9 (size before relaxing)
 .rodata.str1.1
                0x08006995        0x2 c:/program files (x86)/gnu tools arm embedded/7 2017-q4-major/bin/../lib/gcc/arm-none-eabi/7.2.1/../../../../arm-none-eabi/lib/thumb/v7e-m/fpv4-sp/hard\libc_nano.a(lib_a-locale.o)
 .rodata._ctype_
                0x08006997      0x101 c:/program files (x86)/gnu tools arm embedded/7 2017-q4-major/bin/../lib/gcc/arm-none-eabi/7.2.1/../../../../arm-none-eabi/lib/thumb/v7e-m/fpv4-sp/hard\libc_nano.a(lib_a-ctype_.o)
                0x08006997                _ctype_
                0x08006a98                . = ALIGN (0x4)

.rel.dyn        0x08006a98        0x0
 .rel.iplt      0x08006a98        0x0 c:/program files (x86)/gnu tools arm embedded/7 2017-q4-major/bin/../lib/gcc/arm-none-eabi/7.2.1/thumb/v7e-m/fpv4-sp/hard/crtbegin.o

.ARM.extab
 *(.ARM.extab* .gnu.linkonce.armextab.*)

.ARM            0x08006a98        0x0
                0x08006a98                __exidx_start = .
 *(.ARM.exidx*)
                0x08006a98                __exidx_end = .

.preinit_array  0x08006a98        0x0
                0x08006a98                PROVIDE (__preinit_array_start, .)
 *(.preinit_array*)
                0x08006a98                PROVIDE (__preinit_array_end, .)

.init_array     0x08006a98        0x4
                0x08006a98                PROVIDE (__init_array_start, .)
 *(SORT_BY_NAME(.init_array.*))
 *(.init_array*)
 .init_array    0x08006a98        0x4 c:/program files (x86)/gnu tools arm embedded/7 2017-q4-major/bin/../lib/gcc/arm-none-eabi/7.2.1/thumb/v7e-m/fpv4-sp/hard/crtbegin.o
                0x08006a9c                PROVIDE (__init_array_end, .)

.fini_array     0x08006a9c        0x4
                [!provide]                PROVIDE (__fini_array_start, .)
 *(SORT_BY_NAME(.fini_array.*))
 *(.fini_array*)
 .fini_array    0x08006a9c        0x4 c:/program files (x86)/gnu tools arm embedded/7 2017-q4-major/bin/../lib/gcc/arm-none-eabi/7.2.1/thumb/v7e-m/fpv4-sp/hard/crtbegin.o
                [!provide]                PROVIDE (__fini_array_end, .)
                0x08006aa0                _sidata = LOADADDR (.data)

.data           0x20000000      0x1d4 load address 0x08006aa0
                0x20000000                . = ALIGN (0x4)
                0x20000000                _sdata = .
 *(.data)
 *(.data*)
 .data.SystemCoreClock
                0x20000000        0x4 build/system_stm32f4xx.o
                0x20000000                SystemCoreClock
 .data._impure_ptr
                0x20000004        0x4 c:/program files (x86)/gnu tools arm embedded/7 2017-q4-major/bin/../lib/gcc/arm-none-eabi/7.2.1/../../../../arm-none-eabi/lib/thumb/v7e-m/fpv4-sp/hard\libc_nano.a(lib_a-impure.o)
                0x20000004                _impure_ptr
 .data.impure_data
                0x20000008       0x60 c:/program files (x86)/gnu tools arm embedded/7 2017-q4-major/bin/../lib/gcc/arm-none-eabi/7.2.1/../../../../arm-none-eabi/lib/thumb/v7e-m/fpv4-sp/hard\libc_nano.a(lib_a-impure.o)
 .data.__global_locale
                0x20000068      0x16c c:/program files (x86)/gnu tools arm embedded/7 2017-q4-major/bin/../lib/gcc/arm-none-eabi/7.2.1/../../../../arm-none-eabi/lib/thumb/v7e-m/fpv4-sp/hard\libc_nano.a(lib_a-locale.o)
                0x20000068                __global_locale
                0x200001d4                . = ALIGN (0x4)
                0x200001d4                _edata = .
                0x08006c74                _siccmram = LOADADDR (.ccmram)

.igot.plt       0x200001d4        0x0 load address 0x08006c74
 .igot.plt      0x200001d4        0x0 c:/program files (x86)/gnu tools arm embedded/7 2017-q4-major/bin/../lib/gcc/arm-none-eabi/7.2.1/thumb/v7e-m/fpv4-sp/hard/crtbegin.o

.ccmram         0x10000000        0x0 load address 0x08006c74
                0x10000000                . = ALIGN (0x4)
                0x10000000                _sccmram = .
 *(.ccmram)
 *(.ccmram*)
                0x10000000                . = ALIGN (0x4)
                0x10000000                _eccmram = .
                0x10000000                . = ALIGN (0x4)

.bss            0x200001d4      0x30c
                0x200001d4                _sbss = .
                0x200001d4                __bss_start__ = _sbss
 *(.bss)
 .bss           0x200001d4       0x1c c:/program files (x86)/gnu tools arm embedded/7 2017-q4-major/bin/../lib/gcc/arm-none-eabi/7.2.1/thumb/v7e-m/fpv4-sp/hard/crtbegin.o
 *(.bss*)
 .bss.heap_end.7234
                0x200001f0        0x4 build/syscalls.o
 .bss.__malloc_free_list
                0x200001f4        0x4 c:/program files (x86)/gnu tools arm embedded/7 2017-q4-major/bin/../lib/gcc/arm-none-eabi/7.2.1/../../../../arm-none-eabi/lib/thumb/v7e-m/fpv4-sp/hard\libc_nano.a(lib_a-nano-mallocr.o)
                0x200001f4                __malloc_free_list
 .bss.__malloc_sbrk_start
                0x200001f8        0x4 c:/program files (x86)/gnu tools arm embedded/7 2017-q4-major/bin/../lib/gcc/arm-none-eabi/7.2.1/../../../../arm-none-eabi/lib/thumb/v7e-m/fpv4-sp/hard\libc_nano.a(lib_a-nano-mallocr.o)
                0x200001f8                __malloc_sbrk_start
 *(COMMON)
 COMMON         0x200001fc        0x4 build/stm32f4xx_hal.o
                0x200001fc                uwTick
 COMMON         0x20000200       0x1c build/main.o
                0x20000200                batt_analog
                0x20000204                front_sensor
                0x20000218                side_sensor
 COMMON         0x2000021c       0xd8 build/adc.o
                0x2000021c                hadc2
                0x20000264                hadc1
                0x200002ac                hadc3
 COMMON         0x200002f4       0x40 build/usart.o
                0x200002f4                huart1
 COMMON         0x20000334      0x150 build/tim.o
                0x20000334                htim4
                0x20000370                sMasterConfig
                0x20000378                htim5
                0x200003b4                htim3
                0x200003f0                sConfigOC
                0x2000040c                htim1
                0x20000448                htim2
 COMMON         0x20000484       0x58 build/spi.o
                0x20000484                hspi2
 COMMON         0x200004dc        0x4 c:/program files (x86)/gnu tools arm embedded/7 2017-q4-major/bin/../lib/gcc/arm-none-eabi/7.2.1/../../../../arm-none-eabi/lib/thumb/v7e-m/fpv4-sp/hard\libc_nano.a(lib_a-reent.o)
                0x200004dc                errno
                0x200004e0                . = ALIGN (0x4)
                0x200004e0                _ebss = .
                0x200004e0                __bss_end__ = _ebss

._user_heap_stack
                0x200004e0      0x600
                0x200004e0                . = ALIGN (0x8)
                0x200004e0                PROVIDE (end, .)
                [!provide]                PROVIDE (_end, .)
                0x200006e0                . = (. + _Min_Heap_Size)
 *fill*         0x200004e0      0x200 
                0x20000ae0                . = (. + _Min_Stack_Size)
 *fill*         0x200006e0      0x400 
                0x20000ae0                . = ALIGN (0x8)

/DISCARD/
 libc.a(*)
 libm.a(*)
 libgcc.a(*)

.ARM.attributes
                0x00000000       0x30
 *(.ARM.attributes)
 .ARM.attributes
                0x00000000       0x22 c:/program files (x86)/gnu tools arm embedded/7 2017-q4-major/bin/../lib/gcc/arm-none-eabi/7.2.1/thumb/v7e-m/fpv4-sp/hard/crti.o
 .ARM.attributes
                0x00000022       0x34 c:/program files (x86)/gnu tools arm embedded/7 2017-q4-major/bin/../lib/gcc/arm-none-eabi/7.2.1/thumb/v7e-m/fpv4-sp/hard/crtbegin.o
 .ARM.attributes
                0x00000056       0x39 build/stm32f4xx_hal_uart.o
 .ARM.attributes
                0x0000008f       0x39 build/stm32f4xx_hal_gpio.o
 .ARM.attributes
                0x000000c8       0x39 build/stm32f4xx_hal.o
 .ARM.attributes
                0x00000101       0x39 build/stm32f4xx_hal_cortex.o
 .ARM.attributes
                0x0000013a       0x39 build/main.o
 .ARM.attributes
                0x00000173       0x39 build/adc.o
 .ARM.attributes
                0x000001ac       0x39 build/stm32f4xx_hal_msp.o
 .ARM.attributes
                0x000001e5       0x39 build/stm32f4xx_hal_tim_ex.o
 .ARM.attributes
                0x0000021e       0x39 build/system_stm32f4xx.o
 .ARM.attributes
                0x00000257       0x39 build/usart.o
 .ARM.attributes
                0x00000290       0x39 build/stm32f4xx_hal_rcc.o
 .ARM.attributes
                0x000002c9       0x39 build/stm32f4xx_hal_adc.o
 .ARM.attributes
                0x00000302       0x39 build/gpio.o
 .ARM.attributes
                0x0000033b       0x39 build/stm32f4xx_it.o
 .ARM.attributes
                0x00000374       0x39 build/stm32f4xx_hal_tim.o
 .ARM.attributes
                0x000003ad       0x39 build/tim.o
 .ARM.attributes
                0x000003e6       0x39 build/stm32f4xx_hal_spi.o
 .ARM.attributes
                0x0000041f       0x39 build/spi.o
 .ARM.attributes
                0x00000458       0x39 build/syscalls.o
 .ARM.attributes
                0x00000491       0x21 build/startup_stm32f405xx.o
 .ARM.attributes
                0x000004b2       0x34 c:/program files (x86)/gnu tools arm embedded/7 2017-q4-major/bin/../lib/gcc/arm-none-eabi/7.2.1/../../../../arm-none-eabi/lib/thumb/v7e-m/fpv4-sp/hard\libc_nano.a(lib_a-errno.o)
 .ARM.attributes
                0x000004e6       0x34 c:/program files (x86)/gnu tools arm embedded/7 2017-q4-major/bin/../lib/gcc/arm-none-eabi/7.2.1/../../../../arm-none-eabi/lib/thumb/v7e-m/fpv4-sp/hard\libc_nano.a(lib_a-impure.o)
 .ARM.attributes
                0x0000051a       0x34 c:/program files (x86)/gnu tools arm embedded/7 2017-q4-major/bin/../lib/gcc/arm-none-eabi/7.2.1/../../../../arm-none-eabi/lib/thumb/v7e-m/fpv4-sp/hard\libc_nano.a(lib_a-init.o)
 .ARM.attributes
                0x0000054e       0x34 c:/program files (x86)/gnu tools arm embedded/7 2017-q4-major/bin/../lib/gcc/arm-none-eabi/7.2.1/../../../../arm-none-eabi/lib/thumb/v7e-m/fpv4-sp/hard\libc_nano.a(lib_a-memset.o)
 .ARM.attributes
                0x00000582       0x34 c:/program files (x86)/gnu tools arm embedded/7 2017-q4-major/bin/../lib/gcc/arm-none-eabi/7.2.1/../../../../arm-none-eabi/lib/thumb/v7e-m/fpv4-sp/hard\libc_nano.a(lib_a-nano-vfprintf_float.o)
 .ARM.attributes
                0x000005b6       0x34 c:/program files (x86)/gnu tools arm embedded/7 2017-q4-major/bin/../lib/gcc/arm-none-eabi/7.2.1/../../../../arm-none-eabi/lib/thumb/v7e-m/fpv4-sp/hard\libc_nano.a(lib_a-nano-vfprintf_i.o)
 .ARM.attributes
                0x000005ea       0x34 c:/program files (x86)/gnu tools arm embedded/7 2017-q4-major/bin/../lib/gcc/arm-none-eabi/7.2.1/../../../../arm-none-eabi/lib/thumb/v7e-m/fpv4-sp/hard\libc_nano.a(lib_a-printf.o)
 .ARM.attributes
                0x0000061e       0x34 c:/program files (x86)/gnu tools arm embedded/7 2017-q4-major/bin/../lib/gcc/arm-none-eabi/7.2.1/../../../../arm-none-eabi/lib/thumb/v7e-m/fpv4-sp/hard\libc_nano.a(lib_a-setbuf.o)
 .ARM.attributes
                0x00000652       0x34 c:/program files (x86)/gnu tools arm embedded/7 2017-q4-major/bin/../lib/gcc/arm-none-eabi/7.2.1/../../../../arm-none-eabi/lib/thumb/v7e-m/fpv4-sp/hard\libc_nano.a(lib_a-setvbuf.o)
 .ARM.attributes
                0x00000686       0x1b c:/program files (x86)/gnu tools arm embedded/7 2017-q4-major/bin/../lib/gcc/arm-none-eabi/7.2.1/../../../../arm-none-eabi/lib/thumb/v7e-m/fpv4-sp/hard\libc_nano.a(lib_a-strlen.o)
 .ARM.attributes
                0x000006a1       0x34 c:/program files (x86)/gnu tools arm embedded/7 2017-q4-major/bin/../lib/gcc/arm-none-eabi/7.2.1/../../../../arm-none-eabi/lib/thumb/v7e-m/fpv4-sp/hard\libc_nano.a(lib_a-dtoa.o)
 .ARM.attributes
                0x000006d5       0x34 c:/program files (x86)/gnu tools arm embedded/7 2017-q4-major/bin/../lib/gcc/arm-none-eabi/7.2.1/../../../../arm-none-eabi/lib/thumb/v7e-m/fpv4-sp/hard\libc_nano.a(lib_a-fflush.o)
 .ARM.attributes
                0x00000709       0x34 c:/program files (x86)/gnu tools arm embedded/7 2017-q4-major/bin/../lib/gcc/arm-none-eabi/7.2.1/../../../../arm-none-eabi/lib/thumb/v7e-m/fpv4-sp/hard\libc_nano.a(lib_a-findfp.o)
 .ARM.attributes
                0x0000073d       0x34 c:/program files (x86)/gnu tools arm embedded/7 2017-q4-major/bin/../lib/gcc/arm-none-eabi/7.2.1/../../../../arm-none-eabi/lib/thumb/v7e-m/fpv4-sp/hard\libc_nano.a(lib_a-fwalk.o)
 .ARM.attributes
                0x00000771       0x34 c:/program files (x86)/gnu tools arm embedded/7 2017-q4-major/bin/../lib/gcc/arm-none-eabi/7.2.1/../../../../arm-none-eabi/lib/thumb/v7e-m/fpv4-sp/hard\libc_nano.a(lib_a-localeconv.o)
 .ARM.attributes
                0x000007a5       0x34 c:/program files (x86)/gnu tools arm embedded/7 2017-q4-major/bin/../lib/gcc/arm-none-eabi/7.2.1/../../../../arm-none-eabi/lib/thumb/v7e-m/fpv4-sp/hard\libc_nano.a(lib_a-makebuf.o)
 .ARM.attributes
                0x000007d9       0x34 c:/program files (x86)/gnu tools arm embedded/7 2017-q4-major/bin/../lib/gcc/arm-none-eabi/7.2.1/../../../../arm-none-eabi/lib/thumb/v7e-m/fpv4-sp/hard\libc_nano.a(lib_a-malloc.o)
 .ARM.attributes
                0x0000080d       0x20 c:/program files (x86)/gnu tools arm embedded/7 2017-q4-major/bin/../lib/gcc/arm-none-eabi/7.2.1/../../../../arm-none-eabi/lib/thumb/v7e-m/fpv4-sp/hard\libc_nano.a(lib_a-memchr.o)
 .ARM.attributes
                0x0000082d       0x34 c:/program files (x86)/gnu tools arm embedded/7 2017-q4-major/bin/../lib/gcc/arm-none-eabi/7.2.1/../../../../arm-none-eabi/lib/thumb/v7e-m/fpv4-sp/hard\libc_nano.a(lib_a-memcpy-stub.o)
 .ARM.attributes
                0x00000861       0x34 c:/program files (x86)/gnu tools arm embedded/7 2017-q4-major/bin/../lib/gcc/arm-none-eabi/7.2.1/../../../../arm-none-eabi/lib/thumb/v7e-m/fpv4-sp/hard\libc_nano.a(lib_a-mprec.o)
 .ARM.attributes
                0x00000895       0x34 c:/program files (x86)/gnu tools arm embedded/7 2017-q4-major/bin/../lib/gcc/arm-none-eabi/7.2.1/../../../../arm-none-eabi/lib/thumb/v7e-m/fpv4-sp/hard\libc_nano.a(lib_a-nano-callocr.o)
 .ARM.attributes
                0x000008c9       0x34 c:/program files (x86)/gnu tools arm embedded/7 2017-q4-major/bin/../lib/gcc/arm-none-eabi/7.2.1/../../../../arm-none-eabi/lib/thumb/v7e-m/fpv4-sp/hard\libc_nano.a(lib_a-nano-freer.o)
 .ARM.attributes
                0x000008fd       0x34 c:/program files (x86)/gnu tools arm embedded/7 2017-q4-major/bin/../lib/gcc/arm-none-eabi/7.2.1/../../../../arm-none-eabi/lib/thumb/v7e-m/fpv4-sp/hard\libc_nano.a(lib_a-nano-mallocr.o)
 .ARM.attributes
                0x00000931       0x34 c:/program files (x86)/gnu tools arm embedded/7 2017-q4-major/bin/../lib/gcc/arm-none-eabi/7.2.1/../../../../arm-none-eabi/lib/thumb/v7e-m/fpv4-sp/hard\libc_nano.a(lib_a-nano-vfprintf.o)
 .ARM.attributes
                0x00000965       0x34 c:/program files (x86)/gnu tools arm embedded/7 2017-q4-major/bin/../lib/gcc/arm-none-eabi/7.2.1/../../../../arm-none-eabi/lib/thumb/v7e-m/fpv4-sp/hard\libc_nano.a(lib_a-sbrkr.o)
 .ARM.attributes
                0x00000999       0x34 c:/program files (x86)/gnu tools arm embedded/7 2017-q4-major/bin/../lib/gcc/arm-none-eabi/7.2.1/../../../../arm-none-eabi/lib/thumb/v7e-m/fpv4-sp/hard\libc_nano.a(lib_a-stdio.o)
 .ARM.attributes
                0x000009cd       0x34 c:/program files (x86)/gnu tools arm embedded/7 2017-q4-major/bin/../lib/gcc/arm-none-eabi/7.2.1/../../../../arm-none-eabi/lib/thumb/v7e-m/fpv4-sp/hard\libc_nano.a(lib_a-wbuf.o)
 .ARM.attributes
                0x00000a01       0x34 c:/program files (x86)/gnu tools arm embedded/7 2017-q4-major/bin/../lib/gcc/arm-none-eabi/7.2.1/../../../../arm-none-eabi/lib/thumb/v7e-m/fpv4-sp/hard\libc_nano.a(lib_a-writer.o)
 .ARM.attributes
                0x00000a35       0x34 c:/program files (x86)/gnu tools arm embedded/7 2017-q4-major/bin/../lib/gcc/arm-none-eabi/7.2.1/../../../../arm-none-eabi/lib/thumb/v7e-m/fpv4-sp/hard\libc_nano.a(lib_a-wsetup.o)
 .ARM.attributes
                0x00000a69       0x34 c:/program files (x86)/gnu tools arm embedded/7 2017-q4-major/bin/../lib/gcc/arm-none-eabi/7.2.1/../../../../arm-none-eabi/lib/thumb/v7e-m/fpv4-sp/hard\libc_nano.a(lib_a-closer.o)
 .ARM.attributes
                0x00000a9d       0x34 c:/program files (x86)/gnu tools arm embedded/7 2017-q4-major/bin/../lib/gcc/arm-none-eabi/7.2.1/../../../../arm-none-eabi/lib/thumb/v7e-m/fpv4-sp/hard\libc_nano.a(lib_a-fstatr.o)
 .ARM.attributes
                0x00000ad1       0x34 c:/program files (x86)/gnu tools arm embedded/7 2017-q4-major/bin/../lib/gcc/arm-none-eabi/7.2.1/../../../../arm-none-eabi/lib/thumb/v7e-m/fpv4-sp/hard\libc_nano.a(lib_a-isattyr.o)
 .ARM.attributes
                0x00000b05       0x34 c:/program files (x86)/gnu tools arm embedded/7 2017-q4-major/bin/../lib/gcc/arm-none-eabi/7.2.1/../../../../arm-none-eabi/lib/thumb/v7e-m/fpv4-sp/hard\libc_nano.a(lib_a-locale.o)
 .ARM.attributes
                0x00000b39       0x34 c:/program files (x86)/gnu tools arm embedded/7 2017-q4-major/bin/../lib/gcc/arm-none-eabi/7.2.1/../../../../arm-none-eabi/lib/thumb/v7e-m/fpv4-sp/hard\libc_nano.a(lib_a-lseekr.o)
 .ARM.attributes
                0x00000b6d       0x34 c:/program files (x86)/gnu tools arm embedded/7 2017-q4-major/bin/../lib/gcc/arm-none-eabi/7.2.1/../../../../arm-none-eabi/lib/thumb/v7e-m/fpv4-sp/hard\libc_nano.a(lib_a-mbtowc_r.o)
 .ARM.attributes
                0x00000ba1       0x34 c:/program files (x86)/gnu tools arm embedded/7 2017-q4-major/bin/../lib/gcc/arm-none-eabi/7.2.1/../../../../arm-none-eabi/lib/thumb/v7e-m/fpv4-sp/hard\libc_nano.a(lib_a-mlock.o)
 .ARM.attributes
                0x00000bd5       0x34 c:/program files (x86)/gnu tools arm embedded/7 2017-q4-major/bin/../lib/gcc/arm-none-eabi/7.2.1/../../../../arm-none-eabi/lib/thumb/v7e-m/fpv4-sp/hard\libc_nano.a(lib_a-readr.o)
 .ARM.attributes
                0x00000c09       0x34 c:/program files (x86)/gnu tools arm embedded/7 2017-q4-major/bin/../lib/gcc/arm-none-eabi/7.2.1/../../../../arm-none-eabi/lib/thumb/v7e-m/fpv4-sp/hard\libc_nano.a(lib_a-reent.o)
 .ARM.attributes
                0x00000c3d       0x34 c:/program files (x86)/gnu tools arm embedded/7 2017-q4-major/bin/../lib/gcc/arm-none-eabi/7.2.1/../../../../arm-none-eabi/lib/thumb/v7e-m/fpv4-sp/hard\libc_nano.a(lib_a-wctomb_r.o)
 .ARM.attributes
                0x00000c71       0x34 c:/program files (x86)/gnu tools arm embedded/7 2017-q4-major/bin/../lib/gcc/arm-none-eabi/7.2.1/../../../../arm-none-eabi/lib/thumb/v7e-m/fpv4-sp/hard\libc_nano.a(lib_a-ctype_.o)
 .ARM.attributes
                0x00000ca5       0x22 c:/program files (x86)/gnu tools arm embedded/7 2017-q4-major/bin/../lib/gcc/arm-none-eabi/7.2.1/thumb/v7e-m/fpv4-sp/hard\libgcc.a(_arm_addsubdf3.o)
 .ARM.attributes
                0x00000cc7       0x22 c:/program files (x86)/gnu tools arm embedded/7 2017-q4-major/bin/../lib/gcc/arm-none-eabi/7.2.1/thumb/v7e-m/fpv4-sp/hard\libgcc.a(_arm_muldivdf3.o)
 .ARM.attributes
                0x00000ce9       0x22 c:/program files (x86)/gnu tools arm embedded/7 2017-q4-major/bin/../lib/gcc/arm-none-eabi/7.2.1/thumb/v7e-m/fpv4-sp/hard\libgcc.a(_arm_cmpdf2.o)
 .ARM.attributes
                0x00000d0b       0x22 c:/program files (x86)/gnu tools arm embedded/7 2017-q4-major/bin/../lib/gcc/arm-none-eabi/7.2.1/thumb/v7e-m/fpv4-sp/hard\libgcc.a(_arm_unorddf2.o)
 .ARM.attributes
                0x00000d2d       0x22 c:/program files (x86)/gnu tools arm embedded/7 2017-q4-major/bin/../lib/gcc/arm-none-eabi/7.2.1/thumb/v7e-m/fpv4-sp/hard\libgcc.a(_arm_fixdfsi.o)
 .ARM.attributes
                0x00000d4f       0x22 c:/program files (x86)/gnu tools arm embedded/7 2017-q4-major/bin/../lib/gcc/arm-none-eabi/7.2.1/thumb/v7e-m/fpv4-sp/hard/crtn.o
OUTPUT(build/original2.elf elf32-littlearm)

.debug_info     0x00000000    0x1e5d0
 .debug_info    0x00000000     0x2172 build/stm32f4xx_hal_uart.o
 .debug_info    0x00002172     0x110f build/stm32f4xx_hal_gpio.o
 .debug_info    0x00003281     0x1330 build/stm32f4xx_hal.o
 .debug_info    0x000045b1     0x1903 build/stm32f4xx_hal_cortex.o
 .debug_info    0x00005eb4     0x23ab build/main.o
 .debug_info    0x0000825f     0x1924 build/adc.o
 .debug_info    0x00009b83      0xd4e build/stm32f4xx_hal_msp.o
 .debug_info    0x0000a8d1     0x1d71 build/stm32f4xx_hal_tim_ex.o
 .debug_info    0x0000c642      0xe82 build/system_stm32f4xx.o
 .debug_info    0x0000d4c4     0x1367 build/usart.o
 .debug_info    0x0000e82b     0x16b9 build/stm32f4xx_hal_rcc.o
 .debug_info    0x0000fee4     0x1848 build/stm32f4xx_hal_adc.o
 .debug_info    0x0001172c     0x145f build/gpio.o
 .debug_info    0x00012b8b     0x110b build/stm32f4xx_it.o
 .debug_info    0x00013c96     0x3a3a build/stm32f4xx_hal_tim.o
 .debug_info    0x000176d0     0x217c build/tim.o
 .debug_info    0x0001984c     0x2464 build/stm32f4xx_hal_spi.o
 .debug_info    0x0001bcb0     0x17b3 build/spi.o
 .debug_info    0x0001d463     0x114b build/syscalls.o
 .debug_info    0x0001e5ae       0x22 build/startup_stm32f405xx.o

.debug_abbrev   0x00000000     0x35ba
 .debug_abbrev  0x00000000      0x375 build/stm32f4xx_hal_uart.o
 .debug_abbrev  0x00000375      0x2be build/stm32f4xx_hal_gpio.o
 .debug_abbrev  0x00000633      0x345 build/stm32f4xx_hal.o
 .debug_abbrev  0x00000978      0x3dc build/stm32f4xx_hal_cortex.o
 .debug_abbrev  0x00000d54      0x2cb build/main.o
 .debug_abbrev  0x0000101f      0x28d build/adc.o
 .debug_abbrev  0x000012ac      0x1ed build/stm32f4xx_hal_msp.o
 .debug_abbrev  0x00001499      0x2f8 build/stm32f4xx_hal_tim_ex.o
 .debug_abbrev  0x00001791      0x1e6 build/system_stm32f4xx.o
 .debug_abbrev  0x00001977      0x23b build/usart.o
 .debug_abbrev  0x00001bb2      0x38a build/stm32f4xx_hal_rcc.o
 .debug_abbrev  0x00001f3c      0x355 build/stm32f4xx_hal_adc.o
 .debug_abbrev  0x00002291      0x256 build/gpio.o
 .debug_abbrev  0x000024e7      0x22d build/stm32f4xx_it.o
 .debug_abbrev  0x00002714      0x310 build/stm32f4xx_hal_tim.o
 .debug_abbrev  0x00002a24      0x2df build/tim.o
 .debug_abbrev  0x00002d03      0x323 build/stm32f4xx_hal_spi.o
 .debug_abbrev  0x00003026      0x2af build/spi.o
 .debug_abbrev  0x000032d5      0x2d3 build/syscalls.o
 .debug_abbrev  0x000035a8       0x12 build/startup_stm32f405xx.o

.debug_loc      0x00000000     0xc247
 .debug_loc     0x00000000     0x1a3f build/stm32f4xx_hal_uart.o
 .debug_loc     0x00001a3f      0x531 build/stm32f4xx_hal_gpio.o
 .debug_loc     0x00001f70      0x129 build/stm32f4xx_hal.o
 .debug_loc     0x00002099      0x65e build/stm32f4xx_hal_cortex.o
 .debug_loc     0x000026f7      0x151 build/main.o
 .debug_loc     0x00002848      0x30d build/adc.o
 .debug_loc     0x00002b55       0x20 build/stm32f4xx_hal_msp.o
 .debug_loc     0x00002b75     0x131e build/stm32f4xx_hal_tim_ex.o
 .debug_loc     0x00003e93      0x13e build/system_stm32f4xx.o
 .debug_loc     0x00003fd1       0xd3 build/usart.o
 .debug_loc     0x000040a4      0x635 build/stm32f4xx_hal_rcc.o
 .debug_loc     0x000046d9      0xbe6 build/stm32f4xx_hal_adc.o
 .debug_loc     0x000052bf      0x2be build/gpio.o
 .debug_loc     0x0000557d       0x40 build/stm32f4xx_it.o
 .debug_loc     0x000055bd     0x404a build/stm32f4xx_hal_tim.o
 .debug_loc     0x00009607      0x4be build/tim.o
 .debug_loc     0x00009ac5     0x1ffb build/stm32f4xx_hal_spi.o
 .debug_loc     0x0000bac0      0x26c build/spi.o
 .debug_loc     0x0000bd2c      0x51b build/syscalls.o

.debug_aranges  0x00000000      0xed8
 .debug_aranges
                0x00000000      0x1d0 build/stm32f4xx_hal_uart.o
 .debug_aranges
                0x000001d0       0x58 build/stm32f4xx_hal_gpio.o
 .debug_aranges
                0x00000228       0xc8 build/stm32f4xx_hal.o
 .debug_aranges
                0x000002f0       0xa8 build/stm32f4xx_hal_cortex.o
 .debug_aranges
                0x00000398       0x40 build/main.o
 .debug_aranges
                0x000003d8       0x58 build/adc.o
 .debug_aranges
                0x00000430       0x20 build/stm32f4xx_hal_msp.o
 .debug_aranges
                0x00000450      0x140 build/stm32f4xx_hal_tim_ex.o
 .debug_aranges
                0x00000590       0x28 build/system_stm32f4xx.o
 .debug_aranges
                0x000005b8       0x30 build/usart.o
 .debug_aranges
                0x000005e8       0x88 build/stm32f4xx_hal_rcc.o
 .debug_aranges
                0x00000670       0xe8 build/stm32f4xx_hal_adc.o
 .debug_aranges
                0x00000758       0x30 build/gpio.o
 .debug_aranges
                0x00000788       0x68 build/stm32f4xx_it.o
 .debug_aranges
                0x000007f0      0x368 build/stm32f4xx_hal_tim.o
 .debug_aranges
                0x00000b58       0x88 build/tim.o
 .debug_aranges
                0x00000be0      0x1c8 build/stm32f4xx_hal_spi.o
 .debug_aranges
                0x00000da8       0x58 build/spi.o
 .debug_aranges
                0x00000e00       0xb0 build/syscalls.o
 .debug_aranges
                0x00000eb0       0x28 build/startup_stm32f405xx.o

.debug_ranges   0x00000000      0xe00
 .debug_ranges  0x00000000      0x1c0 build/stm32f4xx_hal_uart.o
 .debug_ranges  0x000001c0       0x48 build/stm32f4xx_hal_gpio.o
 .debug_ranges  0x00000208       0xb8 build/stm32f4xx_hal.o
 .debug_ranges  0x000002c0       0xf8 build/stm32f4xx_hal_cortex.o
 .debug_ranges  0x000003b8       0x30 build/main.o
 .debug_ranges  0x000003e8       0x48 build/adc.o
 .debug_ranges  0x00000430       0x10 build/stm32f4xx_hal_msp.o
 .debug_ranges  0x00000440      0x130 build/stm32f4xx_hal_tim_ex.o
 .debug_ranges  0x00000570       0x18 build/system_stm32f4xx.o
 .debug_ranges  0x00000588       0x20 build/usart.o
 .debug_ranges  0x000005a8       0x78 build/stm32f4xx_hal_rcc.o
 .debug_ranges  0x00000620       0xd8 build/stm32f4xx_hal_adc.o
 .debug_ranges  0x000006f8       0x20 build/gpio.o
 .debug_ranges  0x00000718       0x58 build/stm32f4xx_it.o
 .debug_ranges  0x00000770      0x358 build/stm32f4xx_hal_tim.o
 .debug_ranges  0x00000ac8       0x78 build/tim.o
 .debug_ranges  0x00000b40      0x1b8 build/stm32f4xx_hal_spi.o
 .debug_ranges  0x00000cf8       0x48 build/spi.o
 .debug_ranges  0x00000d40       0xa0 build/syscalls.o
 .debug_ranges  0x00000de0       0x20 build/startup_stm32f405xx.o

.debug_line     0x00000000     0x7166
 .debug_line    0x00000000      0xbd9 build/stm32f4xx_hal_uart.o
 .debug_line    0x00000bd9      0x410 build/stm32f4xx_hal_gpio.o
 .debug_line    0x00000fe9      0x44f build/stm32f4xx_hal.o
 .debug_line    0x00001438      0x4c2 build/stm32f4xx_hal_cortex.o
 .debug_line    0x000018fa      0x45e build/main.o
 .debug_line    0x00001d58      0x40a build/adc.o
 .debug_line    0x00002162      0x264 build/stm32f4xx_hal_msp.o
 .debug_line    0x000023c6      0x878 build/stm32f4xx_hal_tim_ex.o
 .debug_line    0x00002c3e      0x255 build/system_stm32f4xx.o
 .debug_line    0x00002e93      0x2e3 build/usart.o
 .debug_line    0x00003176      0x5f0 build/stm32f4xx_hal_rcc.o
 .debug_line    0x00003766      0x773 build/stm32f4xx_hal_adc.o
 .debug_line    0x00003ed9      0x2dd build/gpio.o
 .debug_line    0x000041b6      0x34a build/stm32f4xx_it.o
 .debug_line    0x00004500     0x1332 build/stm32f4xx_hal_tim.o
 .debug_line    0x00005832      0x4b9 build/tim.o
 .debug_line    0x00005ceb      0xca9 build/stm32f4xx_hal_spi.o
 .debug_line    0x00006994      0x3b7 build/spi.o
 .debug_line    0x00006d4b      0x3a7 build/syscalls.o
 .debug_line    0x000070f2       0x74 build/startup_stm32f405xx.o

.debug_str      0x00000000     0x44e9
 .debug_str     0x00000000      0xef4 build/stm32f4xx_hal_uart.o
                               0x1000 (size before relaxing)
 .debug_str     0x00000ef4      0x2c0 build/stm32f4xx_hal_gpio.o
                                0x8fe (size before relaxing)
 .debug_str     0x000011b4      0x76d build/stm32f4xx_hal.o
                                0xe93 (size before relaxing)
 .debug_str     0x00001921      0x3c0 build/stm32f4xx_hal_cortex.o
                               0x100c (size before relaxing)
 .debug_str     0x00001ce1      0x7e9 build/main.o
                               0x189c (size before relaxing)
 .debug_str     0x000024ca      0x111 build/adc.o
                                0xcb7 (size before relaxing)
 .debug_str     0x000025db       0x18 build/stm32f4xx_hal_msp.o
                                0xae7 (size before relaxing)
 .debug_str     0x000025f3      0x636 build/stm32f4xx_hal_tim_ex.o
                               0x1083 (size before relaxing)
 .debug_str     0x00002c29       0x53 build/system_stm32f4xx.o
                                0x762 (size before relaxing)
 .debug_str     0x00002c7c       0x17 build/usart.o
                                0xbdc (size before relaxing)
 .debug_str     0x00002c93      0x123 build/stm32f4xx_hal_rcc.o
                                0xab8 (size before relaxing)
 .debug_str     0x00002db6      0x260 build/stm32f4xx_hal_adc.o
                                0xd65 (size before relaxing)
 .debug_str     0x00003016       0x12 build/gpio.o
                                0x7bd (size before relaxing)
 .debug_str     0x00003028       0xc6 build/stm32f4xx_it.o
                                0xaee (size before relaxing)
 .debug_str     0x000030ee      0xbca build/stm32f4xx_hal_tim.o
                               0x17c3 (size before relaxing)
 .debug_str     0x00003cb8       0x7b build/tim.o
                               0x150a (size before relaxing)
 .debug_str     0x00003d33      0x4e4 build/stm32f4xx_hal_spi.o
                                0xf88 (size before relaxing)
 .debug_str     0x00004217       0x57 build/spi.o
                                0xcc0 (size before relaxing)
 .debug_str     0x0000426e      0x256 build/syscalls.o
                                0x821 (size before relaxing)
 .debug_str     0x000044c4       0x25 build/startup_stm32f405xx.o
                                 0x49 (size before relaxing)

.comment        0x00000000       0x7e
 .comment       0x00000000       0x7e build/stm32f4xx_hal_uart.o
                                 0x7f (size before relaxing)
 .comment       0x0000007e       0x7f build/stm32f4xx_hal_gpio.o
 .comment       0x0000007e       0x7f build/stm32f4xx_hal.o
 .comment       0x0000007e       0x7f build/stm32f4xx_hal_cortex.o
 .comment       0x0000007e       0x7f build/main.o
 .comment       0x0000007e       0x7f build/adc.o
 .comment       0x0000007e       0x7f build/stm32f4xx_hal_msp.o
 .comment       0x0000007e       0x7f build/stm32f4xx_hal_tim_ex.o
 .comment       0x0000007e       0x7f build/system_stm32f4xx.o
 .comment       0x0000007e       0x7f build/usart.o
 .comment       0x0000007e       0x7f build/stm32f4xx_hal_rcc.o
 .comment       0x0000007e       0x7f build/stm32f4xx_hal_adc.o
 .comment       0x0000007e       0x7f build/gpio.o
 .comment       0x0000007e       0x7f build/stm32f4xx_it.o
 .comment       0x0000007e       0x7f build/stm32f4xx_hal_tim.o
 .comment       0x0000007e       0x7f build/tim.o
 .comment       0x0000007e       0x7f build/stm32f4xx_hal_spi.o
 .comment       0x0000007e       0x7f build/spi.o
 .comment       0x0000007e       0x7f build/syscalls.o

.debug_frame    0x00000000     0x3930
 .debug_frame   0x00000000      0x57c build/stm32f4xx_hal_uart.o
 .debug_frame   0x0000057c       0xec build/stm32f4xx_hal_gpio.o
 .debug_frame   0x00000668      0x1a8 build/stm32f4xx_hal.o
 .debug_frame   0x00000810      0x16c build/stm32f4xx_hal_cortex.o
 .debug_frame   0x0000097c       0x9c build/main.o
 .debug_frame   0x00000a18      0x118 build/adc.o
 .debug_frame   0x00000b30       0x2c build/stm32f4xx_hal_msp.o
 .debug_frame   0x00000b5c      0x3f0 build/stm32f4xx_hal_tim_ex.o
 .debug_frame   0x00000f4c       0x30 build/system_stm32f4xx.o
 .debug_frame   0x00000f7c       0x64 build/usart.o
 .debug_frame   0x00000fe0      0x158 build/stm32f4xx_hal_rcc.o
 .debug_frame   0x00001138      0x2b8 build/stm32f4xx_hal_adc.o
 .debug_frame   0x000013f0       0x78 build/gpio.o
 .debug_frame   0x00001468       0xc8 build/stm32f4xx_it.o
 .debug_frame   0x00001530      0xb0c build/stm32f4xx_hal_tim.o
 .debug_frame   0x0000203c      0x1a8 build/tim.o
 .debug_frame   0x000021e4      0x5ec build/stm32f4xx_hal_spi.o
 .debug_frame   0x000027d0      0x108 build/spi.o
 .debug_frame   0x000028d8      0x1d8 build/syscalls.o
 .debug_frame   0x00002ab0       0x20 c:/program files (x86)/gnu tools arm embedded/7 2017-q4-major/bin/../lib/gcc/arm-none-eabi/7.2.1/../../../../arm-none-eabi/lib/thumb/v7e-m/fpv4-sp/hard\libc_nano.a(lib_a-errno.o)
 .debug_frame   0x00002ad0       0x2c c:/program files (x86)/gnu tools arm embedded/7 2017-q4-major/bin/../lib/gcc/arm-none-eabi/7.2.1/../../../../arm-none-eabi/lib/thumb/v7e-m/fpv4-sp/hard\libc_nano.a(lib_a-init.o)
 .debug_frame   0x00002afc       0x20 c:/program files (x86)/gnu tools arm embedded/7 2017-q4-major/bin/../lib/gcc/arm-none-eabi/7.2.1/../../../../arm-none-eabi/lib/thumb/v7e-m/fpv4-sp/hard\libc_nano.a(lib_a-memset.o)
 .debug_frame   0x00002b1c       0x8c c:/program files (x86)/gnu tools arm embedded/7 2017-q4-major/bin/../lib/gcc/arm-none-eabi/7.2.1/../../../../arm-none-eabi/lib/thumb/v7e-m/fpv4-sp/hard\libc_nano.a(lib_a-nano-vfprintf_float.o)
 .debug_frame   0x00002ba8       0x60 c:/program files (x86)/gnu tools arm embedded/7 2017-q4-major/bin/../lib/gcc/arm-none-eabi/7.2.1/../../../../arm-none-eabi/lib/thumb/v7e-m/fpv4-sp/hard\libc_nano.a(lib_a-nano-vfprintf_i.o)
 .debug_frame   0x00002c08       0x74 c:/program files (x86)/gnu tools arm embedded/7 2017-q4-major/bin/../lib/gcc/arm-none-eabi/7.2.1/../../../../arm-none-eabi/lib/thumb/v7e-m/fpv4-sp/hard\libc_nano.a(lib_a-printf.o)
 .debug_frame   0x00002c7c       0x20 c:/program files (x86)/gnu tools arm embedded/7 2017-q4-major/bin/../lib/gcc/arm-none-eabi/7.2.1/../../../../arm-none-eabi/lib/thumb/v7e-m/fpv4-sp/hard\libc_nano.a(lib_a-setbuf.o)
 .debug_frame   0x00002c9c       0x38 c:/program files (x86)/gnu tools arm embedded/7 2017-q4-major/bin/../lib/gcc/arm-none-eabi/7.2.1/../../../../arm-none-eabi/lib/thumb/v7e-m/fpv4-sp/hard\libc_nano.a(lib_a-setvbuf.o)
 .debug_frame   0x00002cd4       0x70 c:/program files (x86)/gnu tools arm embedded/7 2017-q4-major/bin/../lib/gcc/arm-none-eabi/7.2.1/../../../../arm-none-eabi/lib/thumb/v7e-m/fpv4-sp/hard\libc_nano.a(lib_a-dtoa.o)
 .debug_frame   0x00002d44       0x68 c:/program files (x86)/gnu tools arm embedded/7 2017-q4-major/bin/../lib/gcc/arm-none-eabi/7.2.1/../../../../arm-none-eabi/lib/thumb/v7e-m/fpv4-sp/hard\libc_nano.a(lib_a-fflush.o)
 .debug_frame   0x00002dac      0x11c c:/program files (x86)/gnu tools arm embedded/7 2017-q4-major/bin/../lib/gcc/arm-none-eabi/7.2.1/../../../../arm-none-eabi/lib/thumb/v7e-m/fpv4-sp/hard\libc_nano.a(lib_a-findfp.o)
 .debug_frame   0x00002ec8       0x54 c:/program files (x86)/gnu tools arm embedded/7 2017-q4-major/bin/../lib/gcc/arm-none-eabi/7.2.1/../../../../arm-none-eabi/lib/thumb/v7e-m/fpv4-sp/hard\libc_nano.a(lib_a-fwalk.o)
 .debug_frame   0x00002f1c       0x40 c:/program files (x86)/gnu tools arm embedded/7 2017-q4-major/bin/../lib/gcc/arm-none-eabi/7.2.1/../../../../arm-none-eabi/lib/thumb/v7e-m/fpv4-sp/hard\libc_nano.a(lib_a-localeconv.o)
 .debug_frame   0x00002f5c       0x58 c:/program files (x86)/gnu tools arm embedded/7 2017-q4-major/bin/../lib/gcc/arm-none-eabi/7.2.1/../../../../arm-none-eabi/lib/thumb/v7e-m/fpv4-sp/hard\libc_nano.a(lib_a-makebuf.o)
 .debug_frame   0x00002fb4       0x30 c:/program files (x86)/gnu tools arm embedded/7 2017-q4-major/bin/../lib/gcc/arm-none-eabi/7.2.1/../../../../arm-none-eabi/lib/thumb/v7e-m/fpv4-sp/hard\libc_nano.a(lib_a-malloc.o)
 .debug_frame   0x00002fe4       0x28 c:/program files (x86)/gnu tools arm embedded/7 2017-q4-major/bin/../lib/gcc/arm-none-eabi/7.2.1/../../../../arm-none-eabi/lib/thumb/v7e-m/fpv4-sp/hard\libc_nano.a(lib_a-memcpy-stub.o)
 .debug_frame   0x0000300c      0x244 c:/program files (x86)/gnu tools arm embedded/7 2017-q4-major/bin/../lib/gcc/arm-none-eabi/7.2.1/../../../../arm-none-eabi/lib/thumb/v7e-m/fpv4-sp/hard\libc_nano.a(lib_a-mprec.o)
 .debug_frame   0x00003250       0x2c c:/program files (x86)/gnu tools arm embedded/7 2017-q4-major/bin/../lib/gcc/arm-none-eabi/7.2.1/../../../../arm-none-eabi/lib/thumb/v7e-m/fpv4-sp/hard\libc_nano.a(lib_a-nano-callocr.o)
 .debug_frame   0x0000327c       0x38 c:/program files (x86)/gnu tools arm embedded/7 2017-q4-major/bin/../lib/gcc/arm-none-eabi/7.2.1/../../../../arm-none-eabi/lib/thumb/v7e-m/fpv4-sp/hard\libc_nano.a(lib_a-nano-freer.o)
 .debug_frame   0x000032b4       0x2c c:/program files (x86)/gnu tools arm embedded/7 2017-q4-major/bin/../lib/gcc/arm-none-eabi/7.2.1/../../../../arm-none-eabi/lib/thumb/v7e-m/fpv4-sp/hard\libc_nano.a(lib_a-nano-mallocr.o)
 .debug_frame   0x000032e0       0xac c:/program files (x86)/gnu tools arm embedded/7 2017-q4-major/bin/../lib/gcc/arm-none-eabi/7.2.1/../../../../arm-none-eabi/lib/thumb/v7e-m/fpv4-sp/hard\libc_nano.a(lib_a-nano-vfprintf.o)
 .debug_frame   0x0000338c       0x2c c:/program files (x86)/gnu tools arm embedded/7 2017-q4-major/bin/../lib/gcc/arm-none-eabi/7.2.1/../../../../arm-none-eabi/lib/thumb/v7e-m/fpv4-sp/hard\libc_nano.a(lib_a-sbrkr.o)
 .debug_frame   0x000033b8       0x88 c:/program files (x86)/gnu tools arm embedded/7 2017-q4-major/bin/../lib/gcc/arm-none-eabi/7.2.1/../../../../arm-none-eabi/lib/thumb/v7e-m/fpv4-sp/hard\libc_nano.a(lib_a-stdio.o)
 .debug_frame   0x00003440       0x40 c:/program files (x86)/gnu tools arm embedded/7 2017-q4-major/bin/../lib/gcc/arm-none-eabi/7.2.1/../../../../arm-none-eabi/lib/thumb/v7e-m/fpv4-sp/hard\libc_nano.a(lib_a-wbuf.o)
 .debug_frame   0x00003480       0x2c c:/program files (x86)/gnu tools arm embedded/7 2017-q4-major/bin/../lib/gcc/arm-none-eabi/7.2.1/../../../../arm-none-eabi/lib/thumb/v7e-m/fpv4-sp/hard\libc_nano.a(lib_a-writer.o)
 .debug_frame   0x000034ac       0x2c c:/program files (x86)/gnu tools arm embedded/7 2017-q4-major/bin/../lib/gcc/arm-none-eabi/7.2.1/../../../../arm-none-eabi/lib/thumb/v7e-m/fpv4-sp/hard\libc_nano.a(lib_a-wsetup.o)
 .debug_frame   0x000034d8       0x2c c:/program files (x86)/gnu tools arm embedded/7 2017-q4-major/bin/../lib/gcc/arm-none-eabi/7.2.1/../../../../arm-none-eabi/lib/thumb/v7e-m/fpv4-sp/hard\libc_nano.a(lib_a-closer.o)
 .debug_frame   0x00003504       0x2c c:/program files (x86)/gnu tools arm embedded/7 2017-q4-major/bin/../lib/gcc/arm-none-eabi/7.2.1/../../../../arm-none-eabi/lib/thumb/v7e-m/fpv4-sp/hard\libc_nano.a(lib_a-fstatr.o)
 .debug_frame   0x00003530       0x2c c:/program files (x86)/gnu tools arm embedded/7 2017-q4-major/bin/../lib/gcc/arm-none-eabi/7.2.1/../../../../arm-none-eabi/lib/thumb/v7e-m/fpv4-sp/hard\libc_nano.a(lib_a-isattyr.o)
 .debug_frame   0x0000355c       0x68 c:/program files (x86)/gnu tools arm embedded/7 2017-q4-major/bin/../lib/gcc/arm-none-eabi/7.2.1/../../../../arm-none-eabi/lib/thumb/v7e-m/fpv4-sp/hard\libc_nano.a(lib_a-locale.o)
 .debug_frame   0x000035c4       0x2c c:/program files (x86)/gnu tools arm embedded/7 2017-q4-major/bin/../lib/gcc/arm-none-eabi/7.2.1/../../../../arm-none-eabi/lib/thumb/v7e-m/fpv4-sp/hard\libc_nano.a(lib_a-lseekr.o)
 .debug_frame   0x000035f0       0x48 c:/program files (x86)/gnu tools arm embedded/7 2017-q4-major/bin/../lib/gcc/arm-none-eabi/7.2.1/../../../../arm-none-eabi/lib/thumb/v7e-m/fpv4-sp/hard\libc_nano.a(lib_a-mbtowc_r.o)
 .debug_frame   0x00003638       0x30 c:/program files (x86)/gnu tools arm embedded/7 2017-q4-major/bin/../lib/gcc/arm-none-eabi/7.2.1/../../../../arm-none-eabi/lib/thumb/v7e-m/fpv4-sp/hard\libc_nano.a(lib_a-mlock.o)
 .debug_frame   0x00003668       0x2c c:/program files (x86)/gnu tools arm embedded/7 2017-q4-major/bin/../lib/gcc/arm-none-eabi/7.2.1/../../../../arm-none-eabi/lib/thumb/v7e-m/fpv4-sp/hard\libc_nano.a(lib_a-readr.o)
 .debug_frame   0x00003694       0x5c c:/program files (x86)/gnu tools arm embedded/7 2017-q4-major/bin/../lib/gcc/arm-none-eabi/7.2.1/../../../../arm-none-eabi/lib/thumb/v7e-m/fpv4-sp/hard\libc_nano.a(lib_a-reent.o)
 .debug_frame   0x000036f0       0x3c c:/program files (x86)/gnu tools arm embedded/7 2017-q4-major/bin/../lib/gcc/arm-none-eabi/7.2.1/../../../../arm-none-eabi/lib/thumb/v7e-m/fpv4-sp/hard\libc_nano.a(lib_a-wctomb_r.o)
 .debug_frame   0x0000372c       0xac c:/program files (x86)/gnu tools arm embedded/7 2017-q4-major/bin/../lib/gcc/arm-none-eabi/7.2.1/thumb/v7e-m/fpv4-sp/hard\libgcc.a(_arm_addsubdf3.o)
 .debug_frame   0x000037d8       0x50 c:/program files (x86)/gnu tools arm embedded/7 2017-q4-major/bin/../lib/gcc/arm-none-eabi/7.2.1/thumb/v7e-m/fpv4-sp/hard\libgcc.a(_arm_muldivdf3.o)
 .debug_frame   0x00003828       0xc4 c:/program files (x86)/gnu tools arm embedded/7 2017-q4-major/bin/../lib/gcc/arm-none-eabi/7.2.1/thumb/v7e-m/fpv4-sp/hard\libgcc.a(_arm_cmpdf2.o)
 .debug_frame   0x000038ec       0x20 c:/program files (x86)/gnu tools arm embedded/7 2017-q4-major/bin/../lib/gcc/arm-none-eabi/7.2.1/thumb/v7e-m/fpv4-sp/hard\libgcc.a(_arm_unorddf2.o)
 .debug_frame   0x0000390c       0x24 c:/program files (x86)/gnu tools arm embedded/7 2017-q4-major/bin/../lib/gcc/arm-none-eabi/7.2.1/thumb/v7e-m/fpv4-sp/hard\libgcc.a(_arm_fixdfsi.o)

Cross Reference Table

Symbol                                            File
ADC_IRQHandler                                    build/startup_stm32f405xx.o
AHBPrescTable                                     build/system_stm32f4xx.o
                                                  build/stm32f4xx_hal_rcc.o
APBPrescTable                                     build/system_stm32f4xx.o
                                                  build/stm32f4xx_hal_rcc.o
BusFault_Handler                                  build/stm32f4xx_it.o
CAN1_RX0_IRQHandler                               build/startup_stm32f405xx.o
CAN1_RX1_IRQHandler                               build/startup_stm32f405xx.o
CAN1_SCE_IRQHandler                               build/startup_stm32f405xx.o
CAN1_TX_IRQHandler                                build/startup_stm32f405xx.o
CAN2_RX0_IRQHandler                               build/startup_stm32f405xx.o
CAN2_RX1_IRQHandler                               build/startup_stm32f405xx.o
CAN2_SCE_IRQHandler                               build/startup_stm32f405xx.o
CAN2_TX_IRQHandler                                build/startup_stm32f405xx.o
DMA1_Stream0_IRQHandler                           build/startup_stm32f405xx.o
DMA1_Stream1_IRQHandler                           build/startup_stm32f405xx.o
DMA1_Stream2_IRQHandler                           build/startup_stm32f405xx.o
DMA1_Stream3_IRQHandler                           build/startup_stm32f405xx.o
DMA1_Stream4_IRQHandler                           build/startup_stm32f405xx.o
DMA1_Stream5_IRQHandler                           build/startup_stm32f405xx.o
DMA1_Stream6_IRQHandler                           build/startup_stm32f405xx.o
DMA1_Stream7_IRQHandler                           build/startup_stm32f405xx.o
DMA2_Stream0_IRQHandler                           build/startup_stm32f405xx.o
DMA2_Stream1_IRQHandler                           build/startup_stm32f405xx.o
DMA2_Stream2_IRQHandler                           build/startup_stm32f405xx.o
DMA2_Stream3_IRQHandler                           build/startup_stm32f405xx.o