Archive member included to satisfy reference by file (symbol)

c:/program files (x86)/gnu tools arm embedded/7 2017-q4-major/bin/../lib/gcc/arm-none-eabi/7.2.1/../../../../arm-none-eabi/lib/thumb/v7e-m/fpv4-sp/hard\libc_nano.a(lib_a-errno.o)
                              build/syscalls.o (__errno)
c:/program files (x86)/gnu tools arm embedded/7 2017-q4-major/bin/../lib/gcc/arm-none-eabi/7.2.1/../../../../arm-none-eabi/lib/thumb/v7e-m/fpv4-sp/hard\libc_nano.a(lib_a-exit.o)
                              c:/program files (x86)/gnu tools arm embedded/7 2017-q4-major/bin/../lib/gcc/arm-none-eabi/7.2.1/../../../../arm-none-eabi/lib/thumb/v7e-m/fpv4-sp/hard/crt0.o (exit)
c:/program files (x86)/gnu tools arm embedded/7 2017-q4-major/bin/../lib/gcc/arm-none-eabi/7.2.1/../../../../arm-none-eabi/lib/thumb/v7e-m/fpv4-sp/hard\libc_nano.a(lib_a-impure.o)
                              c:/program files (x86)/gnu tools arm embedded/7 2017-q4-major/bin/../lib/gcc/arm-none-eabi/7.2.1/../../../../arm-none-eabi/lib/thumb/v7e-m/fpv4-sp/hard\libc_nano.a(lib_a-exit.o) (_global_impure_ptr)
c:/program files (x86)/gnu tools arm embedded/7 2017-q4-major/bin/../lib/gcc/arm-none-eabi/7.2.1/../../../../arm-none-eabi/lib/thumb/v7e-m/fpv4-sp/hard\libc_nano.a(lib_a-init.o)
                              c:/program files (x86)/gnu tools arm embedded/7 2017-q4-major/bin/../lib/gcc/arm-none-eabi/7.2.1/../../../../arm-none-eabi/lib/thumb/v7e-m/fpv4-sp/hard/crt0.o (__libc_init_array)
c:/program files (x86)/gnu tools arm embedded/7 2017-q4-major/bin/../lib/gcc/arm-none-eabi/7.2.1/../../../../arm-none-eabi/lib/thumb/v7e-m/fpv4-sp/hard\libc_nano.a(lib_a-memset.o)
                              c:/program files (x86)/gnu tools arm embedded/7 2017-q4-major/bin/../lib/gcc/arm-none-eabi/7.2.1/../../../../arm-none-eabi/lib/thumb/v7e-m/fpv4-sp/hard/crt0.o (memset)
c:/program files (x86)/gnu tools arm embedded/7 2017-q4-major/bin/../lib/gcc/arm-none-eabi/7.2.1/../../../../arm-none-eabi/lib/thumb/v7e-m/fpv4-sp/hard\libc_nano.a(lib_a-nano-vfprintf_float.o)
                              (_printf_float)
c:/program files (x86)/gnu tools arm embedded/7 2017-q4-major/bin/../lib/gcc/arm-none-eabi/7.2.1/../../../../arm-none-eabi/lib/thumb/v7e-m/fpv4-sp/hard\libc_nano.a(lib_a-nano-vfprintf_i.o)
                              c:/program files (x86)/gnu tools arm embedded/7 2017-q4-major/bin/../lib/gcc/arm-none-eabi/7.2.1/../../../../arm-none-eabi/lib/thumb/v7e-m/fpv4-sp/hard\libc_nano.a(lib_a-nano-vfprintf_float.o) (_printf_common)
c:/program files (x86)/gnu tools arm embedded/7 2017-q4-major/bin/../lib/gcc/arm-none-eabi/7.2.1/../../../../arm-none-eabi/lib/thumb/v7e-m/fpv4-sp/hard\libc_nano.a(lib_a-strlen.o)
                              c:/program files (x86)/gnu tools arm embedded/7 2017-q4-major/bin/../lib/gcc/arm-none-eabi/7.2.1/../../../../arm-none-eabi/lib/thumb/v7e-m/fpv4-sp/hard\libc_nano.a(lib_a-nano-vfprintf_float.o) (strlen)
c:/program files (x86)/gnu tools arm embedded/7 2017-q4-major/bin/../lib/gcc/arm-none-eabi/7.2.1/../../../../arm-none-eabi/lib/thumb/v7e-m/fpv4-sp/hard\libc_nano.a(lib_a-dtoa.o)
                              c:/program files (x86)/gnu tools arm embedded/7 2017-q4-major/bin/../lib/gcc/arm-none-eabi/7.2.1/../../../../arm-none-eabi/lib/thumb/v7e-m/fpv4-sp/hard\libc_nano.a(lib_a-nano-vfprintf_float.o) (_dtoa_r)
c:/program files (x86)/gnu tools arm embedded/7 2017-q4-major/bin/../lib/gcc/arm-none-eabi/7.2.1/../../../../arm-none-eabi/lib/thumb/v7e-m/fpv4-sp/hard\libc_nano.a(lib_a-localeconv.o)
                              c:/program files (x86)/gnu tools arm embedded/7 2017-q4-major/bin/../lib/gcc/arm-none-eabi/7.2.1/../../../../arm-none-eabi/lib/thumb/v7e-m/fpv4-sp/hard\libc_nano.a(lib_a-nano-vfprintf_float.o) (_localeconv_r)
c:/program files (x86)/gnu tools arm embedded/7 2017-q4-major/bin/../lib/gcc/arm-none-eabi/7.2.1/../../../../arm-none-eabi/lib/thumb/v7e-m/fpv4-sp/hard\libc_nano.a(lib_a-malloc.o)
                              c:/program files (x86)/gnu tools arm embedded/7 2017-q4-major/bin/../lib/gcc/arm-none-eabi/7.2.1/../../../../arm-none-eabi/lib/thumb/v7e-m/fpv4-sp/hard\libc_nano.a(lib_a-dtoa.o) (malloc)
c:/program files (x86)/gnu tools arm embedded/7 2017-q4-major/bin/../lib/gcc/arm-none-eabi/7.2.1/../../../../arm-none-eabi/lib/thumb/v7e-m/fpv4-sp/hard\libc_nano.a(lib_a-memchr.o)
                              c:/program files (x86)/gnu tools arm embedded/7 2017-q4-major/bin/../lib/gcc/arm-none-eabi/7.2.1/../../../../arm-none-eabi/lib/thumb/v7e-m/fpv4-sp/hard\libc_nano.a(lib_a-nano-vfprintf_i.o) (memchr)
c:/program files (x86)/gnu tools arm embedded/7 2017-q4-major/bin/../lib/gcc/arm-none-eabi/7.2.1/../../../../arm-none-eabi/lib/thumb/v7e-m/fpv4-sp/hard\libc_nano.a(lib_a-memcpy-stub.o)
                              c:/program files (x86)/gnu tools arm embedded/7 2017-q4-major/bin/../lib/gcc/arm-none-eabi/7.2.1/../../../../arm-none-eabi/lib/thumb/v7e-m/fpv4-sp/hard\libc_nano.a(lib_a-dtoa.o) (memcpy)
[...]
Memory Configuration

Name             Origin             Length             Attributes
RAM              0x20000000         0x00020000         xrw
CCMRAM           0x10000000         0x00010000         rw
FLASH            0x08000000         0x00100000         xr
*default*        0x00000000         0xffffffff

Linker script and memory map

LOAD c:/program files (x86)/gnu tools arm embedded/7 2017-q4-major/bin/../lib/gcc/arm-none-eabi/7.2.1/thumb/v7e-m/fpv4-sp/hard/crti.o
LOAD c:/program files (x86)/gnu tools arm embedded/7 2017-q4-major/bin/../lib/gcc/arm-none-eabi/7.2.1/thumb/v7e-m/fpv4-sp/hard/crtbegin.o
LOAD c:/program files (x86)/gnu tools arm embedded/7 2017-q4-major/bin/../lib/gcc/arm-none-eabi/7.2.1/../../../../arm-none-eabi/lib/thumb/v7e-m/fpv4-sp/hard/crt0.o
LOAD build/stm32f4xx_hal_adc_ex.o
LOAD build/stm32f4xx_hal_uart.o
LOAD build/stm32f4xx_hal_gpio.o
LOAD build/stm32f4xx_hal.o
LOAD build/stm32f4xx_hal_cortex.o
LOAD build/stm32f4xx_hal_pwr_ex.o
LOAD build/main.o
LOAD build/adc.o
LOAD build/stm32f4xx_hal_msp.o
LOAD build/stm32f4xx_hal_flash_ramfunc.o
LOAD build/stm32f4xx_hal_tim_ex.o
LOAD build/system_stm32f4xx.o
LOAD build/usart.o
LOAD build/stm32f4xx_hal_rcc_ex.o
LOAD build/stm32f4xx_hal_flash_ex.o
LOAD build/stm32f4xx_hal_rcc.o
LOAD build/stm32f4xx_hal_dma_ex.o
LOAD build/stm32f4xx_hal_adc.o
LOAD build/stm32f4xx_hal_flash.o
LOAD build/gpio.o
LOAD build/stm32f4xx_it.o
LOAD build/stm32f4xx_hal_tim.o
LOAD build/tim.o
LOAD build/stm32f4xx_hal_pwr.o
LOAD build/stm32f4xx_hal_spi.o
LOAD build/stm32f4xx_hal_dma.o
LOAD build/spi.o
LOAD build/syscalls.o
LOAD build/startup_stm32f405xx.o
LOAD c:/program files (x86)/gnu tools arm embedded/7 2017-q4-major/bin/../lib/gcc/arm-none-eabi/7.2.1/../../../../arm-none-eabi/lib/thumb/v7e-m/fpv4-sp/hard\libc_nano.a
LOAD c:/program files (x86)/gnu tools arm embedded/7 2017-q4-major/bin/../lib/gcc/arm-none-eabi/7.2.1/../../../../arm-none-eabi/lib/thumb/v7e-m/fpv4-sp/hard\libm.a
LOAD c:/program files (x86)/gnu tools arm embedded/7 2017-q4-major/bin/../lib/gcc/arm-none-eabi/7.2.1/../../../../arm-none-eabi/lib/thumb/v7e-m/fpv4-sp/hard\libnosys.a
START GROUP
LOAD c:/program files (x86)/gnu tools arm embedded/7 2017-q4-major/bin/../lib/gcc/arm-none-eabi/7.2.1/thumb/v7e-m/fpv4-sp/hard\libgcc.a
LOAD c:/program files (x86)/gnu tools arm embedded/7 2017-q4-major/bin/../lib/gcc/arm-none-eabi/7.2.1/../../../../arm-none-eabi/lib/thumb/v7e-m/fpv4-sp/hard\libc_nano.a
END GROUP
START GROUP
LOAD c:/program files (x86)/gnu tools arm embedded/7 2017-q4-major/bin/../lib/gcc/arm-none-eabi/7.2.1/thumb/v7e-m/fpv4-sp/hard\libgcc.a
LOAD c:/program files (x86)/gnu tools arm embedded/7 2017-q4-major/bin/../lib/gcc/arm-none-eabi/7.2.1/../../../../arm-none-eabi/lib/thumb/v7e-m/fpv4-sp/hard\libc_nano.a
END GROUP
LOAD c:/program files (x86)/gnu tools arm embedded/7 2017-q4-major/bin/../lib/gcc/arm-none-eabi/7.2.1/thumb/v7e-m/fpv4-sp/hard/crtend.o
LOAD c:/program files (x86)/gnu tools arm embedded/7 2017-q4-major/bin/../lib/gcc/arm-none-eabi/7.2.1/thumb/v7e-m/fpv4-sp/hard/crtn.o
                0x20020000                _estack = 0x20020000
                0x00000200                _Min_Heap_Size = 0x200
                0x00000400                _Min_Stack_Size = 0x400

.isr_vector     0x08000000      0x188
                0x08000000                . = ALIGN (0x4)
 *(.isr_vector)
 .isr_vector    0x08000000      0x188 build/startup_stm32f405xx.o
                0x08000000                g_pfnVectors
                0x08000188                . = ALIGN (0x4)

.text           0x08000188     0x4784
                0x08000188                . = ALIGN (0x4)
 *(.text)
 .text          0x08000188       0x40 c:/program files (x86)/gnu tools arm embedded/7 2017-q4-major/bin/../lib/gcc/arm-none-eabi/7.2.1/thumb/v7e-m/fpv4-sp/hard/crtbegin.o
 .text          0x080001c8       0x10 c:/program files (x86)/gnu tools arm embedded/7 2017-q4-major/bin/../lib/gcc/arm-none-eabi/7.2.1/../../../../arm-none-eabi/lib/thumb/v7e-m/fpv4-sp/hard\libc_nano.a(lib_a-strlen.o)
                0x080001c8                strlen
 .text          0x080001d8      0x378 c:/program files (x86)/gnu tools arm embedded/7 2017-q4-major/bin/../lib/gcc/arm-none-eabi/7.2.1/thumb/v7e-m/fpv4-sp/hard\libgcc.a(_arm_addsubdf3.o)
                0x080001d8                __aeabi_drsub
                0x080001e0                __aeabi_dsub
                0x080001e0                __subdf3
                0x080001e4                __aeabi_dadd
                0x080001e4                __adddf3
                0x0800045c                __floatunsidf
                0x0800045c                __aeabi_ui2d
                0x0800047c                __floatsidf
                0x0800047c                __aeabi_i2d
                0x080004a0                __aeabi_f2d
                0x080004a0                __extendsfdf2
                0x080004e4                __floatundidf
                0x080004e4                __aeabi_ul2d
                0x080004f4                __floatdidf
                0x080004f4                __aeabi_l2d
 .text          0x08000550      0x424 c:/program files (x86)/gnu tools arm embedded/7 2017-q4-major/bin/../lib/gcc/arm-none-eabi/7.2.1/thumb/v7e-m/fpv4-sp/hard\libgcc.a(_arm_muldivdf3.o)
                0x08000550                __aeabi_dmul
                0x08000550                __muldf3
                0x080007a4                __divdf3
                0x080007a4                __aeabi_ddiv
 .text          0x08000974      0x110 c:/program files (x86)/gnu tools arm embedded/7 2017-q4-major/bin/../lib/gcc/arm-none-eabi/7.2.1/thumb/v7e-m/fpv4-sp/hard\libgcc.a(_arm_cmpdf2.o)
                0x08000974                __gtdf2
                0x08000974                __gedf2
                0x0800097c                __ltdf2
                0x0800097c                __ledf2
                0x08000984                __nedf2
                0x08000984                __eqdf2
                0x08000984                __cmpdf2
                0x08000a00                __aeabi_cdrcmple
                0x08000a10                __aeabi_cdcmpeq
                0x08000a10                __aeabi_cdcmple
                0x08000a20                __aeabi_dcmpeq
                0x08000a34                __aeabi_dcmplt
                0x08000a48                __aeabi_dcmple
                0x08000a5c                __aeabi_dcmpge
                0x08000a70                __aeabi_dcmpgt
 .text          0x08000a84       0x2c c:/program files (x86)/gnu tools arm embedded/7 2017-q4-major/bin/../lib/gcc/arm-none-eabi/7.2.1/thumb/v7e-m/fpv4-sp/hard\libgcc.a(_arm_unorddf2.o)
                0x08000a84                __unorddf2
                0x08000a84                __aeabi_dcmpun
 .text          0x08000ab0       0x50 c:/program files (x86)/gnu tools arm embedded/7 2017-q4-major/bin/../lib/gcc/arm-none-eabi/7.2.1/thumb/v7e-m/fpv4-sp/hard\libgcc.a(_arm_fixdfsi.o)
                0x08000ab0                __aeabi_d2iz
                0x08000ab0                __fixdfsi
 *(.text*)
 .text.UART_SetConfig
                0x08000b00      0x334 build/stm32f4xx_hal_uart.o
 .text.HAL_UART_Init
                0x08000e34       0x5e build/stm32f4xx_hal_uart.o
                0x08000e34                HAL_UART_Init
 *fill*         0x08000e92        0x2 
 .text.HAL_GPIO_Init
                0x08000e94      0x1c8 build/stm32f4xx_hal_gpio.o
                0x08000e94                HAL_GPIO_Init
 .text.HAL_GPIO_WritePin
                0x0800105c        0xc build/stm32f4xx_hal_gpio.o
                0x0800105c                HAL_GPIO_WritePin
 .text.HAL_InitTick
                0x08001068       0x2c build/stm32f4xx_hal.o
                0x08001068                HAL_InitTick
 .text.HAL_Init
                0x08001094       0x34 build/stm32f4xx_hal.o
                0x08001094                HAL_Init
 .text.HAL_IncTick
                0x080010c8       0x10 build/stm32f4xx_hal.o
                0x080010c8                HAL_IncTick
 .text.HAL_GetTick
                0x080010d8        0xc build/stm32f4xx_hal.o
                0x080010d8                HAL_GetTick
 .text.HAL_NVIC_SetPriorityGrouping
                0x080010e4       0x24 build/stm32f4xx_hal_cortex.o
                0x080010e4                HAL_NVIC_SetPriorityGrouping
 .text.HAL_NVIC_SetPriority
                0x08001108       0x68 build/stm32f4xx_hal_cortex.o
                0x08001108                HAL_NVIC_SetPriority
 .text.HAL_NVIC_EnableIRQ
                0x08001170       0x18 build/stm32f4xx_hal_cortex.o
                0x08001170                HAL_NVIC_EnableIRQ
 .text.HAL_SYSTICK_Config
                0x08001188       0x2c build/stm32f4xx_hal_cortex.o
                0x08001188                HAL_SYSTICK_Config
 .text.HAL_SYSTICK_CLKSourceConfig
                0x080011b4       0x20 build/stm32f4xx_hal_cortex.o
                0x080011b4                HAL_SYSTICK_CLKSourceConfig
 .text.HAL_SYSTICK_Callback
                0x080011d4        0x2 build/stm32f4xx_hal_cortex.o
                0x080011d4                HAL_SYSTICK_Callback
 .text.HAL_SYSTICK_IRQHandler
                0x080011d6        0x8 build/stm32f4xx_hal_cortex.o
                0x080011d6                HAL_SYSTICK_IRQHandler
 .text._Error_Handler
                0x080011de        0x2 build/main.o
                0x080011de                _Error_Handler
 .text.SystemClock_Config
                0x080011e0       0xc0 build/main.o
                0x080011e0                SystemClock_Config
 .text.main     0x080012a0       0x38 build/main.o
                0x080012a0                main
 .text.MX_ADC1_Init
                0x080012d8       0x70 build/adc.o
                0x080012d8                MX_ADC1_Init
 .text.MX_ADC2_Init
                0x08001348       0x70 build/adc.o
                0x08001348                MX_ADC2_Init
 .text.MX_ADC3_Init
                0x080013b8       0x70 build/adc.o
                0x080013b8                MX_ADC3_Init
 .text.HAL_ADC_MspInit
                0x08001428       0xbc build/adc.o
                0x08001428                HAL_ADC_MspInit
 .text.HAL_MspInit
                0x080014e4       0x5e build/stm32f4xx_hal_msp.o
                0x080014e4                HAL_MspInit
 .text.HAL_TIMEx_MasterConfigSynchronization
                0x08001542       0x52 build/stm32f4xx_hal_tim_ex.o
                0x08001542                HAL_TIMEx_MasterConfigSynchronization
 .text.HAL_TIMEx_ConfigBreakDeadTime
                0x08001594       0x58 build/stm32f4xx_hal_tim_ex.o
                0x08001594                HAL_TIMEx_ConfigBreakDeadTime
 .text.HAL_TIMEx_CommutationCallback
                0x080015ec        0x2 build/stm32f4xx_hal_tim_ex.o
                0x080015ec                HAL_TIMEx_CommutationCallback
 .text.HAL_TIMEx_BreakCallback
                0x080015ee        0x2 build/stm32f4xx_hal_tim_ex.o
                0x080015ee                HAL_TIMEx_BreakCallback
 .text.SystemInit
                0x080015f0       0x4c build/system_stm32f4xx.o
                0x080015f0                SystemInit
 .text.MX_USART1_UART_Init
                0x0800163c       0x3c build/usart.o
                0x0800163c                MX_USART1_UART_Init
 .text.HAL_UART_MspInit
                0x08001678       0x58 build/usart.o
                0x08001678                HAL_UART_MspInit
 .text.HAL_RCC_OscConfig
                0x080016d0      0x3b0 build/stm32f4xx_hal_rcc.o
                0x080016d0                HAL_RCC_OscConfig
 .text.HAL_RCC_GetSysClockFreq
                0x08001a80       0x94 build/stm32f4xx_hal_rcc.o
                0x08001a80                HAL_RCC_GetSysClockFreq
 .text.HAL_RCC_ClockConfig
                0x08001b14      0x19c build/stm32f4xx_hal_rcc.o
                0x08001b14                HAL_RCC_ClockConfig
 .text.HAL_RCC_GetHCLKFreq
                0x08001cb0        0xc build/stm32f4xx_hal_rcc.o
                0x08001cb0                HAL_RCC_GetHCLKFreq
 .text.HAL_RCC_GetPCLK1Freq
                0x08001cbc       0x2c build/stm32f4xx_hal_rcc.o
                0x08001cbc                HAL_RCC_GetPCLK1Freq
 .text.HAL_RCC_GetPCLK2Freq
                0x08001ce8       0x2c build/stm32f4xx_hal_rcc.o
                0x08001ce8                HAL_RCC_GetPCLK2Freq
 .text.ADC_Init
                0x08001d14      0x13c build/stm32f4xx_hal_adc.o
 .text.HAL_ADC_Init
                0x08001e50       0x54 build/stm32f4xx_hal_adc.o
                0x08001e50                HAL_ADC_Init
 .text.HAL_ADC_ConfigChannel
                0x08001ea4      0x190 build/stm32f4xx_hal_adc.o
                0x08001ea4                HAL_ADC_ConfigChannel
 .text.MX_GPIO_Init
                0x08002034      0x124 build/gpio.o
                0x08002034                MX_GPIO_Init
 .text.NMI_Handler
                0x08002158        0x2 build/stm32f4xx_it.o
                0x08002158                NMI_Handler
 .text.HardFault_Handler
                0x0800215a        0x2 build/stm32f4xx_it.o
                0x0800215a                HardFault_Handler
 .text.MemManage_Handler
                0x0800215c        0x2 build/stm32f4xx_it.o
                0x0800215c                MemManage_Handler
 .text.BusFault_Handler
                0x0800215e        0x2 build/stm32f4xx_it.o
                0x0800215e                BusFault_Handler
 .text.UsageFault_Handler
                0x08002160        0x2 build/stm32f4xx_it.o
                0x08002160                UsageFault_Handler
 .text.SVC_Handler
                0x08002162        0x2 build/stm32f4xx_it.o
                0x08002162                SVC_Handler
 .text.DebugMon_Handler
                0x08002164        0x2 build/stm32f4xx_it.o
                0x08002164                DebugMon_Handler
 .text.PendSV_Handler
                0x08002166        0x2 build/stm32f4xx_it.o
                0x08002166                PendSV_Handler
 .text.SysTick_Handler
                0x08002168        0xc build/stm32f4xx_it.o
                0x08002168                SysTick_Handler
 .text.TIM5_IRQHandler
                0x08002174       0x10 build/stm32f4xx_it.o
                0x08002174                TIM5_IRQHandler
 .text.TIM_OC1_SetConfig
                0x08002184       0x5c build/stm32f4xx_hal_tim.o
 .text.TIM_OC3_SetConfig
                0x080021e0       0x60 build/stm32f4xx_hal_tim.o
 .text.TIM_OC4_SetConfig
                0x08002240       0x50 build/stm32f4xx_hal_tim.o
 .text.TIM_TI1_ConfigInputStage
                0x08002290       0x26 build/stm32f4xx_hal_tim.o
 .text.TIM_TI2_ConfigInputStage
                0x080022b6       0x28 build/stm32f4xx_hal_tim.o
 .text.TIM_ITRx_SetConfig
                0x080022de       0x10 build/stm32f4xx_hal_tim.o
 .text.TIM_ETR_SetConfig
                0x080022ee       0x18 build/stm32f4xx_hal_tim.o
 .text.HAL_TIM_ConfigClockSource
                0x08002306      0x108 build/stm32f4xx_hal_tim.o
                0x08002306                HAL_TIM_ConfigClockSource
 .text.HAL_TIM_PeriodElapsedCallback
                0x0800240e        0x2 build/stm32f4xx_hal_tim.o
                0x0800240e                HAL_TIM_PeriodElapsedCallback
 .text.HAL_TIM_OC_DelayElapsedCallback
                0x08002410        0x2 build/stm32f4xx_hal_tim.o
                0x08002410                HAL_TIM_OC_DelayElapsedCallback
 .text.HAL_TIM_IC_CaptureCallback
                0x08002412        0x2 build/stm32f4xx_hal_tim.o
                0x08002412                HAL_TIM_IC_CaptureCallback
 .text.HAL_TIM_PWM_PulseFinishedCallback
                0x08002414        0x2 build/stm32f4xx_hal_tim.o
                0x08002414                HAL_TIM_PWM_PulseFinishedCallback
 .text.HAL_TIM_TriggerCallback
                0x08002416        0x2 build/stm32f4xx_hal_tim.o
                0x08002416                HAL_TIM_TriggerCallback
 .text.HAL_TIM_IRQHandler
                0x08002418      0x17a build/stm32f4xx_hal_tim.o
                0x08002418                HAL_TIM_IRQHandler
 *fill*         0x08002592        0x2 
 .text.TIM_Base_SetConfig
                0x08002594       0xc0 build/stm32f4xx_hal_tim.o
                0x08002594                TIM_Base_SetConfig
 .text.HAL_TIM_Base_Init
                0x08002654       0x32 build/stm32f4xx_hal_tim.o
                0x08002654                HAL_TIM_Base_Init
 .text.HAL_TIM_PWM_Init
                0x08002686       0x32 build/stm32f4xx_hal_tim.o
                0x08002686                HAL_TIM_PWM_Init
 .text.HAL_TIM_Encoder_Init
                0x080026b8       0x98 build/stm32f4xx_hal_tim.o
                0x080026b8                HAL_TIM_Encoder_Init
 .text.TIM_OC2_SetConfig
                0x08002750       0x64 build/stm32f4xx_hal_tim.o
                0x08002750                TIM_OC2_SetConfig
 .text.HAL_TIM_PWM_ConfigChannel
                0x080027b4       0xdc build/stm32f4xx_hal_tim.o
                0x080027b4                HAL_TIM_PWM_ConfigChannel
 .text.MX_TIM3_Init
                0x08002890       0x6c build/tim.o
                0x08002890                MX_TIM3_Init
 .text.MX_TIM4_Init
                0x080028fc       0x6c build/tim.o
                0x080028fc                MX_TIM4_Init
 .text.MX_TIM5_Init
                0x08002968       0x74 build/tim.o
                0x08002968                MX_TIM5_Init
 .text.HAL_TIM_PWM_MspInit
                0x080029dc       0x50 build/tim.o
                0x080029dc                HAL_TIM_PWM_MspInit
 .text.HAL_TIM_Encoder_MspInit
                0x08002a2c       0x8c build/tim.o
                0x08002a2c                HAL_TIM_Encoder_MspInit
 .text.HAL_TIM_Base_MspInit
                0x08002ab8       0x40 build/tim.o
                0x08002ab8                HAL_TIM_Base_MspInit
 .text.HAL_TIM_MspPostInit
                0x08002af8       0x60 build/tim.o
                0x08002af8                HAL_TIM_MspPostInit
 .text.MX_TIM1_Init
                0x08002b58       0xb0 build/tim.o
                0x08002b58                MX_TIM1_Init
 .text.MX_TIM2_Init
                0x08002c08       0x94 build/tim.o
                0x08002c08                MX_TIM2_Init
 .text.HAL_SPI_Init
                0x08002c9c       0x80 build/stm32f4xx_hal_spi.o
                0x08002c9c                HAL_SPI_Init
 .text.MX_SPI2_Init
                0x08002d1c       0x48 build/spi.o
                0x08002d1c                MX_SPI2_Init
 .text.HAL_SPI_MspInit
                0x08002d64       0x54 build/spi.o
                0x08002d64                HAL_SPI_MspInit
 .text._sbrk    0x08002db8       0x3c build/syscalls.o
                0x08002db8                _sbrk
 .text.Reset_Handler
                0x08002df4       0x50 build/startup_stm32f405xx.o
                0x08002df4                Reset_Handler
 .text.Default_Handler
                0x08002e44        0x2 build/startup_stm32f405xx.o
                0x08002e44                RTC_Alarm_IRQHandler
                0x08002e44                HASH_RNG_IRQHandler
                0x08002e44                EXTI2_IRQHandler
                0x08002e44                TIM8_CC_IRQHandler
                0x08002e44                TIM1_CC_IRQHandler
                0x08002e44                DMA2_Stream5_IRQHandler
                0x08002e44                DMA1_Stream5_IRQHandler
                0x08002e44                PVD_IRQHandler
                0x08002e44                SDIO_IRQHandler
                0x08002e44                TAMP_STAMP_IRQHandler
                0x08002e44                CAN2_RX1_IRQHandler
                0x08002e44                EXTI3_IRQHandler
                0x08002e44                TIM8_TRG_COM_TIM14_IRQHandler
                0x08002e44                TIM1_UP_TIM10_IRQHandler
                0x08002e44                TIM8_UP_TIM13_IRQHandler
                0x08002e44                I2C3_ER_IRQHandler
                0x08002e44                EXTI0_IRQHandler
                0x08002e44                I2C2_EV_IRQHandler
                0x08002e44                DMA1_Stream2_IRQHandler
                0x08002e44                CAN1_RX0_IRQHandler
                0x08002e44                FPU_IRQHandler
                0x08002e44                OTG_HS_WKUP_IRQHandler
                0x08002e44                CAN2_SCE_IRQHandler
                0x08002e44                DMA2_Stream2_IRQHandler
                0x08002e44                SPI1_IRQHandler
                0x08002e44                TIM6_DAC_IRQHandler
                0x08002e44                TIM1_BRK_TIM9_IRQHandler
                0x08002e44                CAN2_RX0_IRQHandler
                0x08002e44                DMA2_Stream3_IRQHandler
                0x08002e44                USART6_IRQHandler
                0x08002e44                USART3_IRQHandler
                0x08002e44                CAN1_RX1_IRQHandler
                0x08002e44                UART5_IRQHandler
                0x08002e44                DMA2_Stream0_IRQHandler
                0x08002e44                TIM4_IRQHandler
                0x08002e44                I2C1_EV_IRQHandler
                0x08002e44                DMA1_Stream6_IRQHandler
                0x08002e44                DMA1_Stream1_IRQHandler
                0x08002e44                UART4_IRQHandler
                0x08002e44                TIM3_IRQHandler
                0x08002e44                RCC_IRQHandler
                0x08002e44                TIM8_BRK_TIM12_IRQHandler
                0x08002e44                Default_Handler
                0x08002e44                EXTI15_10_IRQHandler
                0x08002e44                ADC_IRQHandler
                0x08002e44                DMA1_Stream7_IRQHandler
                0x08002e44                TIM7_IRQHandler
                0x08002e44                CAN2_TX_IRQHandler
                0x08002e44                DMA2_Stream7_IRQHandler
                0x08002e44                I2C3_EV_IRQHandler
                0x08002e44                EXTI9_5_IRQHandler
                0x08002e44                RTC_WKUP_IRQHandler
                0x08002e44                SPI2_IRQHandler
                0x08002e44                OTG_HS_EP1_IN_IRQHandler
                0x08002e44                DMA1_Stream0_IRQHandler
                0x08002e44                CAN1_TX_IRQHandler
                0x08002e44                EXTI4_IRQHandler
                0x08002e44                FSMC_IRQHandler
                0x08002e44                OTG_HS_EP1_OUT_IRQHandler
                0x08002e44                WWDG_IRQHandler
                0x08002e44                TIM2_IRQHandler
                0x08002e44                OTG_FS_WKUP_IRQHandler
                0x08002e44                TIM1_TRG_COM_TIM11_IRQHandler
                0x08002e44                OTG_HS_IRQHandler
                0x08002e44                EXTI1_IRQHandler
                0x08002e44                USART2_IRQHandler
                0x08002e44                I2C2_ER_IRQHandler
                0x08002e44                DMA2_Stream1_IRQHandler
                0x08002e44                CAN1_SCE_IRQHandler
                0x08002e44                FLASH_IRQHandler
                0x08002e44                DMA2_Stream4_IRQHandler
                0x08002e44                USART1_IRQHandler
                0x08002e44                OTG_FS_IRQHandler
                0x08002e44                SPI3_IRQHandler
                0x08002e44                DMA1_Stream4_IRQHandler
                0x08002e44                I2C1_ER_IRQHandler
                0x08002e44                DMA2_Stream6_IRQHandler
                0x08002e44                DMA1_Stream3_IRQHandler
 *fill*         0x08002e46        0x2 
 .text.__errno  0x08002e48        0xc c:/program files (x86)/gnu tools arm embedded/7 2017-q4-major/bin/../lib/gcc/arm-none-eabi/7.2.1/../../../../arm-none-eabi/lib/thumb/v7e-m/fpv4-sp/hard\libc_nano.a(lib_a-errno.o)
                0x08002e48                __errno
 .text.__libc_init_array
                0x08002e54       0x48 c:/program files (x86)/gnu tools arm embedded/7 2017-q4-major/bin/../lib/gcc/arm-none-eabi/7.2.1/../../../../arm-none-eabi/lib/thumb/v7e-m/fpv4-sp/hard\libc_nano.a(lib_a-init.o)
                0x08002e54                __libc_init_array
 .text.memset   0x08002e9c       0x10 c:/program files (x86)/gnu tools arm embedded/7 2017-q4-major/bin/../lib/gcc/arm-none-eabi/7.2.1/../../../../arm-none-eabi/lib/thumb/v7e-m/fpv4-sp/hard\libc_nano.a(lib_a-memset.o)
                0x08002e9c                memset
 .text.__cvt    0x08002eac       0xc2 c:/program files (x86)/gnu tools arm embedded/7 2017-q4-major/bin/../lib/gcc/arm-none-eabi/7.2.1/../../../../arm-none-eabi/lib/thumb/v7e-m/fpv4-sp/hard\libc_nano.a(lib_a-nano-vfprintf_float.o)
                0x08002eac                __cvt
 .text.__exponent
                0x08002f6e       0x66 c:/program files (x86)/gnu tools arm embedded/7 2017-q4-major/bin/../lib/gcc/arm-none-eabi/7.2.1/../../../../arm-none-eabi/lib/thumb/v7e-m/fpv4-sp/hard\libc_nano.a(lib_a-nano-vfprintf_float.o)
                0x08002f6e                __exponent
 .text._printf_float
                0x08002fd4      0x480 c:/program files (x86)/gnu tools arm embedded/7 2017-q4-major/bin/../lib/gcc/arm-none-eabi/7.2.1/../../../../arm-none-eabi/lib/thumb/v7e-m/fpv4-sp/hard\libc_nano.a(lib_a-nano-vfprintf_float.o)
                0x08002fd4                _printf_float
 .text._printf_common
                0x08003454       0xea c:/program files (x86)/gnu tools arm embedded/7 2017-q4-major/bin/../lib/gcc/arm-none-eabi/7.2.1/../../../../arm-none-eabi/lib/thumb/v7e-m/fpv4-sp/hard\libc_nano.a(lib_a-nano-vfprintf_i.o)
                0x08003454                _printf_common
 .text.quorem   0x0800353e      0x118 c:/program files (x86)/gnu tools arm embedded/7 2017-q4-major/bin/../lib/gcc/arm-none-eabi/7.2.1/../../../../arm-none-eabi/lib/thumb/v7e-m/fpv4-sp/hard\libc_nano.a(lib_a-dtoa.o)
 *fill*         0x08003656        0x2 
 .text._dtoa_r  0x08003658      0xb70 c:/program files (x86)/gnu tools arm embedded/7 2017-q4-major/bin/../lib/gcc/arm-none-eabi/7.2.1/../../../../arm-none-eabi/lib/thumb/v7e-m/fpv4-sp/hard\libc_nano.a(lib_a-dtoa.o)
                0x08003658                _dtoa_r
 .text._localeconv_r
                0x080041c8       0x1c c:/program files (x86)/gnu tools arm embedded/7 2017-q4-major/bin/../lib/gcc/arm-none-eabi/7.2.1/../../../../arm-none-eabi/lib/thumb/v7e-m/fpv4-sp/hard\libc_nano.a(lib_a-localeconv.o)
                0x080041c8                _localeconv_r
 .text.malloc   0x080041e4       0x10 c:/program files (x86)/gnu tools arm embedded/7 2017-q4-major/bin/../lib/gcc/arm-none-eabi/7.2.1/../../../../arm-none-eabi/lib/thumb/v7e-m/fpv4-sp/hard\libc_nano.a(lib_a-malloc.o)
                0x080041e4                malloc
 .text.memcpy   0x080041f4       0x16 c:/program files (x86)/gnu tools arm embedded/7 2017-q4-major/bin/../lib/gcc/arm-none-eabi/7.2.1/../../../../arm-none-eabi/lib/thumb/v7e-m/fpv4-sp/hard\libc_nano.a(lib_a-memcpy-stub.o)
                0x080041f4                memcpy
 .text._Balloc  0x0800420a       0x68 c:/program files (x86)/gnu tools arm embedded/7 2017-q4-major/bin/../lib/gcc/arm-none-eabi/7.2.1/../../../../arm-none-eabi/lib/thumb/v7e-m/fpv4-sp/hard\libc_nano.a(lib_a-mprec.o)
                0x0800420a                _Balloc
 .text._Bfree   0x08004272       0x2e c:/program files (x86)/gnu tools arm embedded/7 2017-q4-major/bin/../lib/gcc/arm-none-eabi/7.2.1/../../../../arm-none-eabi/lib/thumb/v7e-m/fpv4-sp/hard\libc_nano.a(lib_a-mprec.o)
                0x08004272                _Bfree
 .text.__multadd
                0x080042a0       0x76 c:/program files (x86)/gnu tools arm embedded/7 2017-q4-major/bin/../lib/gcc/arm-none-eabi/7.2.1/../../../../arm-none-eabi/lib/thumb/v7e-m/fpv4-sp/hard\libc_nano.a(lib_a-mprec.o)
                0x080042a0                __multadd
 .text.__hi0bits
                0x08004316       0x3e c:/program files (x86)/gnu tools arm embedded/7 2017-q4-major/bin/../lib/gcc/arm-none-eabi/7.2.1/../../../../arm-none-eabi/lib/thumb/v7e-m/fpv4-sp/hard\libc_nano.a(lib_a-mprec.o)
                0x08004316                __hi0bits
 .text.__lo0bits
                0x08004354       0x5e c:/program files (x86)/gnu tools arm embedded/7 2017-q4-major/bin/../lib/gcc/arm-none-eabi/7.2.1/../../../../arm-none-eabi/lib/thumb/v7e-m/fpv4-sp/hard\libc_nano.a(lib_a-mprec.o)
                0x08004354                __lo0bits
 .text.__i2b    0x080043b2       0x12 c:/program files (x86)/gnu tools arm embedded/7 2017-q4-major/bin/../lib/gcc/arm-none-eabi/7.2.1/../../../../arm-none-eabi/lib/thumb/v7e-m/fpv4-sp/hard\libc_nano.a(lib_a-mprec.o)
                0x080043b2                __i2b
 .text.__multiply
                0x080043c4      0x12c c:/program files (x86)/gnu tools arm embedded/7 2017-q4-major/bin/../lib/gcc/arm-none-eabi/7.2.1/../../../../arm-none-eabi/lib/thumb/v7e-m/fpv4-sp/hard\libc_nano.a(lib_a-mprec.o)
                0x080043c4                __multiply
 .text.__pow5mult
                0x080044f0       0x9c c:/program files (x86)/gnu tools arm embedded/7 2017-q4-major/bin/../lib/gcc/arm-none-eabi/7.2.1/../../../../arm-none-eabi/lib/thumb/v7e-m/fpv4-sp/hard\libc_nano.a(lib_a-mprec.o)
                0x080044f0                __pow5mult
 .text.__lshift
                0x0800458c       0xa8 c:/program files (x86)/gnu tools arm embedded/7 2017-q4-major/bin/../lib/gcc/arm-none-eabi/7.2.1/../../../../arm-none-eabi/lib/thumb/v7e-m/fpv4-sp/hard\libc_nano.a(lib_a-mprec.o)
                0x0800458c                __lshift
 .text.__mcmp   0x08004634       0x34 c:/program files (x86)/gnu tools arm embedded/7 2017-q4-major/bin/../lib/gcc/arm-none-eabi/7.2.1/../../../../arm-none-eabi/lib/thumb/v7e-m/fpv4-sp/hard\libc_nano.a(lib_a-mprec.o)
                0x08004634                __mcmp
 .text.__mdiff  0x08004668       0xba c:/program files (x86)/gnu tools arm embedded/7 2017-q4-major/bin/../lib/gcc/arm-none-eabi/7.2.1/../../../../arm-none-eabi/lib/thumb/v7e-m/fpv4-sp/hard\libc_nano.a(lib_a-mprec.o)
                0x08004668                __mdiff
 .text.__d2b    0x08004722       0x9e c:/program files (x86)/gnu tools arm embedded/7 2017-q4-major/bin/../lib/gcc/arm-none-eabi/7.2.1/../../../../arm-none-eabi/lib/thumb/v7e-m/fpv4-sp/hard\libc_nano.a(lib_a-mprec.o)
                0x08004722                __d2b
 .text._calloc_r
                0x080047c0       0x1c c:/program files (x86)/gnu tools arm embedded/7 2017-q4-major/bin/../lib/gcc/arm-none-eabi/7.2.1/../../../../arm-none-eabi/lib/thumb/v7e-m/fpv4-sp/hard\libc_nano.a(lib_a-nano-callocr.o)
                0x080047c0                _calloc_r
 .text._malloc_r
                0x080047dc       0xb4 c:/program files (x86)/gnu tools arm embedded/7 2017-q4-major/bin/../lib/gcc/arm-none-eabi/7.2.1/../../../../arm-none-eabi/lib/thumb/v7e-m/fpv4-sp/hard\libc_nano.a(lib_a-nano-mallocr.o)
                0x080047dc                _malloc_r
 .text._sbrk_r  0x08004890       0x20 c:/program files (x86)/gnu tools arm embedded/7 2017-q4-major/bin/../lib/gcc/arm-none-eabi/7.2.1/../../../../arm-none-eabi/lib/thumb/v7e-m/fpv4-sp/hard\libc_nano.a(lib_a-sbrkr.o)
                0x08004890                _sbrk_r
 .text.__ascii_mbtowc
                0x080048b0       0x24 c:/program files (x86)/gnu tools arm embedded/7 2017-q4-major/bin/../lib/gcc/arm-none-eabi/7.2.1/../../../../arm-none-eabi/lib/thumb/v7e-m/fpv4-sp/hard\libc_nano.a(lib_a-mbtowc_r.o)
                0x080048b0                __ascii_mbtowc
 .text.__malloc_lock
                0x080048d4        0x2 c:/program files (x86)/gnu tools arm embedded/7 2017-q4-major/bin/../lib/gcc/arm-none-eabi/7.2.1/../../../../arm-none-eabi/lib/thumb/v7e-m/fpv4-sp/hard\libc_nano.a(lib_a-mlock.o)
                0x080048d4                __malloc_lock
 .text.__malloc_unlock
                0x080048d6        0x2 c:/program files (x86)/gnu tools arm embedded/7 2017-q4-major/bin/../lib/gcc/arm-none-eabi/7.2.1/../../../../arm-none-eabi/lib/thumb/v7e-m/fpv4-sp/hard\libc_nano.a(lib_a-mlock.o)
                0x080048d6                __malloc_unlock
 .text.__ascii_wctomb
                0x080048d8       0x1a c:/program files (x86)/gnu tools arm embedded/7 2017-q4-major/bin/../lib/gcc/arm-none-eabi/7.2.1/../../../../arm-none-eabi/lib/thumb/v7e-m/fpv4-sp/hard\libc_nano.a(lib_a-wctomb_r.o)
                0x080048d8                __ascii_wctomb
 *(.glue_7)
 .glue_7        0x080048f2        0x0 linker stubs
 *(.glue_7t)
 .glue_7t       0x080048f2        0x0 linker stubs
 *(.eh_frame)
 *fill*         0x080048f2        0x2 
 .eh_frame      0x080048f4        0x0 c:/program files (x86)/gnu tools arm embedded/7 2017-q4-major/bin/../lib/gcc/arm-none-eabi/7.2.1/thumb/v7e-m/fpv4-sp/hard/crtbegin.o
 *(.init)
 .init          0x080048f4        0x4 c:/program files (x86)/gnu tools arm embedded/7 2017-q4-major/bin/../lib/gcc/arm-none-eabi/7.2.1/thumb/v7e-m/fpv4-sp/hard/crti.o
                0x080048f4                _init
 .init          0x080048f8        0x8 c:/program files (x86)/gnu tools arm embedded/7 2017-q4-major/bin/../lib/gcc/arm-none-eabi/7.2.1/thumb/v7e-m/fpv4-sp/hard/crtn.o
 *(.fini)
 .fini          0x08004900        0x4 c:/program files (x86)/gnu tools arm embedded/7 2017-q4-major/bin/../lib/gcc/arm-none-eabi/7.2.1/thumb/v7e-m/fpv4-sp/hard/crti.o
                0x08004900                _fini
 .fini          0x08004904        0x8 c:/program files (x86)/gnu tools arm embedded/7 2017-q4-major/bin/../lib/gcc/arm-none-eabi/7.2.1/thumb/v7e-m/fpv4-sp/hard/crtn.o
                0x0800490c                . = ALIGN (0x4)
                0x0800490c                _etext = .

.vfp11_veneer   0x0800490c        0x0
 .vfp11_veneer  0x0800490c        0x0 linker stubs

.v4_bx          0x0800490c        0x0
 .v4_bx         0x0800490c        0x0 linker stubs

.iplt           0x0800490c        0x0
 .iplt          0x0800490c        0x0 c:/program files (x86)/gnu tools arm embedded/7 2017-q4-major/bin/../lib/gcc/arm-none-eabi/7.2.1/thumb/v7e-m/fpv4-sp/hard/crtbegin.o

.rodata         0x08004910      0x280
                0x08004910                . = ALIGN (0x4)
 *(.rodata)
 *(.rodata*)
 .rodata.SystemClock_Config.str1.4
                0x08004910        0xb build/main.o
 *fill*         0x0800491b        0x1 
 .rodata.MX_ADC1_Init.str1.4
                0x0800491c        0xa build/adc.o
 *fill*         0x08004926        0x2 
 .rodata.AHBPrescTable
                0x08004928       0x10 build/system_stm32f4xx.o
                0x08004928                AHBPrescTable
 .rodata.APBPrescTable
                0x08004938        0x8 build/system_stm32f4xx.o
                0x08004938                APBPrescTable
 .rodata.MX_USART1_UART_Init.str1.4
                0x08004940        0xc build/usart.o
 .rodata.MX_TIM3_Init.str1.4
                0x0800494c        0xa build/tim.o
 *fill*         0x08004956        0x2 
 .rodata.MX_SPI2_Init.str1.4
                0x08004958        0xc build/spi.o
                                  0xa (size before relaxing)
 .rodata._printf_float.str1.1
                0x08004964       0x12 c:/program files (x86)/gnu tools arm embedded/7 2017-q4-major/bin/../lib/gcc/arm-none-eabi/7.2.1/../../../../arm-none-eabi/lib/thumb/v7e-m/fpv4-sp/hard\libc_nano.a(lib_a-nano-vfprintf_float.o)
 .rodata._dtoa_r.str1.1
                0x08004976        0xd c:/program files (x86)/gnu tools arm embedded/7 2017-q4-major/bin/../lib/gcc/arm-none-eabi/7.2.1/../../../../arm-none-eabi/lib/thumb/v7e-m/fpv4-sp/hard\libc_nano.a(lib_a-dtoa.o)
                                  0xf (size before relaxing)
 *fill*         0x08004983        0x5 
 .rodata.__mprec_bigtens
                0x08004988       0x28 c:/program files (x86)/gnu tools arm embedded/7 2017-q4-major/bin/../lib/gcc/arm-none-eabi/7.2.1/../../../../arm-none-eabi/lib/thumb/v7e-m/fpv4-sp/hard\libc_nano.a(lib_a-mprec.o)
                0x08004988                __mprec_bigtens
 .rodata.__mprec_tens
                0x080049b0       0xc8 c:/program files (x86)/gnu tools arm embedded/7 2017-q4-major/bin/../lib/gcc/arm-none-eabi/7.2.1/../../../../arm-none-eabi/lib/thumb/v7e-m/fpv4-sp/hard\libc_nano.a(lib_a-mprec.o)
                0x080049b0                __mprec_tens
 .rodata.p05.7359
                0x08004a78        0xc c:/program files (x86)/gnu tools arm embedded/7 2017-q4-major/bin/../lib/gcc/arm-none-eabi/7.2.1/../../../../arm-none-eabi/lib/thumb/v7e-m/fpv4-sp/hard\libc_nano.a(lib_a-mprec.o)
 .rodata._setlocale_r.str1.1
                0x08004a84        0x8 c:/program files (x86)/gnu tools arm embedded/7 2017-q4-major/bin/../lib/gcc/arm-none-eabi/7.2.1/../../../../arm-none-eabi/lib/thumb/v7e-m/fpv4-sp/hard\libc_nano.a(lib_a-locale.o)
                                  0x9 (size before relaxing)
 .rodata.str1.1
                0x08004a8c        0x2 c:/program files (x86)/gnu tools arm embedded/7 2017-q4-major/bin/../lib/gcc/arm-none-eabi/7.2.1/../../../../arm-none-eabi/lib/thumb/v7e-m/fpv4-sp/hard\libc_nano.a(lib_a-locale.o)
 .rodata._ctype_
                0x08004a8e      0x101 c:/program files (x86)/gnu tools arm embedded/7 2017-q4-major/bin/../lib/gcc/arm-none-eabi/7.2.1/../../../../arm-none-eabi/lib/thumb/v7e-m/fpv4-sp/hard\libc_nano.a(lib_a-ctype_.o)
                0x08004a8e                _ctype_
                0x08004b90                . = ALIGN (0x4)
 *fill*         0x08004b8f        0x1 

.rel.dyn        0x08004b90        0x0
 .rel.iplt      0x08004b90        0x0 c:/program files (x86)/gnu tools arm embedded/7 2017-q4-major/bin/../lib/gcc/arm-none-eabi/7.2.1/thumb/v7e-m/fpv4-sp/hard/crtbegin.o

.ARM.extab
 *(.ARM.extab* .gnu.linkonce.armextab.*)

.ARM            0x08004b90        0x0
                0x08004b90                __exidx_start = .
 *(.ARM.exidx*)
                0x08004b90                __exidx_end = .

.preinit_array  0x08004b90        0x0
                0x08004b90                PROVIDE (__preinit_array_start, .)
 *(.preinit_array*)
                0x08004b90                PROVIDE (__preinit_array_end, .)

.init_array     0x08004b90        0x4
                0x08004b90                PROVIDE (__init_array_start, .)
 *(SORT_BY_NAME(.init_array.*))
 *(.init_array*)
 .init_array    0x08004b90        0x4 c:/program files (x86)/gnu tools arm embedded/7 2017-q4-major/bin/../lib/gcc/arm-none-eabi/7.2.1/thumb/v7e-m/fpv4-sp/hard/crtbegin.o
                0x08004b94                PROVIDE (__init_array_end, .)

.fini_array     0x08004b94        0x4
                [!provide]                PROVIDE (__fini_array_start, .)
 *(SORT_BY_NAME(.fini_array.*))
 *(.fini_array*)
 .fini_array    0x08004b94        0x4 c:/program files (x86)/gnu tools arm embedded/7 2017-q4-major/bin/../lib/gcc/arm-none-eabi/7.2.1/thumb/v7e-m/fpv4-sp/hard/crtbegin.o
                [!provide]                PROVIDE (__fini_array_end, .)
                0x08004b98                _sidata = LOADADDR (.data)

.data           0x20000000      0x1d4 load address 0x08004b98
                0x20000000                . = ALIGN (0x4)
                0x20000000                _sdata = .
 *(.data)
 *(.data*)
 .data.SystemCoreClock
                0x20000000        0x4 build/system_stm32f4xx.o
                0x20000000                SystemCoreClock
 .data._impure_ptr
                0x20000004        0x4 c:/program files (x86)/gnu tools arm embedded/7 2017-q4-major/bin/../lib/gcc/arm-none-eabi/7.2.1/../../../../arm-none-eabi/lib/thumb/v7e-m/fpv4-sp/hard\libc_nano.a(lib_a-impure.o)
                0x20000004                _impure_ptr
 .data.impure_data
                0x20000008       0x60 c:/program files (x86)/gnu tools arm embedded/7 2017-q4-major/bin/../lib/gcc/arm-none-eabi/7.2.1/../../../../arm-none-eabi/lib/thumb/v7e-m/fpv4-sp/hard\libc_nano.a(lib_a-impure.o)
 .data.__global_locale
                0x20000068      0x16c c:/program files (x86)/gnu tools arm embedded/7 2017-q4-major/bin/../lib/gcc/arm-none-eabi/7.2.1/../../../../arm-none-eabi/lib/thumb/v7e-m/fpv4-sp/hard\libc_nano.a(lib_a-locale.o)
                0x20000068                __global_locale
                0x200001d4                . = ALIGN (0x4)
                0x200001d4                _edata = .
                0x08004d6c                _siccmram = LOADADDR (.ccmram)

.igot.plt       0x200001d4        0x0 load address 0x08004d6c
 .igot.plt      0x200001d4        0x0 c:/program files (x86)/gnu tools arm embedded/7 2017-q4-major/bin/../lib/gcc/arm-none-eabi/7.2.1/thumb/v7e-m/fpv4-sp/hard/crtbegin.o

.ccmram         0x10000000        0x0 load address 0x08004d6c
                0x10000000                . = ALIGN (0x4)
                0x10000000                _sccmram = .
 *(.ccmram)
 *(.ccmram*)
                0x10000000                . = ALIGN (0x4)
                0x10000000                _eccmram = .
                0x10000000                . = ALIGN (0x4)

.bss            0x200001d4      0x2cc
                0x200001d4                _sbss = .
                0x200001d4                __bss_start__ = _sbss
 *(.bss)
 .bss           0x200001d4       0x1c c:/program files (x86)/gnu tools arm embedded/7 2017-q4-major/bin/../lib/gcc/arm-none-eabi/7.2.1/thumb/v7e-m/fpv4-sp/hard/crtbegin.o
 *(.bss*)
 .bss.heap_end.7234
                0x200001f0        0x4 build/syscalls.o
 .bss.__malloc_free_list
                0x200001f4        0x4 c:/program files (x86)/gnu tools arm embedded/7 2017-q4-major/bin/../lib/gcc/arm-none-eabi/7.2.1/../../../../arm-none-eabi/lib/thumb/v7e-m/fpv4-sp/hard\libc_nano.a(lib_a-nano-mallocr.o)
                0x200001f4                __malloc_free_list
 .bss.__malloc_sbrk_start
                0x200001f8        0x4 c:/program files (x86)/gnu tools arm embedded/7 2017-q4-major/bin/../lib/gcc/arm-none-eabi/7.2.1/../../../../arm-none-eabi/lib/thumb/v7e-m/fpv4-sp/hard\libc_nano.a(lib_a-nano-mallocr.o)
                0x200001f8                __malloc_sbrk_start
 *(COMMON)
 COMMON         0x200001fc        0x4 build/stm32f4xx_hal.o
                0x200001fc                uwTick
 COMMON         0x20000200       0xd8 build/adc.o
                0x20000200                hadc2
                0x20000248                hadc1
                0x20000290                hadc3
 COMMON         0x200002d8       0x40 build/usart.o
                0x200002d8                huart1
 COMMON         0x20000318      0x12c build/tim.o
                0x20000318                htim4
                0x20000354                htim5
                0x20000390                htim3
                0x200003cc                htim1
                0x20000408                htim2
 COMMON         0x20000444       0x58 build/spi.o
                0x20000444                hspi2
 COMMON         0x2000049c        0x4 c:/program files (x86)/gnu tools arm embedded/7 2017-q4-major/bin/../lib/gcc/arm-none-eabi/7.2.1/../../../../arm-none-eabi/lib/thumb/v7e-m/fpv4-sp/hard\libc_nano.a(lib_a-reent.o)
                0x2000049c                errno
                0x200004a0                . = ALIGN (0x4)
                0x200004a0                _ebss = .
                0x200004a0                __bss_end__ = _ebss

._user_heap_stack
                0x200004a0      0x600
                0x200004a0                . = ALIGN (0x8)
                0x200004a0                PROVIDE (end, .)
                [!provide]                PROVIDE (_end, .)
                0x200006a0                . = (. + _Min_Heap_Size)
 *fill*         0x200004a0      0x200 
                0x20000aa0                . = (. + _Min_Stack_Size)
 *fill*         0x200006a0      0x400 
                0x20000aa0                . = ALIGN (0x8)

/DISCARD/
 libc.a(*)
 libm.a(*)
 libgcc.a(*)

.ARM.attributes
                0x00000000       0x30
 *(.ARM.attributes)
 .ARM.attributes
                0x00000000       0x22 c:/program files (x86)/gnu tools arm embedded/7 2017-q4-major/bin/../lib/gcc/arm-none-eabi/7.2.1/thumb/v7e-m/fpv4-sp/hard/crti.o
 .ARM.attributes
                0x00000022       0x34 c:/program files (x86)/gnu tools arm embedded/7 2017-q4-major/bin/../lib/gcc/arm-none-eabi/7.2.1/thumb/v7e-m/fpv4-sp/hard/crtbegin.o
 .ARM.attributes
                0x00000056       0x39 build/stm32f4xx_hal_uart.o
 .ARM.attributes
                0x0000008f       0x39 build/stm32f4xx_hal_gpio.o
 .ARM.attributes
                0x000000c8       0x39 build/stm32f4xx_hal.o
 .ARM.attributes
                0x00000101       0x39 build/stm32f4xx_hal_cortex.o
 .ARM.attributes
                0x0000013a       0x39 build/main.o
 .ARM.attributes
                0x00000173       0x39 build/adc.o
 .ARM.attributes
                0x000001ac       0x39 build/stm32f4xx_hal_msp.o
 .ARM.attributes
                0x000001e5       0x39 build/stm32f4xx_hal_tim_ex.o
 .ARM.attributes
                0x0000021e       0x39 build/system_stm32f4xx.o
 .ARM.attributes
                0x00000257       0x39 build/usart.o
 .ARM.attributes
                0x00000290       0x39 build/stm32f4xx_hal_rcc.o
 .ARM.attributes
                0x000002c9       0x39 build/stm32f4xx_hal_adc.o
 .ARM.attributes
                0x00000302       0x39 build/gpio.o
 .ARM.attributes
                0x0000033b       0x39 build/stm32f4xx_it.o
 .ARM.attributes
                0x00000374       0x39 build/stm32f4xx_hal_tim.o
 .ARM.attributes
                0x000003ad       0x39 build/tim.o
 .ARM.attributes
                0x000003e6       0x39 build/stm32f4xx_hal_spi.o
 .ARM.attributes
                0x0000041f       0x39 build/spi.o
 .ARM.attributes
                0x00000458       0x39 build/syscalls.o
 .ARM.attributes
                0x00000491       0x21 build/startup_stm32f405xx.o
 .ARM.attributes
                0x000004b2       0x34 c:/program files (x86)/gnu tools arm embedded/7 2017-q4-major/bin/../lib/gcc/arm-none-eabi/7.2.1/../../../../arm-none-eabi/lib/thumb/v7e-m/fpv4-sp/hard\libc_nano.a(lib_a-errno.o)
 .ARM.attributes
                0x000004e6       0x34 c:/program files (x86)/gnu tools arm embedded/7 2017-q4-major/bin/../lib/gcc/arm-none-eabi/7.2.1/../../../../arm-none-eabi/lib/thumb/v7e-m/fpv4-sp/hard\libc_nano.a(lib_a-impure.o)
 .ARM.attributes
                0x0000051a       0x34 c:/program files (x86)/gnu tools arm embedded/7 2017-q4-major/bin/../lib/gcc/arm-none-eabi/7.2.1/../../../../arm-none-eabi/lib/thumb/v7e-m/fpv4-sp/hard\libc_nano.a(lib_a-init.o)
 .ARM.attributes
                0x0000054e       0x34 c:/program files (x86)/gnu tools arm embedded/7 2017-q4-major/bin/../lib/gcc/arm-none-eabi/7.2.1/../../../../arm-none-eabi/lib/thumb/v7e-m/fpv4-sp/hard\libc_nano.a(lib_a-memset.o)
 .ARM.attributes
                0x00000582       0x34 c:/program files (x86)/gnu tools arm embedded/7 2017-q4-major/bin/../lib/gcc/arm-none-eabi/7.2.1/../../../../arm-none-eabi/lib/thumb/v7e-m/fpv4-sp/hard\libc_nano.a(lib_a-nano-vfprintf_float.o)
 .ARM.attributes
                0x000005b6       0x34 c:/program files (x86)/gnu tools arm embedded/7 2017-q4-major/bin/../lib/gcc/arm-none-eabi/7.2.1/../../../../arm-none-eabi/lib/thumb/v7e-m/fpv4-sp/hard\libc_nano.a(lib_a-nano-vfprintf_i.o)
 .ARM.attributes
                0x000005ea       0x1b c:/program files (x86)/gnu tools arm embedded/7 2017-q4-major/bin/../lib/gcc/arm-none-eabi/7.2.1/../../../../arm-none-eabi/lib/thumb/v7e-m/fpv4-sp/hard\libc_nano.a(lib_a-strlen.o)
 .ARM.attributes
                0x00000605       0x34 c:/program files (x86)/gnu tools arm embedded/7 2017-q4-major/bin/../lib/gcc/arm-none-eabi/7.2.1/../../../../arm-none-eabi/lib/thumb/v7e-m/fpv4-sp/hard\libc_nano.a(lib_a-dtoa.o)
 .ARM.attributes
                0x00000639       0x34 c:/program files (x86)/gnu tools arm embedded/7 2017-q4-major/bin/../lib/gcc/arm-none-eabi/7.2.1/../../../../arm-none-eabi/lib/thumb/v7e-m/fpv4-sp/hard\libc_nano.a(lib_a-localeconv.o)
 .ARM.attributes
                0x0000066d       0x34 c:/program files (x86)/gnu tools arm embedded/7 2017-q4-major/bin/../lib/gcc/arm-none-eabi/7.2.1/../../../../arm-none-eabi/lib/thumb/v7e-m/fpv4-sp/hard\libc_nano.a(lib_a-malloc.o)
 .ARM.attributes
                0x000006a1       0x34 c:/program files (x86)/gnu tools arm embedded/7 2017-q4-major/bin/../lib/gcc/arm-none-eabi/7.2.1/../../../../arm-none-eabi/lib/thumb/v7e-m/fpv4-sp/hard\libc_nano.a(lib_a-memcpy-stub.o)
 .ARM.attributes
                0x000006d5       0x34 c:/program files (x86)/gnu tools arm embedded/7 2017-q4-major/bin/../lib/gcc/arm-none-eabi/7.2.1/../../../../arm-none-eabi/lib/thumb/v7e-m/fpv4-sp/hard\libc_nano.a(lib_a-mprec.o)
 .ARM.attributes
                0x00000709       0x34 c:/program files (x86)/gnu tools arm embedded/7 2017-q4-major/bin/../lib/gcc/arm-none-eabi/7.2.1/../../../../arm-none-eabi/lib/thumb/v7e-m/fpv4-sp/hard\libc_nano.a(lib_a-nano-callocr.o)
 .ARM.attributes
                0x0000073d       0x34 c:/program files (x86)/gnu tools arm embedded/7 2017-q4-major/bin/../lib/gcc/arm-none-eabi/7.2.1/../../../../arm-none-eabi/lib/thumb/v7e-m/fpv4-sp/hard\libc_nano.a(lib_a-nano-mallocr.o)
 .ARM.attributes
                0x00000771       0x34 c:/program files (x86)/gnu tools arm embedded/7 2017-q4-major/bin/../lib/gcc/arm-none-eabi/7.2.1/../../../../arm-none-eabi/lib/thumb/v7e-m/fpv4-sp/hard\libc_nano.a(lib_a-sbrkr.o)
 .ARM.attributes
                0x000007a5       0x34 c:/program files (x86)/gnu tools arm embedded/7 2017-q4-major/bin/../lib/gcc/arm-none-eabi/7.2.1/../../../../arm-none-eabi/lib/thumb/v7e-m/fpv4-sp/hard\libc_nano.a(lib_a-locale.o)
 .ARM.attributes
                0x000007d9       0x34 c:/program files (x86)/gnu tools arm embedded/7 2017-q4-major/bin/../lib/gcc/arm-none-eabi/7.2.1/../../../../arm-none-eabi/lib/thumb/v7e-m/fpv4-sp/hard\libc_nano.a(lib_a-mbtowc_r.o)
 .ARM.attributes
                0x0000080d       0x34 c:/program files (x86)/gnu tools arm embedded/7 2017-q4-major/bin/../lib/gcc/arm-none-eabi/7.2.1/../../../../arm-none-eabi/lib/thumb/v7e-m/fpv4-sp/hard\libc_nano.a(lib_a-mlock.o)
 .ARM.attributes
                0x00000841       0x34 c:/program files (x86)/gnu tools arm embedded/7 2017-q4-major/bin/../lib/gcc/arm-none-eabi/7.2.1/../../../../arm-none-eabi/lib/thumb/v7e-m/fpv4-sp/hard\libc_nano.a(lib_a-reent.o)
 .ARM.attributes
                0x00000875       0x34 c:/program files (x86)/gnu tools arm embedded/7 2017-q4-major/bin/../lib/gcc/arm-none-eabi/7.2.1/../../../../arm-none-eabi/lib/thumb/v7e-m/fpv4-sp/hard\libc_nano.a(lib_a-wctomb_r.o)
 .ARM.attributes
                0x000008a9       0x34 c:/program files (x86)/gnu tools arm embedded/7 2017-q4-major/bin/../lib/gcc/arm-none-eabi/7.2.1/../../../../arm-none-eabi/lib/thumb/v7e-m/fpv4-sp/hard\libc_nano.a(lib_a-ctype_.o)
 .ARM.attributes
                0x000008dd       0x22 c:/program files (x86)/gnu tools arm embedded/7 2017-q4-major/bin/../lib/gcc/arm-none-eabi/7.2.1/thumb/v7e-m/fpv4-sp/hard\libgcc.a(_arm_addsubdf3.o)
 .ARM.attributes
                0x000008ff       0x22 c:/program files (x86)/gnu tools arm embedded/7 2017-q4-major/bin/../lib/gcc/arm-none-eabi/7.2.1/thumb/v7e-m/fpv4-sp/hard\libgcc.a(_arm_muldivdf3.o)
 .ARM.attributes
                0x00000921       0x22 c:/program files (x86)/gnu tools arm embedded/7 2017-q4-major/bin/../lib/gcc/arm-none-eabi/7.2.1/thumb/v7e-m/fpv4-sp/hard\libgcc.a(_arm_cmpdf2.o)
 .ARM.attributes
                0x00000943       0x22 c:/program files (x86)/gnu tools arm embedded/7 2017-q4-major/bin/../lib/gcc/arm-none-eabi/7.2.1/thumb/v7e-m/fpv4-sp/hard\libgcc.a(_arm_unorddf2.o)
 .ARM.attributes
                0x00000965       0x22 c:/program files (x86)/gnu tools arm embedded/7 2017-q4-major/bin/../lib/gcc/arm-none-eabi/7.2.1/thumb/v7e-m/fpv4-sp/hard\libgcc.a(_arm_fixdfsi.o)
 .ARM.attributes
                0x00000987       0x22 c:/program files (x86)/gnu tools arm embedded/7 2017-q4-major/bin/../lib/gcc/arm-none-eabi/7.2.1/thumb/v7e-m/fpv4-sp/hard/crtn.o
OUTPUT(build/orijinal2.elf elf32-littlearm)

.debug_info     0x00000000    0x1d6bd
 .debug_info    0x00000000     0x2172 build/stm32f4xx_hal_uart.o
 .debug_info    0x00002172     0x110f build/stm32f4xx_hal_gpio.o
 .debug_info    0x00003281     0x1330 build/stm32f4xx_hal.o
 .debug_info    0x000045b1     0x1903 build/stm32f4xx_hal_cortex.o
 .debug_info    0x00005eb4     0x1f7b build/main.o
 .debug_info    0x00007e2f     0x165e build/adc.o
 .debug_info    0x0000948d      0xd4e build/stm32f4xx_hal_msp.o
 .debug_info    0x0000a1db     0x1d71 build/stm32f4xx_hal_tim_ex.o
 .debug_info    0x0000bf4c      0xe82 build/system_stm32f4xx.o
 .debug_info    0x0000cdce     0x1367 build/usart.o
 .debug_info    0x0000e135     0x16b9 build/stm32f4xx_hal_rcc.o
 .debug_info    0x0000f7ee     0x1848 build/stm32f4xx_hal_adc.o
 .debug_info    0x00011036     0x12dd build/gpio.o
 .debug_info    0x00012313     0x1090 build/stm32f4xx_it.o
 .debug_info    0x000133a3     0x3a3a build/stm32f4xx_hal_tim.o
 .debug_info    0x00016ddd     0x1f2e build/tim.o
 .debug_info    0x00018d0b     0x2464 build/stm32f4xx_hal_spi.o
 .debug_info    0x0001b16f     0x13e1 build/spi.o
 .debug_info    0x0001c550     0x114b build/syscalls.o
 .debug_info    0x0001d69b       0x22 build/startup_stm32f405xx.o

.debug_abbrev   0x00000000     0x344f
 .debug_abbrev  0x00000000      0x375 build/stm32f4xx_hal_uart.o
 .debug_abbrev  0x00000375      0x2be build/stm32f4xx_hal_gpio.o
 .debug_abbrev  0x00000633      0x345 build/stm32f4xx_hal.o
 .debug_abbrev  0x00000978      0x3dc build/stm32f4xx_hal_cortex.o
 .debug_abbrev  0x00000d54      0x289 build/main.o
 .debug_abbrev  0x00000fdd      0x23b build/adc.o
 .debug_abbrev  0x00001218      0x1ed build/stm32f4xx_hal_msp.o
 .debug_abbrev  0x00001405      0x2f8 build/stm32f4xx_hal_tim_ex.o
 .debug_abbrev  0x000016fd      0x1e6 build/system_stm32f4xx.o
 .debug_abbrev  0x000018e3      0x23b build/usart.o
 .debug_abbrev  0x00001b1e      0x38a build/stm32f4xx_hal_rcc.o
 .debug_abbrev  0x00001ea8      0x355 build/stm32f4xx_hal_adc.o
 .debug_abbrev  0x000021fd      0x22b build/gpio.o
 .debug_abbrev  0x00002428      0x215 build/stm32f4xx_it.o
 .debug_abbrev  0x0000263d      0x310 build/stm32f4xx_hal_tim.o
 .debug_abbrev  0x0000294d      0x2bf build/tim.o
 .debug_abbrev  0x00002c0c      0x323 build/stm32f4xx_hal_spi.o
 .debug_abbrev  0x00002f2f      0x23b build/spi.o
 .debug_abbrev  0x0000316a      0x2d3 build/syscalls.o
 .debug_abbrev  0x0000343d       0x12 build/startup_stm32f405xx.o

.debug_loc      0x00000000     0xbcdf
 .debug_loc     0x00000000     0x1a3f build/stm32f4xx_hal_uart.o
 .debug_loc     0x00001a3f      0x531 build/stm32f4xx_hal_gpio.o
 .debug_loc     0x00001f70      0x129 build/stm32f4xx_hal.o
 .debug_loc     0x00002099      0x65e build/stm32f4xx_hal_cortex.o
 .debug_loc     0x000026f7       0x66 build/main.o
 .debug_loc     0x0000275d      0x208 build/adc.o
 .debug_loc     0x00002965       0x20 build/stm32f4xx_hal_msp.o
 .debug_loc     0x00002985     0x131e build/stm32f4xx_hal_tim_ex.o
 .debug_loc     0x00003ca3      0x13e build/system_stm32f4xx.o
 .debug_loc     0x00003de1       0xd3 build/usart.o
 .debug_loc     0x00003eb4      0x635 build/stm32f4xx_hal_rcc.o
 .debug_loc     0x000044e9      0xbe6 build/stm32f4xx_hal_adc.o
 .debug_loc     0x000050cf      0x1bb build/gpio.o
 .debug_loc     0x0000528a       0x40 build/stm32f4xx_it.o
 .debug_loc     0x000052ca     0x404a build/stm32f4xx_hal_tim.o
 .debug_loc     0x00009314      0x3e2 build/tim.o
 .debug_loc     0x000096f6     0x1ffb build/stm32f4xx_hal_spi.o
 .debug_loc     0x0000b6f1       0xd3 build/spi.o
 .debug_loc     0x0000b7c4      0x51b build/syscalls.o

.debug_aranges  0x00000000      0xe70
 .debug_aranges
                0x00000000      0x1d0 build/stm32f4xx_hal_uart.o
 .debug_aranges
                0x000001d0       0x58 build/stm32f4xx_hal_gpio.o
 .debug_aranges
                0x00000228       0xc8 build/stm32f4xx_hal.o
 .debug_aranges
                0x000002f0       0xa8 build/stm32f4xx_hal_cortex.o
 .debug_aranges
                0x00000398       0x30 build/main.o
 .debug_aranges
                0x000003c8       0x40 build/adc.o
 .debug_aranges
                0x00000408       0x20 build/stm32f4xx_hal_msp.o
 .debug_aranges
                0x00000428      0x140 build/stm32f4xx_hal_tim_ex.o
 .debug_aranges
                0x00000568       0x28 build/system_stm32f4xx.o
 .debug_aranges
                0x00000590       0x30 build/usart.o
 .debug_aranges
                0x000005c0       0x88 build/stm32f4xx_hal_rcc.o
 .debug_aranges
                0x00000648       0xe8 build/stm32f4xx_hal_adc.o
 .debug_aranges
                0x00000730       0x28 build/gpio.o
 .debug_aranges
                0x00000758       0x68 build/stm32f4xx_it.o
 .debug_aranges
                0x000007c0      0x368 build/stm32f4xx_hal_tim.o
 .debug_aranges
                0x00000b28       0x78 build/tim.o
 .debug_aranges
                0x00000ba0      0x1c8 build/stm32f4xx_hal_spi.o
 .debug_aranges
                0x00000d68       0x30 build/spi.o
 .debug_aranges
                0x00000d98       0xb0 build/syscalls.o
 .debug_aranges
                0x00000e48       0x28 build/startup_stm32f405xx.o

.debug_ranges   0x00000000      0xd98
 .debug_ranges  0x00000000      0x1c0 build/stm32f4xx_hal_uart.o
 .debug_ranges  0x000001c0       0x48 build/stm32f4xx_hal_gpio.o
 .debug_ranges  0x00000208       0xb8 build/stm32f4xx_hal.o
 .debug_ranges  0x000002c0       0xf8 build/stm32f4xx_hal_cortex.o
 .debug_ranges  0x000003b8       0x20 build/main.o
 .debug_ranges  0x000003d8       0x30 build/adc.o
 .debug_ranges  0x00000408       0x10 build/stm32f4xx_hal_msp.o
 .debug_ranges  0x00000418      0x130 build/stm32f4xx_hal_tim_ex.o
 .debug_ranges  0x00000548       0x18 build/system_stm32f4xx.o
 .debug_ranges  0x00000560       0x20 build/usart.o
 .debug_ranges  0x00000580       0x78 build/stm32f4xx_hal_rcc.o
 .debug_ranges  0x000005f8       0xd8 build/stm32f4xx_hal_adc.o
 .debug_ranges  0x000006d0       0x18 build/gpio.o
 .debug_ranges  0x000006e8       0x58 build/stm32f4xx_it.o
 .debug_ranges  0x00000740      0x358 build/stm32f4xx_hal_tim.o
 .debug_ranges  0x00000a98       0x68 build/tim.o
 .debug_ranges  0x00000b00      0x1b8 build/stm32f4xx_hal_spi.o
 .debug_ranges  0x00000cb8       0x20 build/spi.o
 .debug_ranges  0x00000cd8       0xa0 build/syscalls.o
 .debug_ranges  0x00000d78       0x20 build/startup_stm32f405xx.o

.debug_line     0x00000000     0x6eb8
 .debug_line    0x00000000      0xbd9 build/stm32f4xx_hal_uart.o
 .debug_line    0x00000bd9      0x410 build/stm32f4xx_hal_gpio.o
 .debug_line    0x00000fe9      0x44f build/stm32f4xx_hal.o
 .debug_line    0x00001438      0x4c2 build/stm32f4xx_hal_cortex.o
 .debug_line    0x000018fa      0x39c build/main.o
 .debug_line    0x00001c96      0x36e build/adc.o
 .debug_line    0x00002004      0x264 build/stm32f4xx_hal_msp.o
 .debug_line    0x00002268      0x878 build/stm32f4xx_hal_tim_ex.o
 .debug_line    0x00002ae0      0x255 build/system_stm32f4xx.o
 .debug_line    0x00002d35      0x2e3 build/usart.o
 .debug_line    0x00003018      0x5f0 build/stm32f4xx_hal_rcc.o
 .debug_line    0x00003608      0x773 build/stm32f4xx_hal_adc.o
 .debug_line    0x00003d7b      0x2af build/gpio.o
 .debug_line    0x0000402a      0x347 build/stm32f4xx_it.o
 .debug_line    0x00004371     0x1332 build/stm32f4xx_hal_tim.o
 .debug_line    0x000056a3      0x46f build/tim.o
 .debug_line    0x00005b12      0xca9 build/stm32f4xx_hal_spi.o
 .debug_line    0x000067bb      0x2e2 build/spi.o
 .debug_line    0x00006a9d      0x3a7 build/syscalls.o
 .debug_line    0x00006e44       0x74 build/startup_stm32f405xx.o

.debug_str      0x00000000     0x4364
 .debug_str     0x00000000      0xefa build/stm32f4xx_hal_uart.o
                               0x1000 (size before relaxing)
 .debug_str     0x00000efa      0x2c0 build/stm32f4xx_hal_gpio.o
                                0x8fe (size before relaxing)
 .debug_str     0x000011ba      0x76d build/stm32f4xx_hal.o
                                0xe93 (size before relaxing)
 .debug_str     0x00001927      0x3c0 build/stm32f4xx_hal_cortex.o
                               0x100c (size before relaxing)
 .debug_str     0x00001ce7      0x6d3 build/main.o
                               0x1703 (size before relaxing)
 .debug_str     0x000023ba       0x9c build/adc.o
                                0xc1d (size before relaxing)
 .debug_str     0x00002456       0x18 build/stm32f4xx_hal_msp.o
                                0xae7 (size before relaxing)
 .debug_str     0x0000246e      0x636 build/stm32f4xx_hal_tim_ex.o
                               0x1083 (size before relaxing)
 .debug_str     0x00002aa4       0x53 build/system_stm32f4xx.o
                                0x762 (size before relaxing)
 .debug_str     0x00002af7       0x17 build/usart.o
                                0xbdc (size before relaxing)
 .debug_str     0x00002b0e      0x123 build/stm32f4xx_hal_rcc.o
                                0xab8 (size before relaxing)
 .debug_str     0x00002c31      0x299 build/stm32f4xx_hal_adc.o
                                0xd65 (size before relaxing)
 .debug_str     0x00002eca       0x13 build/gpio.o
                                0x7a5 (size before relaxing)
 .debug_str     0x00002edd       0xc6 build/stm32f4xx_it.o
                                0xabb (size before relaxing)
 .debug_str     0x00002fa3      0xbe0 build/stm32f4xx_hal_tim.o
                               0x17c3 (size before relaxing)
 .debug_str     0x00003b83       0x61 build/tim.o
                               0x14c5 (size before relaxing)
 .debug_str     0x00003be4      0x4e4 build/stm32f4xx_hal_spi.o
                                0xf88 (size before relaxing)
 .debug_str     0x000040c8       0x14 build/spi.o
                                0xbfb (size before relaxing)
 .debug_str     0x000040dc      0x263 build/syscalls.o
                                0x821 (size before relaxing)
 .debug_str     0x0000433f       0x25 build/startup_stm32f405xx.o
                                 0x49 (size before relaxing)

.comment        0x00000000       0x7e
 .comment       0x00000000       0x7e build/stm32f4xx_hal_uart.o
                                 0x7f (size before relaxing)
 .comment       0x0000007e       0x7f build/stm32f4xx_hal_gpio.o
 .comment       0x0000007e       0x7f build/stm32f4xx_hal.o
 .comment       0x0000007e       0x7f build/stm32f4xx_hal_cortex.o
 .comment       0x0000007e       0x7f build/main.o
 .comment       0x0000007e       0x7f build/adc.o
 .comment       0x0000007e       0x7f build/stm32f4xx_hal_msp.o
 .comment       0x0000007e       0x7f build/stm32f4xx_hal_tim_ex.o
 .comment       0x0000007e       0x7f build/system_stm32f4xx.o
 .comment       0x0000007e       0x7f build/usart.o
 .comment       0x0000007e       0x7f build/stm32f4xx_hal_rcc.o
 .comment       0x0000007e       0x7f build/stm32f4xx_hal_adc.o
 .comment       0x0000007e       0x7f build/gpio.o
 .comment       0x0000007e       0x7f build/stm32f4xx_it.o
 .comment       0x0000007e       0x7f build/stm32f4xx_hal_tim.o
 .comment       0x0000007e       0x7f build/tim.o
 .comment       0x0000007e       0x7f build/stm32f4xx_hal_spi.o
 .comment       0x0000007e       0x7f build/spi.o
 .comment       0x0000007e       0x7f build/syscalls.o

.debug_frame    0x00000000     0x31b4
 .debug_frame   0x00000000      0x57c build/stm32f4xx_hal_uart.o
 .debug_frame   0x0000057c       0xec build/stm32f4xx_hal_gpio.o
 .debug_frame   0x00000668      0x1a8 build/stm32f4xx_hal.o
 .debug_frame   0x00000810      0x16c build/stm32f4xx_hal_cortex.o
 .debug_frame   0x0000097c       0x60 build/main.o
 .debug_frame   0x000009dc       0xac build/adc.o
 .debug_frame   0x00000a88       0x2c build/stm32f4xx_hal_msp.o
 .debug_frame   0x00000ab4      0x3f0 build/stm32f4xx_hal_tim_ex.o
 .debug_frame   0x00000ea4       0x30 build/system_stm32f4xx.o
 .debug_frame   0x00000ed4       0x64 build/usart.o
 .debug_frame   0x00000f38      0x158 build/stm32f4xx_hal_rcc.o
 .debug_frame   0x00001090      0x2b8 build/stm32f4xx_hal_adc.o
 .debug_frame   0x00001348       0x5c build/gpio.o
 .debug_frame   0x000013a4       0xc8 build/stm32f4xx_it.o
 .debug_frame   0x0000146c      0xb0c build/stm32f4xx_hal_tim.o
 .debug_frame   0x00001f78      0x170 build/tim.o
 .debug_frame   0x000020e8      0x5ec build/stm32f4xx_hal_spi.o
 .debug_frame   0x000026d4       0x64 build/spi.o
 .debug_frame   0x00002738      0x1d8 build/syscalls.o
 .debug_frame   0x00002910       0x20 c:/program files (x86)/gnu tools arm embedded/7 2017-q4-major/bin/../lib/gcc/arm-none-eabi/7.2.1/../../../../arm-none-eabi/lib/thumb/v7e-m/fpv4-sp/hard\libc_nano.a(lib_a-errno.o)
 .debug_frame   0x00002930       0x2c c:/program files (x86)/gnu tools arm embedded/7 2017-q4-major/bin/../lib/gcc/arm-none-eabi/7.2.1/../../../../arm-none-eabi/lib/thumb/v7e-m/fpv4-sp/hard\libc_nano.a(lib_a-init.o)
 .debug_frame   0x0000295c       0x20 c:/program files (x86)/gnu tools arm embedded/7 2017-q4-major/bin/../lib/gcc/arm-none-eabi/7.2.1/../../../../arm-none-eabi/lib/thumb/v7e-m/fpv4-sp/hard\libc_nano.a(lib_a-memset.o)
 .debug_frame   0x0000297c       0x8c c:/program files (x86)/gnu tools arm embedded/7 2017-q4-major/bin/../lib/gcc/arm-none-eabi/7.2.1/../../../../arm-none-eabi/lib/thumb/v7e-m/fpv4-sp/hard\libc_nano.a(lib_a-nano-vfprintf_float.o)
 .debug_frame   0x00002a08       0x60 c:/program files (x86)/gnu tools arm embedded/7 2017-q4-major/bin/../lib/gcc/arm-none-eabi/7.2.1/../../../../arm-none-eabi/lib/thumb/v7e-m/fpv4-sp/hard\libc_nano.a(lib_a-nano-vfprintf_i.o)
 .debug_frame   0x00002a68       0x70 c:/program files (x86)/gnu tools arm embedded/7 2017-q4-major/bin/../lib/gcc/arm-none-eabi/7.2.1/../../../../arm-none-eabi/lib/thumb/v7e-m/fpv4-sp/hard\libc_nano.a(lib_a-dtoa.o)
 .debug_frame   0x00002ad8       0x40 c:/program files (x86)/gnu tools arm embedded/7 2017-q4-major/bin/../lib/gcc/arm-none-eabi/7.2.1/../../../../arm-none-eabi/lib/thumb/v7e-m/fpv4-sp/hard\libc_nano.a(lib_a-localeconv.o)
 .debug_frame   0x00002b18       0x30 c:/program files (x86)/gnu tools arm embedded/7 2017-q4-major/bin/../lib/gcc/arm-none-eabi/7.2.1/../../../../arm-none-eabi/lib/thumb/v7e-m/fpv4-sp/hard\libc_nano.a(lib_a-malloc.o)
 .debug_frame   0x00002b48       0x28 c:/program files (x86)/gnu tools arm embedded/7 2017-q4-major/bin/../lib/gcc/arm-none-eabi/7.2.1/../../../../arm-none-eabi/lib/thumb/v7e-m/fpv4-sp/hard\libc_nano.a(lib_a-memcpy-stub.o)
 .debug_frame   0x00002b70      0x244 c:/program files (x86)/gnu tools arm embedded/7 2017-q4-major/bin/../lib/gcc/arm-none-eabi/7.2.1/../../../../arm-none-eabi/lib/thumb/v7e-m/fpv4-sp/hard\libc_nano.a(lib_a-mprec.o)
 .debug_frame   0x00002db4       0x2c c:/program files (x86)/gnu tools arm embedded/7 2017-q4-major/bin/../lib/gcc/arm-none-eabi/7.2.1/../../../../arm-none-eabi/lib/thumb/v7e-m/fpv4-sp/hard\libc_nano.a(lib_a-nano-callocr.o)
 .debug_frame   0x00002de0       0x2c c:/program files (x86)/gnu tools arm embedded/7 2017-q4-major/bin/../lib/gcc/arm-none-eabi/7.2.1/../../../../arm-none-eabi/lib/thumb/v7e-m/fpv4-sp/hard\libc_nano.a(lib_a-nano-mallocr.o)
 .debug_frame   0x00002e0c       0x2c c:/program files (x86)/gnu tools arm embedded/7 2017-q4-major/bin/../lib/gcc/arm-none-eabi/7.2.1/../../../../arm-none-eabi/lib/thumb/v7e-m/fpv4-sp/hard\libc_nano.a(lib_a-sbrkr.o)
 .debug_frame   0x00002e38       0x68 c:/program files (x86)/gnu tools arm embedded/7 2017-q4-major/bin/../lib/gcc/arm-none-eabi/7.2.1/../../../../arm-none-eabi/lib/thumb/v7e-m/fpv4-sp/hard\libc_nano.a(lib_a-locale.o)
 .debug_frame   0x00002ea0       0x48 c:/program files (x86)/gnu tools arm embedded/7 2017-q4-major/bin/../lib/gcc/arm-none-eabi/7.2.1/../../../../arm-none-eabi/lib/thumb/v7e-m/fpv4-sp/hard\libc_nano.a(lib_a-mbtowc_r.o)
 .debug_frame   0x00002ee8       0x30 c:/program files (x86)/gnu tools arm embedded/7 2017-q4-major/bin/../lib/gcc/arm-none-eabi/7.2.1/../../../../arm-none-eabi/lib/thumb/v7e-m/fpv4-sp/hard\libc_nano.a(lib_a-mlock.o)
 .debug_frame   0x00002f18       0x5c c:/program files (x86)/gnu tools arm embedded/7 2017-q4-major/bin/../lib/gcc/arm-none-eabi/7.2.1/../../../../arm-none-eabi/lib/thumb/v7e-m/fpv4-sp/hard\libc_nano.a(lib_a-reent.o)
 .debug_frame   0x00002f74       0x3c c:/program files (x86)/gnu tools arm embedded/7 2017-q4-major/bin/../lib/gcc/arm-none-eabi/7.2.1/../../../../arm-none-eabi/lib/thumb/v7e-m/fpv4-sp/hard\libc_nano.a(lib_a-wctomb_r.o)
 .debug_frame   0x00002fb0       0xac c:/program files (x86)/gnu tools arm embedded/7 2017-q4-major/bin/../lib/gcc/arm-none-eabi/7.2.1/thumb/v7e-m/fpv4-sp/hard\libgcc.a(_arm_addsubdf3.o)
 .debug_frame   0x0000305c       0x50 c:/program files (x86)/gnu tools arm embedded/7 2017-q4-major/bin/../lib/gcc/arm-none-eabi/7.2.1/thumb/v7e-m/fpv4-sp/hard\libgcc.a(_arm_muldivdf3.o)
 .debug_frame   0x000030ac       0xc4 c:/program files (x86)/gnu tools arm embedded/7 2017-q4-major/bin/../lib/gcc/arm-none-eabi/7.2.1/thumb/v7e-m/fpv4-sp/hard\libgcc.a(_arm_cmpdf2.o)
 .debug_frame   0x00003170       0x20 c:/program files (x86)/gnu tools arm embedded/7 2017-q4-major/bin/../lib/gcc/arm-none-eabi/7.2.1/thumb/v7e-m/fpv4-sp/hard\libgcc.a(_arm_unorddf2.o)
 .debug_frame   0x00003190       0x24 c:/program files (x86)/gnu tools arm embedded/7 2017-q4-major/bin/../lib/gcc/arm-none-eabi/7.2.1/thumb/v7e-m/fpv4-sp/hard\libgcc.a(_arm_fixdfsi.o)

Cross Reference Table

Symbol                                            File
ADC_IRQHandler                                    build/startup_stm32f405xx.o
AHBPrescTable                                     build/system_stm32f4xx.o
                                                  build/stm32f4xx_hal_rcc.o
APBPrescTable                                     build/system_stm32f4xx.o
                                                  build/stm32f4xx_hal_rcc.o
BusFault_Handler                                  build/stm32f4xx_it.o
CAN1_RX0_IRQHandler                               build/startup_stm32f405xx.o
CAN1_RX1_IRQHandler                               build/startup_stm32f405xx.o
CAN1_SCE_IRQHandler                               build/startup_stm32f405xx.o
CAN1_TX_IRQHandler                                build/startup_stm32f405xx.o
CAN2_RX0_IRQHandler                               build/startup_stm32f405xx.o
CAN2_RX1_IRQHandler                               build/startup_stm32f405xx.o
CAN2_SCE_IRQHandler                               build/startup_stm32f405xx.o
CAN2_TX_IRQHandler                                build/startup_stm32f405xx.o
DMA1_Stream0_IRQHandler                           build/startup_stm32f405xx.o
DMA1_Stream1_IRQHandler                           build/startup_stm32f405xx.o
DMA1_Stream2_IRQHandler                           build/startup_stm32f405xx.o
DMA1_Stream3_IRQHandler                           build/startup_stm32f405xx.o
DMA1_Stream4_IRQHandler                           build/startup_stm32f405xx.o
DMA1_Stream5_IRQHandler                           build/startup_stm32f405xx.o
DMA1_Stream6_IRQHandler                           build/startup_stm32f405xx.o
DMA1_Stream7_IRQHandler                           build/startup_stm32f405xx.o
DMA2_Stream0_IRQHandler                           build/startup_stm32f405xx.o
DMA2_Stream1_IRQHandler                           build/startup_stm32f405xx.o
DMA2_Stream2_IRQHandler                           build/startup_stm32f405xx.o
DMA2_Stream3_IRQHandler                           build/startup_stm32f405xx.o
DMA2_Stream4_IRQHandler                           build/startup_stm32f405xx.o
DMA2_Stream5_IRQHandler                           build/startup_stm32f405xx.o
DMA2_Stream6_IRQHandler                           build/startup_stm32f405xx.o
DMA2_Stream7_IRQHandler                           build/startup_stm32f405xx.o
DebugMon_Handler                                  build/stm32f4xx_it.o
Default_Handler                                   build/startup_stm32f405xx.o
EXTI0_IRQHandler                                  build/startup_stm32f405xx.o
EXTI15_10_IRQHandler                              build/startup_stm32f405xx.o
EXTI1_IRQHandler                                  build/startup_stm32f405xx.o
EXTI2_IRQHandler                                  build/startup_stm32f405xx.o
EXTI3_IRQHandler                                  build/startup_stm32f405xx.o
EXTI4_IRQHandler                                  build/startup_stm32f405xx.o
EXTI9_5_IRQHandler                                build/startup_stm32f405xx.o
FLASH_Erase_Sector                                build/stm32f4xx_hal_flash_ex.o
                                                  build/stm32f4xx_hal_flash.o
FLASH_FlushCaches                                 build/stm32f4xx_hal_flash_ex.o
                                                  build/stm32f4xx_hal_flash.o
FLASH_IRQHandler                                  build/startup_stm32f405xx.o
FLASH_WaitForLastOperation                        build/stm32f4xx_hal_flash.o
                                                  build/stm32f4xx_hal_flash_ex.o
FPU_IRQHandler                                    build/startup_stm32f405xx.o
FSMC_IRQHandler                                   build/startup_stm32f405xx.o
HAL_ADCEx_InjectedConfigChannel                   build/stm32f4xx_hal_adc_ex.o
HAL_ADCEx_InjectedConvCpltCallback                build/stm32f4xx_hal_adc_ex.o
                                                  build/stm32f4xx_hal_adc.o
HAL_ADCEx_InjectedGetValue                        build/stm32f4xx_hal_adc_ex.o
HAL_ADCEx_InjectedPollForConversion               build/stm32f4xx_hal_adc_ex.o
HAL_ADCEx_InjectedStart                           build/stm32f4xx_hal_adc_ex.o
HAL_ADCEx_InjectedStart_IT                        build/stm32f4xx_hal_adc_ex.o
HAL_ADCEx_InjectedStop                            build/stm32f4xx_hal_adc_ex.o
HAL_ADCEx_InjectedStop_IT                         build/stm32f4xx_hal_adc_ex.o
HAL_ADCEx_MultiModeConfigChannel                  build/stm32f4xx_hal_adc_ex.o
HAL_ADCEx_MultiModeGetValue                       build/stm32f4xx_hal_adc_ex.o
HAL_ADCEx_MultiModeStart_DMA                      build/stm32f4xx_hal_adc_ex.o
HAL_ADCEx_MultiModeStop_DMA                       build/stm32f4xx_hal_adc_ex.o
HAL_ADC_AnalogWDGConfig                           build/stm32f4xx_hal_adc.o
HAL_ADC_ConfigChannel                             build/stm32f4xx_hal_adc.o
                                                  build/adc.o
HAL_ADC_ConvCpltCallback                          build/stm32f4xx_hal_adc.o
                                                  build/stm32f4xx_hal_adc_ex.o
HAL_ADC_ConvHalfCpltCallback                      build/stm32f4xx_hal_adc.o
                                                  build/stm32f4xx_hal_adc_ex.o
HAL_ADC_DeInit                                    build/stm32f4xx_hal_adc.o
HAL_ADC_ErrorCallback                             build/stm32f4xx_hal_adc.o
                                                  build/stm32f4xx_hal_adc_ex.o
HAL_ADC_GetError                                  build/stm32f4xx_hal_adc.o
HAL_ADC_GetState                                  build/stm32f4xx_hal_adc.o
HAL_ADC_GetValue                                  build/stm32f4xx_hal_adc.o
HAL_ADC_IRQHandler                                build/stm32f4xx_hal_adc.o
HAL_ADC_Init                                      build/stm32f4xx_hal_adc.o
                                                  build/adc.o
HAL_ADC_LevelOutOfWindowCallback                  build/stm32f4xx_hal_adc.o
HAL_ADC_MspDeInit                                 build/adc.o
HAL_ADC_MspInit                                   build/adc.o
HAL_ADC_PollForConversion                         build/stm32f4xx_hal_adc.o
HAL_ADC_PollForEvent                              build/stm32f4xx_hal_adc.o
HAL_ADC_Start                                     build/stm32f4xx_hal_adc.o
HAL_ADC_Start_DMA                                 build/stm32f4xx_hal_adc.o
HAL_ADC_Start_IT                                  build/stm32f4xx_hal_adc.o
HAL_ADC_Stop                                      build/stm32f4xx_hal_adc.o
HAL_ADC_Stop_DMA                                  build/stm32f4xx_hal_adc.o
HAL_ADC_Stop_IT                                   build/stm32f4xx_hal_adc.o
HAL_DBGMCU_DisableDBGSleepMode                    build/stm32f4xx_hal.o
HAL_DBGMCU_DisableDBGStandbyMode                  build/stm32f4xx_hal.o
HAL_DBGMCU_DisableDBGStopMode                     build/stm32f4xx_hal.o
HAL_DBGMCU_EnableDBGSleepMode                     build/stm32f4xx_hal.o
HAL_DBGMCU_EnableDBGStandbyMode                   build/stm32f4xx_hal.o
HAL_DBGMCU_EnableDBGStopMode                      build/stm32f4xx_hal.o
HAL_DMAEx_ChangeMemory                            build/stm32f4xx_hal_dma_ex.o
HAL_DMAEx_MultiBufferStart                        build/stm32f4xx_hal_dma_ex.o
HAL_DMAEx_MultiBufferStart_IT                     build/stm32f4xx_hal_dma_ex.o
HAL_DMA_Abort                                     build/stm32f4xx_hal_dma.o
                                                  build/stm32f4xx_hal_spi.o
                                                  build/stm32f4xx_hal_tim.o
                                                  build/stm32f4xx_hal_adc.o
                                                  build/stm32f4xx_hal_uart.o
                                                  build/stm32f4xx_hal_adc_ex.o
HAL_DMA_Abort_IT                                  build/stm32f4xx_hal_dma.o
                                                  build/stm32f4xx_hal_spi.o
                                                  build/stm32f4xx_hal_uart.o
HAL_DMA_DeInit                                    build/stm32f4xx_hal_dma.o
HAL_DMA_GetError                                  build/stm32f4xx_hal_dma.o
HAL_DMA_GetState                                  build/stm32f4xx_hal_dma.o
HAL_DMA_IRQHandler                                build/stm32f4xx_hal_dma.o
HAL_DMA_Init                                      build/stm32f4xx_hal_dma.o
HAL_DMA_PollForTransfer                           build/stm32f4xx_hal_dma.o
HAL_DMA_RegisterCallback                          build/stm32f4xx_hal_dma.o
HAL_DMA_Start                                     build/stm32f4xx_hal_dma.o
HAL_DMA_Start_IT                                  build/stm32f4xx_hal_dma.o
                                                  build/stm32f4xx_hal_spi.o
                                                  build/stm32f4xx_hal_tim.o
                                                  build/stm32f4xx_hal_adc.o
                                                  build/stm32f4xx_hal_tim_ex.o
                                                  build/stm32f4xx_hal_uart.o
                                                  build/stm32f4xx_hal_adc_ex.o
HAL_DMA_UnRegisterCallback                        build/stm32f4xx_hal_dma.o
HAL_DeInit                                        build/stm32f4xx_hal.o
HAL_Delay                                         build/stm32f4xx_hal.o
HAL_DisableCompensationCell                       build/stm32f4xx_hal.o
HAL_EnableCompensationCell                        build/stm32f4xx_hal.o
HAL_FLASHEx_Erase                                 build/stm32f4xx_hal_flash_ex.o
HAL_FLASHEx_Erase_IT                              build/stm32f4xx_hal_flash_ex.o
HAL_FLASHEx_OBGetConfig                           build/stm32f4xx_hal_flash_ex.o
HAL_FLASHEx_OBProgram                             build/stm32f4xx_hal_flash_ex.o
HAL_FLASH_EndOfOperationCallback                  build/stm32f4xx_hal_flash.o
HAL_FLASH_GetError                                build/stm32f4xx_hal_flash.o
HAL_FLASH_IRQHandler                              build/stm32f4xx_hal_flash.o
HAL_FLASH_Lock                                    build/stm32f4xx_hal_flash.o
HAL_FLASH_OB_Launch                               build/stm32f4xx_hal_flash.o
HAL_FLASH_OB_Lock                                 build/stm32f4xx_hal_flash.o
HAL_FLASH_OB_Unlock                               build/stm32f4xx_hal_flash.o
HAL_FLASH_OperationErrorCallback                  build/stm32f4xx_hal_flash.o
HAL_FLASH_Program                                 build/stm32f4xx_hal_flash.o
HAL_FLASH_Program_IT                              build/stm32f4xx_hal_flash.o
HAL_FLASH_Unlock                                  build/stm32f4xx_hal_flash.o
HAL_GPIO_DeInit                                   build/stm32f4xx_hal_gpio.o
                                                  build/spi.o
                                                  build/tim.o
                                                  build/usart.o
                                                  build/adc.o
HAL_GPIO_EXTI_Callback                            build/stm32f4xx_hal_gpio.o
HAL_GPIO_EXTI_IRQHandler                          build/stm32f4xx_hal_gpio.o
HAL_GPIO_Init                                     build/stm32f4xx_hal_gpio.o
                                                  build/spi.o
                                                  build/tim.o
                                                  build/gpio.o
                                                  build/stm32f4xx_hal_rcc.o
                                                  build/usart.o
                                                  build/adc.o
HAL_GPIO_LockPin                                  build/stm32f4xx_hal_gpio.o
HAL_GPIO_ReadPin                                  build/stm32f4xx_hal_gpio.o
HAL_GPIO_TogglePin                                build/stm32f4xx_hal_gpio.o
HAL_GPIO_WritePin                                 build/stm32f4xx_hal_gpio.o
                                                  build/gpio.o
HAL_GetDEVID                                      build/stm32f4xx_hal.o
HAL_GetHalVersion                                 build/stm32f4xx_hal.o
HAL_GetREVID                                      build/stm32f4xx_hal.o
HAL_GetTick                                       build/stm32f4xx_hal.o
                                                  build/stm32f4xx_hal_dma.o
                                                  build/stm32f4xx_hal_spi.o
                                                  build/stm32f4xx_hal_flash.o
                                                  build/stm32f4xx_hal_adc.o
                                                  build/stm32f4xx_hal_rcc.o
                                                  build/stm32f4xx_hal_rcc_ex.o
                                                  build/stm32f4xx_hal_pwr_ex.o
                                                  build/stm32f4xx_hal_uart.o
                                                  build/stm32f4xx_hal_adc_ex.o
HAL_GetUID                                        build/stm32f4xx_hal.o
HAL_HalfDuplex_EnableReceiver                     build/stm32f4xx_hal_uart.o
HAL_HalfDuplex_EnableTransmitter                  build/stm32f4xx_hal_uart.o
HAL_HalfDuplex_Init                               build/stm32f4xx_hal_uart.o
HAL_IncTick                                       build/stm32f4xx_hal.o
                                                  build/stm32f4xx_it.o
HAL_Init                                          build/stm32f4xx_hal.o
                                                  build/main.o
HAL_InitTick                                      build/stm32f4xx_hal.o
                                                  build/stm32f4xx_hal_rcc.o
HAL_LIN_Init                                      build/stm32f4xx_hal_uart.o
HAL_LIN_SendBreak                                 build/stm32f4xx_hal_uart.o
HAL_MPU_ConfigRegion                              build/stm32f4xx_hal_cortex.o
HAL_MPU_Disable                                   build/stm32f4xx_hal_cortex.o
HAL_MPU_Enable                                    build/stm32f4xx_hal_cortex.o
HAL_MspDeInit                                     build/stm32f4xx_hal.o
HAL_MspInit                                       build/stm32f4xx_hal_msp.o
                                                  build/stm32f4xx_hal.o
HAL_MultiProcessor_EnterMuteMode                  build/stm32f4xx_hal_uart.o
HAL_MultiProcessor_ExitMuteMode                   build/stm32f4xx_hal_uart.o
HAL_MultiProcessor_Init                           build/stm32f4xx_hal_uart.o
HAL_NVIC_ClearPendingIRQ                          build/stm32f4xx_hal_cortex.o
HAL_NVIC_DisableIRQ                               build/stm32f4xx_hal_cortex.o
                                                  build/tim.o
HAL_NVIC_EnableIRQ                                build/stm32f4xx_hal_cortex.o
                                                  build/tim.o
HAL_NVIC_GetActive                                build/stm32f4xx_hal_cortex.o
HAL_NVIC_GetPendingIRQ                            build/stm32f4xx_hal_cortex.o
HAL_NVIC_GetPriority                              build/stm32f4xx_hal_cortex.o
HAL_NVIC_GetPriorityGrouping                      build/stm32f4xx_hal_cortex.o
HAL_NVIC_SetPendingIRQ                            build/stm32f4xx_hal_cortex.o
HAL_NVIC_SetPriority                              build/stm32f4xx_hal_cortex.o
                                                  build/tim.o
                                                  build/stm32f4xx_hal_msp.o
                                                  build/main.o
                                                  build/stm32f4xx_hal.o
HAL_NVIC_SetPriorityGrouping                      build/stm32f4xx_hal_cortex.o
                                                  build/stm32f4xx_hal_msp.o
                                                  build/stm32f4xx_hal.o
HAL_NVIC_SystemReset                              build/stm32f4xx_hal_cortex.o
HAL_PWREx_ControlVoltageScaling                   build/stm32f4xx_hal_pwr_ex.o
HAL_PWREx_DisableBkUpReg                          build/stm32f4xx_hal_pwr_ex.o
HAL_PWREx_DisableFlashPowerDown                   build/stm32f4xx_hal_pwr_ex.o
HAL_PWREx_EnableBkUpReg                           build/stm32f4xx_hal_pwr_ex.o
HAL_PWREx_EnableFlashPowerDown                    build/stm32f4xx_hal_pwr_ex.o
HAL_PWREx_GetVoltageRange                         build/stm32f4xx_hal_pwr_ex.o
HAL_PWR_ConfigPVD                                 build/stm32f4xx_hal_pwr.o
HAL_PWR_DeInit                                    build/stm32f4xx_hal_pwr.o
HAL_PWR_DisableBkUpAccess                         build/stm32f4xx_hal_pwr.o
HAL_PWR_DisablePVD                                build/stm32f4xx_hal_pwr.o
HAL_PWR_DisableSEVOnPend                          build/stm32f4xx_hal_pwr.o
HAL_PWR_DisableSleepOnExit                        build/stm32f4xx_hal_pwr.o
HAL_PWR_DisableWakeUpPin                          build/stm32f4xx_hal_pwr.o
HAL_PWR_EnableBkUpAccess                          build/stm32f4xx_hal_pwr.o
HAL_PWR_EnablePVD                                 build/stm32f4xx_hal_pwr.o
HAL_PWR_EnableSEVOnPend                           build/stm32f4xx_hal_pwr.o
HAL_PWR_EnableSleepOnExit                         build/stm32f4xx_hal_pwr.o
HAL_PWR_EnableWakeUpPin                           build/stm32f4xx_hal_pwr.o
HAL_PWR_EnterSLEEPMode                            build/stm32f4xx_hal_pwr.o
HAL_PWR_EnterSTANDBYMode                          build/stm32f4xx_hal_pwr.o
HAL_PWR_EnterSTOPMode                             build/stm32f4xx_hal_pwr.o
HAL_PWR_PVDCallback                               build/stm32f4xx_hal_pwr.o
HAL_PWR_PVD_IRQHandler                            build/stm32f4xx_hal_pwr.o
HAL_RCCEx_GetPeriphCLKConfig                      build/stm32f4xx_hal_rcc_ex.o
HAL_RCCEx_GetPeriphCLKFreq                        build/stm32f4xx_hal_rcc_ex.o
HAL_RCCEx_PeriphCLKConfig                         build/stm32f4xx_hal_rcc_ex.o
HAL_RCC_CSSCallback                               build/stm32f4xx_hal_rcc.o
HAL_RCC_ClockConfig                               build/stm32f4xx_hal_rcc.o
                                                  build/main.o
HAL_RCC_DeInit                                    build/stm32f4xx_hal_rcc_ex.o
HAL_RCC_DisableCSS                                build/stm32f4xx_hal_rcc.o
HAL_RCC_EnableCSS                                 build/stm32f4xx_hal_rcc.o
HAL_RCC_GetClockConfig                            build/stm32f4xx_hal_rcc.o
HAL_RCC_GetHCLKFreq                               build/stm32f4xx_hal_rcc.o
                                                  build/main.o
HAL_RCC_GetOscConfig                              build/stm32f4xx_hal_rcc.o
HAL_RCC_GetPCLK1Freq                              build/stm32f4xx_hal_rcc.o
                                                  build/stm32f4xx_hal_uart.o
HAL_RCC_GetPCLK2Freq                              build/stm32f4xx_hal_rcc.o
                                                  build/stm32f4xx_hal_uart.o
HAL_RCC_GetSysClockFreq                           build/stm32f4xx_hal_rcc.o
HAL_RCC_MCOConfig                                 build/stm32f4xx_hal_rcc.o
HAL_RCC_NMI_IRQHandler                            build/stm32f4xx_hal_rcc.o
HAL_RCC_OscConfig                                 build/stm32f4xx_hal_rcc.o
                                                  build/main.o
HAL_ResumeTick                                    build/stm32f4xx_hal.o
HAL_SPI_Abort                                     build/stm32f4xx_hal_spi.o
HAL_SPI_AbortCpltCallback                         build/stm32f4xx_hal_spi.o
HAL_SPI_Abort_IT                                  build/stm32f4xx_hal_spi.o
HAL_SPI_DMAPause                                  build/stm32f4xx_hal_spi.o
HAL_SPI_DMAResume                                 build/stm32f4xx_hal_spi.o
HAL_SPI_DMAStop                                   build/stm32f4xx_hal_spi.o
HAL_SPI_DeInit                                    build/stm32f4xx_hal_spi.o
HAL_SPI_ErrorCallback                             build/stm32f4xx_hal_spi.o
HAL_SPI_GetError                                  build/stm32f4xx_hal_spi.o
HAL_SPI_GetState                                  build/stm32f4xx_hal_spi.o
HAL_SPI_IRQHandler                                build/stm32f4xx_hal_spi.o
HAL_SPI_Init                                      build/stm32f4xx_hal_spi.o
                                                  build/spi.o
HAL_SPI_MspDeInit                                 build/spi.o
                                                  build/stm32f4xx_hal_spi.o
HAL_SPI_MspInit                                   build/spi.o
                                                  build/stm32f4xx_hal_spi.o
HAL_SPI_Receive                                   build/stm32f4xx_hal_spi.o
HAL_SPI_Receive_DMA                               build/stm32f4xx_hal_spi.o
HAL_SPI_Receive_IT                                build/stm32f4xx_hal_spi.o
HAL_SPI_RxCpltCallback                            build/stm32f4xx_hal_spi.o
HAL_SPI_RxHalfCpltCallback                        build/stm32f4xx_hal_spi.o
HAL_SPI_Transmit                                  build/stm32f4xx_hal_spi.o
HAL_SPI_TransmitReceive                           build/stm32f4xx_hal_spi.o
HAL_SPI_TransmitReceive_DMA                       build/stm32f4xx_hal_spi.o
HAL_SPI_TransmitReceive_IT                        build/stm32f4xx_hal_spi.o
HAL_SPI_Transmit_DMA                              build/stm32f4xx_hal_spi.o
HAL_SPI_Transmit_IT                               build/stm32f4xx_hal_spi.o
HAL_SPI_TxCpltCallback                            build/stm32f4xx_hal_spi.o
HAL_SPI_TxHalfCpltCallback                        build/stm32f4xx_hal_spi.o
HAL_SPI_TxRxCpltCallback                          build/stm32f4xx_hal_spi.o
HAL_SPI_TxRxHalfCpltCallback                      build/stm32f4xx_hal_spi.o
HAL_SYSTICK_CLKSourceConfig                       build/stm32f4xx_hal_cortex.o
                                                  build/main.o
HAL_SYSTICK_Callback                              build/stm32f4xx_hal_cortex.o
HAL_SYSTICK_Config                                build/stm32f4xx_hal_cortex.o
                                                  build/main.o
                                                  build/stm32f4xx_hal.o
HAL_SYSTICK_IRQHandler                            build/stm32f4xx_hal_cortex.o
                                                  build/stm32f4xx_it.o
HAL_SuspendTick                                   build/stm32f4xx_hal.o
HAL_TIMEx_BreakCallback                           build/stm32f4xx_hal_tim_ex.o
                                                  build/stm32f4xx_hal_tim.o
HAL_TIMEx_CommutationCallback                     build/stm32f4xx_hal_tim_ex.o
                                                  build/stm32f4xx_hal_tim.o
HAL_TIMEx_ConfigBreakDeadTime                     build/stm32f4xx_hal_tim_ex.o
                                                  build/tim.o
HAL_TIMEx_ConfigCommutationEvent                  build/stm32f4xx_hal_tim_ex.o
HAL_TIMEx_ConfigCommutationEvent_DMA              build/stm32f4xx_hal_tim_ex.o
HAL_TIMEx_ConfigCommutationEvent_IT               build/stm32f4xx_hal_tim_ex.o
HAL_TIMEx_HallSensor_DeInit                       build/stm32f4xx_hal_tim_ex.o
HAL_TIMEx_HallSensor_GetState                     build/stm32f4xx_hal_tim_ex.o
HAL_TIMEx_HallSensor_Init                         build/stm32f4xx_hal_tim_ex.o
HAL_TIMEx_HallSensor_MspDeInit                    build/stm32f4xx_hal_tim_ex.o
HAL_TIMEx_HallSensor_MspInit                      build/stm32f4xx_hal_tim_ex.o
HAL_TIMEx_HallSensor_Start                        build/stm32f4xx_hal_tim_ex.o
HAL_TIMEx_HallSensor_Start_DMA                    build/stm32f4xx_hal_tim_ex.o
HAL_TIMEx_HallSensor_Start_IT                     build/stm32f4xx_hal_tim_ex.o
HAL_TIMEx_HallSensor_Stop                         build/stm32f4xx_hal_tim_ex.o
HAL_TIMEx_HallSensor_Stop_DMA                     build/stm32f4xx_hal_tim_ex.o
HAL_TIMEx_HallSensor_Stop_IT                      build/stm32f4xx_hal_tim_ex.o
HAL_TIMEx_MasterConfigSynchronization             build/stm32f4xx_hal_tim_ex.o
                                                  build/tim.o
HAL_TIMEx_OCN_Start                               build/stm32f4xx_hal_tim_ex.o
HAL_TIMEx_OCN_Start_DMA                           build/stm32f4xx_hal_tim_ex.o
HAL_TIMEx_OCN_Start_IT                            build/stm32f4xx_hal_tim_ex.o
HAL_TIMEx_OCN_Stop                                build/stm32f4xx_hal_tim_ex.o
HAL_TIMEx_OCN_Stop_DMA                            build/stm32f4xx_hal_tim_ex.o
HAL_TIMEx_OCN_Stop_IT                             build/stm32f4xx_hal_tim_ex.o
HAL_TIMEx_OnePulseN_Start                         build/stm32f4xx_hal_tim_ex.o
HAL_TIMEx_OnePulseN_Start_IT                      build/stm32f4xx_hal_tim_ex.o
HAL_TIMEx_OnePulseN_Stop                          build/stm32f4xx_hal_tim_ex.o
HAL_TIMEx_OnePulseN_Stop_IT                       build/stm32f4xx_hal_tim_ex.o
HAL_TIMEx_PWMN_Start                              build/stm32f4xx_hal_tim_ex.o
HAL_TIMEx_PWMN_Start_DMA                          build/stm32f4xx_hal_tim_ex.o
HAL_TIMEx_PWMN_Start_IT                           build/stm32f4xx_hal_tim_ex.o
HAL_TIMEx_PWMN_Stop                               build/stm32f4xx_hal_tim_ex.o